  s02  audio  10.95s  scena  10.95s  scarto    0 ms
  s03  audio  11.46s  scena  11.47s  scarto   10 ms
  s04  audio   4.60s  scena   4.60s  scarto    0 ms
  s05  audio  12.08s  scena  12.08s  scarto    0 ms
  s06  audio  12.52s  scena  12.52s  scarto    0 ms
  s07  audio  10.04s  scena  10.04s  scarto    0 ms
  s08  audio  11.03s  scena  11.04s  scarto   10 ms
  s09  audio   8.24s  scena   8.24s  scarto    0 ms
  s10  audio   7.79s  scena   7.80s  scarto   10 ms
  s11  audio   9.22s  scena   9.24s  scarto   20 ms
  s12  audio   4.94s  scena   4.94s  scarto    0 ms
  s13  audio  12.03s  scena  12.04s  scarto   10 ms
  s14  audio   9.84s  scena   9.84s  scarto    0 ms
  s15  audio   9.12s  scena   9.12s  scarto    0 ms
  s16  audio   9.28s  scena   9.28s  scarto    0 ms
  s17  audio  10.17s  scena  10.16s  scarto   10 ms
  s18  audio   9.35s  scena   9.35s  scarto    0 ms
  s19  audio   7.76s  scena   7.76s  scarto    0 ms
  s20  audio   4.60s  scena   4.60s  scarto    0 ms
  s21  audio  10.52s  scena  10.52s  scarto    0 ms
  s22  audio   6.75s  scena   6.75s  scarto    0 ms
  s23  audio  12.71s  scena  12.72s  scarto   10 ms
  s24  audio  10.27s  scena  10.28s  scarto   10 ms
  s25  audio  11.64s  scena  11.64s  scarto    0 ms
  s26  audio   9.45s  scena   9.44s  scarto   10 ms
  s27  audio  12.37s  scena  12.36s  scarto   10 ms
  s28  audio  10.77s  scena  10.76s  scarto   10 ms
  s29  audio   8.94s  scena   8.96s  scarto   20 ms
  s30  audio  12.15s  scena  12.16s  scarto   10 ms
  s31  audio   9.70s  scena   9.70s  scarto    0 ms
  s32  audio   8.78s  scena   8.80s  scarto   20 ms
  s33  audio   5.66s  scena   5.66s  scarto    0 ms
  s34  audio  11.92s  scena  11.92s  scarto    0 ms
  s35  audio   9.98s  scena   9.98s  scarto    0 ms
  s36  audio  11.12s  scena  11.12s  scarto    0 ms
  s37  audio  10.54s  scena  10.54s  scarto    0 ms
  s38  audio   8.78s  scena   8.80s  scarto   20 ms
  s39  audio   8.47s  scena   8.47s  scarto    0 ms
  s40  audio  10.17s  scena  10.16s  scarto   10 ms
  s41  audio  10.77s  scena  10.76s  scarto   10 ms
  s42  audio   8.55s  scena   8.56s  scarto   10 ms
  s43  audio   4.60s  scena   4.60s  scarto    0 ms
  s44  audio  16.77s  scena  16.76s  scarto   10 ms
  s45  audio  13.83s  scena  13.83s  scarto    0 ms
  s46  audio  10.62s  scena  10.63s  scarto   10 ms
  s47  audio  10.01s  scena  10.00s  scarto   10 ms
  s48  audio   8.08s  scena   8.08s  scarto    0 ms

49 scene · parlato 459.0 s · con copertina 3 s e chiusura 10 s → 7:52.0
scarto massimo audio/video: 20 ms su s29
montato-7.1.mp4  7:52.31  17 MB
montato-7.1.srt  47 sottotitoli
:0[0x1](und): Video: h264 (High) (avc1 / 0x31637661), yuv420p(progressive), 1920x1080, 155 kb/s, 25 fps, 25 tbr, 12800 tbn (default)
      Metadata:
 
CONTROLLI PRIMA DI CONSEGNARE (MASTER §6)

  [OK  ] verifica per trascrizione (traccia intera): 100.0% delle parole coincide, buchi nel parlato: 0
  [OK  ] fascia 8.5-21 car/s: tutti dentro
  [OK  ] PNG renderizzati e guardati: 49 su 49 scene (tetto 50)
  [OK  ] nessuna slide sfora la cornice: 0 sforano
  [OK  ] scene totali: 49 (tetto 50)
  [OK  ] durata 7:52.31 — chiesti 7:01.00
  [OK  ] sottotitoli SRT: 47 righe su 47 blocchi
  [NO  ] registro con la sezione «da verificare»

7/8 superati
FATTO
