  s02  audio  11.73s  scena  11.72s  scarto   10 ms
  s03  audio  10.49s  scena  10.48s  scarto   10 ms
  s04  audio   4.60s  scena   4.60s  scarto    0 ms
  s05  audio  11.62s  scena  11.63s  scarto   10 ms
  s06  audio  11.95s  scena  11.95s  scarto    0 ms
  s07  audio   8.79s  scena   8.80s  scarto   10 ms
  s08  audio  11.19s  scena  11.19s  scarto    0 ms
  s09  audio  10.57s  scena  10.56s  scarto   10 ms
  s10  audio   9.56s  scena   9.56s  scarto    0 ms
  s11  audio  10.72s  scena  10.72s  scarto    0 ms
  s12  audio   9.49s  scena   9.48s  scarto   10 ms
  s13  audio   4.92s  scena   4.92s  scarto    0 ms
  s14  audio  10.53s  scena  10.52s  scarto   10 ms
  s15  audio  10.54s  scena  10.54s  scarto    0 ms
  s16  audio   9.52s  scena   9.52s  scarto    0 ms
  s17  audio  11.73s  scena  11.72s  scarto   10 ms
  s18  audio   8.10s  scena   8.10s  scarto    0 ms
  s19  audio   9.85s  scena   9.84s  scarto   10 ms
  s20  audio  10.26s  scena  10.26s  scarto    0 ms
  s21  audio  11.46s  scena  11.47s  scarto   10 ms
  s22  audio   9.55s  scena   9.56s  scarto   10 ms
  s23  audio   4.60s  scena   4.60s  scarto    0 ms
  s24  audio  10.32s  scena  10.32s  scarto    0 ms
  s25  audio   9.89s  scena   9.88s  scarto   10 ms
  s26  audio  10.88s  scena  10.88s  scarto    0 ms
  s27  audio   9.28s  scena   9.28s  scarto    0 ms
  s28  audio   9.88s  scena   9.88s  scarto    0 ms
  s29  audio   8.17s  scena   8.16s  scarto   10 ms
  s30  audio  11.17s  scena  11.16s  scarto   10 ms
  s31  audio  10.50s  scena  10.51s  scarto   10 ms
  s32  audio   9.43s  scena   9.44s  scarto   10 ms
  s33  audio   4.60s  scena   4.60s  scarto    0 ms
  s34  audio  10.67s  scena  10.68s  scarto   10 ms
  s35  audio   9.43s  scena   9.44s  scarto   10 ms
  s36  audio   9.59s  scena   9.60s  scarto   10 ms
  s37  audio  11.73s  scena  11.72s  scarto   10 ms
  s38  audio  10.19s  scena  10.19s  scarto    0 ms
  s39  audio   9.95s  scena   9.96s  scarto   10 ms
  s40  audio  10.29s  scena  10.28s  scarto   10 ms
  s41  audio   4.60s  scena   4.60s  scarto    0 ms
  s42  audio  10.22s  scena  10.24s  scarto   20 ms
  s43  audio  12.00s  scena  12.00s  scarto    0 ms
  s44  audio  10.19s  scena  10.19s  scarto    0 ms
  s45  audio   9.90s  scena   9.91s  scarto   10 ms
  s46  audio   9.75s  scena   9.75s  scarto    0 ms

47 scene · parlato 434.4 s · con copertina 3 s e chiusura 10 s → 7:27.4
scarto massimo audio/video: 20 ms su s42
montato-10.4.mp4  7:27.71  14 MB
montato-10.4.srt  45 sottotitoli
:0[0x1](und): Video: h264 (High) (avc1 / 0x31637661), yuv420p(progressive), 1920x1080, 109 kb/s, 24.99 fps, 25 tbr, 12800 tbn (default)
      Metadata
CONTROLLI PRIMA DI CONSEGNARE (MASTER §6)

  [OK  ] verifica per trascrizione (traccia intera): 96.8% delle parole coincide, buchi nel parlato: 0
  [OK  ] fascia 8.5-21 car/s: tutti dentro
  [OK  ] PNG renderizzati e guardati: 47 su 47 scene (tetto 50)
  [OK  ] nessuna slide sfora la cornice: 0 sforano
  [OK  ] scene totali: 47 (tetto 50)
  [OK  ] durata 7:27.71 — chiesti 7:01.00
  [OK  ] sottotitoli SRT: 45 righe su 45 blocchi
  [NO  ] registro con la sezione «da verificare»

7/8 superati
FATTO
