  s02  audio   9.24s  scena   9.24s  scarto    0 ms
  s03  audio   9.95s  scena   9.96s  scarto   10 ms
  s04  audio   5.15s  scena   5.15s  scarto    0 ms
  s05  audio  10.80s  scena  10.80s  scarto    0 ms
  s06  audio  12.70s  scena  12.70s  scarto    0 ms
  s07  audio   9.07s  scena   9.07s  scarto    0 ms
  s08  audio   7.20s  scena   7.20s  scarto    0 ms
  s09  audio   9.11s  scena   9.12s  scarto   10 ms
  s10  audio  10.73s  scena  10.72s  scarto   10 ms
  s11  audio  10.63s  scena  10.63s  scarto    0 ms
  s12  audio   9.24s  scena   9.24s  scarto    0 ms
  s13  audio  12.22s  scena  12.23s  scarto   10 ms
  s14  audio   8.84s  scena   8.84s  scarto    0 ms
  s15  audio   5.80s  scena   5.80s  scarto    0 ms
  s16  audio  11.79s  scena  11.79s  scarto    0 ms
  s17  audio   8.92s  scena   8.92s  scarto    0 ms
  s18  audio  10.81s  scena  10.80s  scarto   10 ms
  s19  audio   9.56s  scena   9.56s  scarto    0 ms
  s20  audio  10.01s  scena  10.00s  scarto   10 ms
  s21  audio   9.63s  scena   9.63s  scarto    0 ms
  s22  audio  10.20s  scena  10.20s  scarto    0 ms
  s23  audio  10.18s  scena  10.19s  scarto   10 ms
  s24  audio   4.60s  scena   4.60s  scarto    0 ms
  s25  audio  10.95s  scena  10.95s  scarto    0 ms
  s26  audio   9.87s  scena   9.88s  scarto   10 ms
  s27  audio   9.54s  scena   9.54s  scarto    0 ms
  s28  audio   9.78s  scena   9.79s  scarto   10 ms
  s29  audio   9.55s  scena   9.56s  scarto   10 ms
  s30  audio   9.92s  scena   9.92s  scarto    0 ms
  s31  audio   9.49s  scena   9.48s  scarto   10 ms
  s32  audio   9.83s  scena   9.84s  scarto   10 ms
  s33  audio  10.01s  scena  10.00s  scarto   10 ms
  s34  audio   5.22s  scena   5.22s  scarto    0 ms
  s35  audio  11.02s  scena  11.02s  scarto    0 ms
  s36  audio  10.09s  scena  10.08s  scarto   10 ms
  s37  audio  10.51s  scena  10.51s  scarto    0 ms
  s38  audio   9.59s  scena   9.60s  scarto   10 ms
  s39  audio   8.80s  scena   8.80s  scarto    0 ms
  s40  audio   9.37s  scena   9.36s  scarto   10 ms
  s41  audio  10.76s  scena  10.76s  scarto    0 ms
  s42  audio   8.71s  scena   8.72s  scarto   10 ms
  s43  audio   4.60s  scena   4.60s  scarto    0 ms
  s44  audio  11.02s  scena  11.02s  scarto    0 ms
  s45  audio  10.03s  scena  10.03s  scarto    0 ms
  s46  audio  10.65s  scena  10.64s  scarto   10 ms
  s47  audio   9.29s  scena   9.28s  scarto   10 ms
  s48  audio   8.05s  scena   8.04s  scarto   10 ms

49 scene · parlato 443.0 s · con copertina 3 s e chiusura 10 s → 7:36.0
scarto massimo audio/video: 10 ms su s03
montato-11.3.mp4  7:36.36  14 MB
montato-11.3.srt  47 sottotitoli
:0[0x1](und): Video: h264 (High) (avc1 / 0x31637661), yuv420p(progressive), 1920x1080, 115 kb/s, 24.99 fps, 25 tbr, 12800 tbn (default)
      Metadata
CONTROLLI PRIMA DI CONSEGNARE (MASTER §6)

  [OK  ] verifica per trascrizione (traccia intera): 99.8% delle parole coincide, buchi nel parlato: 0
  [OK  ] fascia 8.5-21 car/s: tutti dentro
  [OK  ] PNG renderizzati e guardati: 49 su 49 scene (tetto 50)
  [OK  ] nessuna slide sfora la cornice: 0 sforano
  [OK  ] scene totali: 49 (tetto 50)
  [OK  ] durata 7:36.36 — chiesti 7:01.00
  [OK  ] sottotitoli SRT: 47 righe su 47 blocchi
  [NO  ] registro con la sezione «da verificare»

7/8 superati
FATTO
