  [80 pezzi di testo · 85 spezzoni di audio · 16.3 car/s grezzi · pausa minima 0.18 s · 0 fuori fascia]

traccia A  226.96 s grezzi  ·  21 blocchi
  s02     0.00 ->   11.73  11.73s grezzi  ~ 20.0 car/s
  s03    11.73 ->   23.63  11.90s grezzi  ~ 20.0 car/s
  s04    23.63 ->   29.07   5.44s grezzi  ~ 16.2 car/s
  s05    29.07 ->   40.09  11.01s grezzi  ~ 17.0 car/s
  s06    40.09 ->   52.46  12.38s grezzi  ~ 17.3 car/s
  s07    52.46 ->   65.73  13.27s grezzi  ~ 14.4 car/s
  s08    65.73 ->   77.74  12.01s grezzi  ~ 18.8 car/s
  s09    77.74 ->   87.91  10.17s grezzi  ~ 18.7 car/s
  s10    87.91 ->   99.81  11.90s grezzi  ~ 18.1 car/s
  s11    99.81 ->  112.01  12.20s grezzi  ~ 18.8 car/s
  s12   112.01 ->  122.88  10.87s grezzi  ~ 19.0 car/s
  s13   122.88 ->  126.74   3.85s grezzi  ~ 18.6 car/s
  s14   126.74 ->  139.27  12.54s grezzi  ~ 17.3 car/s
  s15   139.27 ->  152.20  12.93s grezzi  ~ 18.0 car/s
  s16   152.20 ->  164.66  12.46s grezzi  ~ 18.7 car/s
  s17   164.66 ->  177.09  12.42s grezzi  ~ 18.4 car/s
  s18   177.09 ->  190.53  13.44s grezzi  ~ 19.2 car/s
  s19   190.53 ->  202.25  11.73s grezzi  ~ 17.8 car/s
  s20   202.25 ->  214.38  12.13s grezzi  ~ 18.1 car/s
  s21   214.38 ->  223.40   9.03s grezzi  ~ 17.4 car/s
  s22   223.40 ->  226.96   3.56s grezzi  ~ 17.5 car/s
  [102 pezzi di testo · 106 spezzoni di audio · 16.3 car/s grezzi · pausa minima 0.18 s · 0 fuori fascia]

traccia B  325.12 s grezzi  ·  27 blocchi
  s23     0.00 ->   12.28  12.28s grezzi  ~ 16.8 car/s
  s24    12.28 ->   25.08  12.80s grezzi  ~ 18.2 car/s
  s25    25.08 ->   38.19  13.11s grezzi  ~ 16.9 car/s
  s26    38.19 ->   48.77  10.58s grezzi  ~ 14.6 car/s
  s27    48.77 ->   62.21  13.44s grezzi  ~ 15.1 car/s
  s28    62.21 ->   76.93  14.72s grezzi  ~ 17.9 car/s
  s29    76.93 ->   93.91  16.98s grezzi  ~ 16.5 car/s
  s30    93.91 ->  103.73   9.82s grezzi  ~ 18.0 car/s
  s31   103.73 ->  113.65   9.93s grezzi  ~ 16.4 car/s
  s32   113.65 ->  117.73   4.08s grezzi  ~ 16.3 car/s
  s33   117.73 ->  130.28  12.55s grezzi  ~ 17.4 car/s
  s34   130.28 ->  142.16  11.88s grezzi  ~ 17.2 car/s
  s35   142.16 ->  153.30  11.14s grezzi  ~ 18.4 car/s
  s36   153.30 ->  165.75  12.45s grezzi  ~ 18.8 car/s
  s37   165.75 ->  176.17  10.42s grezzi  ~ 18.6 car/s
  s38   176.17 ->  189.39  13.22s grezzi  ~ 16.8 car/s
  s39   189.39 ->  198.59   9.20s grezzi  ~ 17.7 car/s
  s40   198.59 ->  211.65  13.06s grezzi  ~ 18.1 car/s
  s41   211.65 ->  226.04  14.39s grezzi  ~ 16.5 car/s
  s42   226.04 ->  238.58  12.54s grezzi  ~ 18.7 car/s
  s43   238.58 ->  250.29  11.71s grezzi  ~ 16.7 car/s
  s44   250.29 ->  254.96   4.67s grezzi  ~ 15.6 car/s
  s45   254.96 ->  270.28  15.33s grezzi  ~ 14.8 car/s
  s46   270.28 ->  285.92  15.64s grezzi  ~ 14.0 car/s
  s47   285.92 ->  300.22  14.30s grezzi  ~ 16.1 car/s
  s48   300.22 ->  310.75  10.54s grezzi  ~ 17.6 car/s
  s49   310.75 ->  325.12  14.37s grezzi  ~ 15.9 car/s

fuori fascia: 0
prova.mp3: 46 spezzoni, 188.6 s — 1,6 s prima di ogni taglio, separati da 2.5 s di silenzio
