  s02  audio  10.47s  scena  10.47s  scarto    0 ms
  s03  audio   8.82s  scena   8.82s  scarto    0 ms
  s04  audio   4.60s  scena   4.60s  scarto    0 ms
  s05  audio  11.39s  scena  11.40s  scarto   10 ms
  s06  audio  11.02s  scena  11.02s  scarto    0 ms
  s07  audio   9.00s  scena   9.00s  scarto    0 ms
  s08  audio  10.87s  scena  10.88s  scarto   10 ms
  s09  audio  10.02s  scena  10.03s  scarto   10 ms
  s10  audio  11.36s  scena  11.36s  scarto    0 ms
  s11  audio   9.60s  scena   9.60s  scarto    0 ms
  s12  audio   9.17s  scena   9.16s  scarto   10 ms
  s13  audio   9.01s  scena   9.00s  scarto   10 ms
  s14  audio  11.42s  scena  11.42s  scarto    0 ms
  s15  audio   4.60s  scena   4.60s  scarto    0 ms
  s16  audio  11.31s  scena  11.32s  scarto   10 ms
  s17  audio   9.27s  scena   9.28s  scarto   10 ms
  s18  audio   9.22s  scena   9.24s  scarto   20 ms
  s19  audio  10.35s  scena  10.35s  scarto    0 ms
  s20  audio   8.56s  scena   8.56s  scarto    0 ms
  s21  audio   8.55s  scena   8.56s  scarto   10 ms
  s22  audio  10.67s  scena  10.68s  scarto   10 ms
  s23  audio   9.28s  scena   9.28s  scarto    0 ms
  s24  audio   4.60s  scena   4.60s  scarto    0 ms
  s25  audio  10.43s  scena  10.44s  scarto   10 ms
  s26  audio   9.82s  scena   9.82s  scarto    0 ms
  s27  audio  10.08s  scena  10.08s  scarto    0 ms
  s28  audio  11.51s  scena  11.51s  scarto    0 ms
  s29  audio   9.37s  scena   9.36s  scarto   10 ms
  s30  audio   8.07s  scena   8.08s  scarto   10 ms
  s31  audio   8.97s  scena   8.96s  scarto   10 ms
  s32  audio  10.87s  scena  10.88s  scarto   10 ms
  s33  audio   9.99s  scena  10.00s  scarto   10 ms
  s34  audio   4.60s  scena   4.60s  scarto    0 ms
  s35  audio  11.24s  scena  11.24s  scarto    0 ms
  s36  audio   9.39s  scena   9.40s  scarto   10 ms
  s37  audio  10.01s  scena  10.00s  scarto   10 ms
  s38  audio   7.53s  scena   7.52s  scarto   10 ms
  s39  audio   8.03s  scena   8.03s  scarto    0 ms
  s40  audio   9.34s  scena   9.35s  scarto   10 ms
  s41  audio   9.92s  scena   9.92s  scarto    0 ms
  s42  audio   9.55s  scena   9.56s  scarto   10 ms
  s43  audio   4.60s  scena   4.60s  scarto    0 ms
  s44  audio  11.03s  scena  11.04s  scarto   10 ms
  s45  audio  10.84s  scena  10.84s  scarto    0 ms
  s46  audio   8.92s  scena   8.92s  scarto    0 ms
  s47  audio   8.77s  scena   8.76s  scarto   10 ms
  s48  audio   8.89s  scena   8.88s  scarto   10 ms

49 scene · parlato 435.0 s · con copertina 3 s e chiusura 10 s → 7:28.0
scarto massimo audio/video: 20 ms su s18
montato-10.3.mp4  7:28.27  14 MB
montato-10.3.srt  47 sottotitoli
:0[0x1](und): Video: h264 (High) (avc1 / 0x31637661), yuv420p(progressive), 1920x1080, 115 kb/s, 25 fps, 25 tbr, 12800 tbn (default)
      Metadata:
 
CONTROLLI PRIMA DI CONSEGNARE (MASTER §6)

  [OK  ] verifica per trascrizione (traccia intera): 99.6% delle parole coincide, buchi nel parlato: 0
  [OK  ] fascia 8.5-21 car/s: tutti dentro
  [OK  ] PNG renderizzati e guardati: 49 su 49 scene (tetto 50)
  [OK  ] nessuna slide sfora la cornice: 0 sforano
  [OK  ] scene totali: 49 (tetto 50)
  [OK  ] durata 7:28.27 — chiesti 7:01.00
  [OK  ] sottotitoli SRT: 47 righe su 47 blocchi
  [NO  ] registro con la sezione «da verificare»

7/8 superati
FATTO
