  [96 pezzi di testo · 81 spezzoni di audio · 16.0 car/s grezzi · pausa minima 0.18 s · 0 fuori fascia]

traccia A  265.52 s grezzi  ·  23 blocchi
  s02     0.00 ->   11.32  11.32s grezzi  ~ 19.8 car/s
  s03    11.32 ->   24.44  13.12s grezzi  ~ 16.7 car/s
  s04    24.44 ->   28.39   3.95s grezzi  ~ 15.8 car/s
  s05    28.39 ->   43.17  14.78s grezzi  ~ 15.5 car/s
  s06    43.17 ->   53.32  10.16s grezzi  ~ 17.0 car/s
  s07    53.32 ->   67.91  14.59s grezzi  ~ 17.1 car/s
  s08    67.91 ->   88.90  20.99s grezzi  ~ 11.6 car/s
  s09    88.90 ->  102.59  13.69s grezzi  ~ 16.6 car/s
  s10   102.59 ->  114.64  12.05s grezzi  ~ 20.0 car/s
  s11   114.64 ->  126.56  11.92s grezzi  ~ 19.5 car/s
  s12   126.56 ->  138.18  11.62s grezzi  ~ 17.9 car/s
  s13   138.18 ->  150.32  12.15s grezzi  ~ 17.9 car/s
  s14   150.32 ->  160.05   9.73s grezzi  ~ 16.8 car/s
  s15   160.05 ->  164.91   4.86s grezzi  ~ 17.9 car/s
  s16   164.91 ->  176.91  12.00s grezzi  ~ 17.0 car/s
  s17   176.91 ->  189.94  13.03s grezzi  ~ 18.8 car/s
  s18   189.94 ->  200.81  10.87s grezzi  ~ 18.9 car/s
  s19   200.81 ->  215.50  14.68s grezzi  ~ 17.8 car/s
  s20   215.50 ->  228.96  13.46s grezzi  ~ 19.2 car/s
  s21   228.96 ->  240.19  11.23s grezzi  ~ 19.7 car/s
  s22   240.19 ->  251.08  10.88s grezzi  ~ 17.6 car/s
  s23   251.08 ->  261.31  10.23s grezzi  ~ 18.8 car/s
  s24   261.31 ->  265.52   4.21s grezzi  ~ 12.3 car/s
  [96 pezzi di testo · 89 spezzoni di audio · 16.0 car/s grezzi · pausa minima 0.22 s · 0 fuori fascia]

traccia B  288.40 s grezzi  ·  23 blocchi
  s25     0.00 ->   12.09  12.09s grezzi  ~ 20.0 car/s
  s26    12.09 ->   24.18  12.09s grezzi  ~ 18.1 car/s
  s27    24.18 ->   37.17  12.98s grezzi  ~ 15.9 car/s
  s28    37.17 ->   49.09  11.93s grezzi  ~ 19.6 car/s
  s29    49.09 ->   62.10  13.01s grezzi  ~ 18.0 car/s
  s30    62.10 ->   74.65  12.55s grezzi  ~ 17.8 car/s
  s31    74.65 ->   87.25  12.60s grezzi  ~ 18.4 car/s
  s32    87.25 ->   97.59  10.34s grezzi  ~ 18.7 car/s
  s33    97.59 ->  103.28   5.69s grezzi  ~ 14.4 car/s
  s34   103.28 ->  117.34  14.06s grezzi  ~ 17.3 car/s
  s35   117.34 ->  130.46  13.12s grezzi  ~ 18.5 car/s
  s36   130.46 ->  143.51  13.05s grezzi  ~ 18.5 car/s
  s37   143.51 ->  159.13  15.62s grezzi  ~ 17.2 car/s
  s38   159.13 ->  173.09  13.96s grezzi  ~ 18.7 car/s
  s39   173.09 ->  185.75  12.66s grezzi  ~ 17.4 car/s
  s40   185.75 ->  199.17  13.42s grezzi  ~ 17.6 car/s
  s41   199.17 ->  209.98  10.81s grezzi  ~ 17.9 car/s
  s42   209.98 ->  215.62   5.64s grezzi  ~ 13.4 car/s
  s43   215.62 ->  232.06  16.44s grezzi  ~ 15.0 car/s
  s44   232.06 ->  246.51  14.45s grezzi  ~ 16.6 car/s
  s45   246.51 ->  260.93  14.42s grezzi  ~ 15.9 car/s
  s46   260.93 ->  274.66  13.73s grezzi  ~ 13.4 car/s
  s47   274.66 ->  288.40  13.74s grezzi  ~ 17.6 car/s

fuori fascia: 0
prova.mp3: 44 spezzoni, 180.4 s — 1,6 s prima di ogni taglio, separati da 2.5 s di silenzio
