  s02  audio  10.19s  scena  10.19s  scarto    0 ms
  s03  audio  11.33s  scena  11.32s  scarto   10 ms
  s04  audio   4.60s  scena   4.60s  scarto    0 ms
  s05  audio   9.36s  scena   9.36s  scarto    0 ms
  s06  audio  11.01s  scena  11.00s  scarto   10 ms
  s07  audio  12.60s  scena  12.60s  scarto    0 ms
  s08  audio   9.35s  scena   9.35s  scarto    0 ms
  s09  audio   9.61s  scena   9.60s  scarto   10 ms
  s10  audio   9.99s  scena  10.00s  scarto   10 ms
  s11  audio  12.34s  scena  12.35s  scarto   10 ms
  s12  audio  10.09s  scena  10.08s  scarto   10 ms
  s13  audio   9.37s  scena   9.36s  scarto   10 ms
  s14  audio   4.60s  scena   4.60s  scarto    0 ms
  s15  audio   9.30s  scena   9.31s  scarto   10 ms
  s16  audio   9.61s  scena   9.60s  scarto   10 ms
  s17  audio  10.08s  scena  10.08s  scarto    0 ms
  s18  audio   9.47s  scena   9.47s  scarto    0 ms
  s19  audio  10.12s  scena  10.12s  scarto    0 ms
  s20  audio  10.02s  scena  10.03s  scarto   10 ms
  s21  audio   9.46s  scena   9.47s  scarto   10 ms
  s22  audio   5.68s  scena   5.68s  scarto    0 ms
  s23  audio  10.87s  scena  10.88s  scarto   10 ms
  s24  audio  11.79s  scena  11.79s  scarto    0 ms
  s25  audio  11.90s  scena  11.91s  scarto   10 ms
  s26  audio   7.42s  scena   7.43s  scarto   10 ms
  s27  audio  11.17s  scena  11.16s  scarto   10 ms
  s28  audio  10.28s  scena  10.28s  scarto    0 ms
  s29  audio  13.54s  scena  13.56s  scarto   20 ms
  s30  audio   9.74s  scena   9.75s  scarto   10 ms
  s31  audio   9.88s  scena   9.88s  scarto    0 ms
  s32  audio  12.45s  scena  12.44s  scarto   10 ms
  s33  audio   4.80s  scena   4.80s  scarto    0 ms
  s34  audio   8.95s  scena   8.96s  scarto   10 ms
  s35  audio  10.95s  scena  10.95s  scarto    0 ms
  s36  audio  10.95s  scena  10.95s  scarto    0 ms
  s37  audio   9.73s  scena   9.72s  scarto   10 ms
  s38  audio  10.66s  scena  10.68s  scarto   20 ms
  s39  audio  10.80s  scena  10.80s  scarto    0 ms
  s40  audio  11.22s  scena  11.23s  scarto   10 ms
  s41  audio  10.11s  scena  10.12s  scarto   10 ms
  s42  audio   5.45s  scena   5.44s  scarto   10 ms
  s43  audio  11.68s  scena  11.68s  scarto    0 ms
  s44  audio   7.76s  scena   7.76s  scarto    0 ms
  s45  audio  12.66s  scena  12.67s  scarto   10 ms
  s46  audio   8.09s  scena   8.08s  scarto   10 ms
  s47  audio   8.35s  scena   8.35s  scarto    0 ms

48 scene · parlato 449.4 s · con copertina 3 s e chiusura 10 s → 7:42.4
scarto massimo audio/video: 20 ms su s29
montato-6b.1.mp4  7:42.72  15 MB
montato-6b.1.srt  46 sottotitoli
:0[0x1](und): Video: h264 (High) (avc1 / 0x31637661), yuv420p(progressive), 1920x1080, 118 kb/s, 24.99 fps, 25 tbr, 12800 tbn (default)
      Metadata
CONTROLLI PRIMA DI CONSEGNARE (MASTER §6)

  [OK  ] verifica per trascrizione (traccia intera): 99.8% delle parole coincide, buchi nel parlato: 0
  [OK  ] fascia 8.5-21 car/s: tutti dentro
  [OK  ] PNG renderizzati e guardati: 48 su 48 scene (tetto 50)
  [OK  ] nessuna slide sfora la cornice: 0 sforano
  [OK  ] scene totali: 48 (tetto 50)
  [OK  ] durata 7:42.72 — chiesti 7:01.00
  [OK  ] sottotitoli SRT: 46 righe su 46 blocchi
  [NO  ] registro con la sezione «da verificare»

7/8 superati
FATTO
