  [90 pezzi di testo · 98 spezzoni di audio · 16.8 car/s grezzi · pausa minima 0.12 s · 0 fuori fascia]

traccia A  271.84 s grezzi  ·  22 blocchi
  s02     0.00 ->   14.78  14.78s grezzi  ~ 17.3 car/s
  s03    14.78 ->   29.17  14.38s grezzi  ~ 15.5 car/s
  s04    29.17 ->   32.62   3.46s grezzi  ~ 16.2 car/s
  s05    32.62 ->   49.06  16.43s grezzi  ~ 14.4 car/s
  s06    49.06 ->   64.72  15.66s grezzi  ~ 17.6 car/s
  s07    64.72 ->   77.58  12.87s grezzi  ~ 16.7 car/s
  s08    77.58 ->   87.50   9.91s grezzi  ~ 17.8 car/s
  s09    87.50 ->  102.46  14.96s grezzi  ~ 18.3 car/s
  s10   102.46 ->  120.25  17.79s grezzi  ~ 16.1 car/s
  s11   120.25 ->  132.10  11.85s grezzi  ~ 17.2 car/s
  s12   132.10 ->  142.49  10.38s grezzi  ~ 18.4 car/s
  s13   142.49 ->  154.82  12.33s grezzi  ~ 16.8 car/s
  s14   154.82 ->  159.94   5.12s grezzi  ~ 16.8 car/s
  s15   159.94 ->  172.35  12.41s grezzi  ~ 17.6 car/s
  s16   172.35 ->  190.06  17.71s grezzi  ~ 15.7 car/s
  s17   190.06 ->  201.95  11.89s grezzi  ~ 19.0 car/s
  s18   201.95 ->  216.13  14.18s grezzi  ~ 17.8 car/s
  s19   216.13 ->  232.62  16.49s grezzi  ~ 16.1 car/s
  s20   232.62 ->  242.04   9.42s grezzi  ~ 17.8 car/s
  s21   242.04 ->  256.24  14.20s grezzi  ~ 16.3 car/s
  s22   256.24 ->  267.99  11.75s grezzi  ~ 15.9 car/s
  s23   267.99 ->  271.84   3.85s grezzi  ~ 15.2 car/s
  [87 pezzi di testo · 101 spezzoni di audio · 17.4 car/s grezzi · pausa minima 0.18 s · 0 fuori fascia]

traccia B  268.00 s grezzi  ·  24 blocchi
  s24     0.00 ->   12.63  12.63s grezzi  ~ 18.9 car/s
  s25    12.63 ->   25.26  12.63s grezzi  ~ 19.1 car/s
  s26    25.26 ->   36.93  11.67s grezzi  ~ 18.8 car/s
  s27    36.93 ->   47.25  10.32s grezzi  ~ 19.5 car/s
  s28    47.25 ->   58.56  11.31s grezzi  ~ 20.1 car/s
  s29    58.56 ->   69.17  10.61s grezzi  ~ 16.9 car/s
  s30    69.17 ->   79.75  10.58s grezzi  ~ 20.2 car/s
  s31    79.75 ->   90.90  11.15s grezzi  ~ 19.2 car/s
  s32    90.90 ->   95.95   5.05s grezzi  ~ 15.7 car/s
  s33    95.95 ->  107.14  11.19s grezzi  ~ 20.4 car/s
  s34   107.14 ->  119.43  12.30s grezzi  ~ 19.0 car/s
  s35   119.43 ->  128.80   9.37s grezzi  ~ 19.7 car/s
  s36   128.80 ->  141.90  13.10s grezzi  ~ 18.7 car/s
  s37   141.90 ->  152.16  10.26s grezzi  ~ 18.6 car/s
  s38   152.16 ->  163.22  11.06s grezzi  ~ 18.7 car/s
  s39   163.22 ->  176.56  13.34s grezzi  ~ 19.5 car/s
  s40   176.56 ->  189.82  13.26s grezzi  ~ 18.8 car/s
  s41   189.82 ->  202.76  12.94s grezzi  ~ 19.1 car/s
  s42   202.76 ->  206.56   3.80s grezzi  ~ 18.8 car/s
  s43   206.56 ->  217.99  11.43s grezzi  ~ 19.2 car/s
  s44   217.99 ->  228.78  10.78s grezzi  ~ 18.1 car/s
  s45   228.78 ->  241.92  13.14s grezzi  ~ 18.6 car/s
  s46   241.92 ->  251.85   9.94s grezzi  ~ 17.1 car/s
  s47   251.85 ->  268.00  16.15s grezzi  ~ 17.4 car/s

fuori fascia: 0
prova.mp3: 44 spezzoni, 180.4 s — 1,6 s prima di ogni taglio, separati da 2.5 s di silenzio
