  [98 pezzi di testo · 90 spezzoni di audio · 16.6 car/s grezzi · pausa minima 0.18 s · 0 fuori fascia]

traccia A  276.40 s grezzi  ·  24 blocchi
  s02     0.00 ->   14.45  14.45s grezzi  ~ 18.2 car/s
  s03    14.45 ->   26.05  11.60s grezzi  ~ 14.8 car/s
  s04    26.05 ->   30.80   4.75s grezzi  ~ 15.3 car/s
  s05    30.80 ->   49.15  18.35s grezzi  ~ 12.4 car/s
  s06    49.15 ->   59.88  10.73s grezzi  ~ 16.2 car/s
  s07    59.88 ->   75.83  15.94s grezzi  ~ 17.0 car/s
  s08    75.83 ->   88.94  13.11s grezzi  ~ 16.9 car/s
  s09    88.94 ->  101.29  12.35s grezzi  ~ 17.2 car/s
  s10   101.29 ->  113.61  12.33s grezzi  ~ 17.6 car/s
  s11   113.61 ->  128.05  14.43s grezzi  ~ 17.7 car/s
  s12   128.05 ->  141.53  13.49s grezzi  ~ 16.7 car/s
  s13   141.53 ->  151.54  10.01s grezzi  ~ 17.3 car/s
  s14   151.54 ->  156.27   4.73s grezzi  ~ 11.8 car/s
  s15   156.27 ->  170.85  14.58s grezzi  ~ 16.2 car/s
  s16   170.85 ->  183.48  12.62s grezzi  ~ 17.0 car/s
  s17   183.48 ->  196.64  13.16s grezzi  ~ 18.2 car/s
  s18   196.64 ->  209.82  13.17s grezzi  ~ 17.4 car/s
  s19   209.82 ->  221.20  11.38s grezzi  ~ 19.3 car/s
  s20   221.20 ->  231.58  10.38s grezzi  ~ 17.3 car/s
  s21   231.58 ->  239.62   8.04s grezzi  ~ 19.6 car/s
  s22   239.62 ->  253.16  13.54s grezzi  ~ 16.7 car/s
  s23   253.16 ->  263.27  10.11s grezzi  ~ 18.0 car/s
  s24   263.27 ->  272.82   9.55s grezzi  ~ 17.6 car/s
  s25   272.82 ->  276.40   3.58s grezzi  ~ 15.6 car/s
  [109 pezzi di testo · 99 spezzoni di audio · 16.2 car/s grezzi · pausa minima 0.18 s · 0 fuori fascia]

traccia B  301.52 s grezzi  ·  24 blocchi
  s26     0.00 ->   12.51  12.51s grezzi  ~ 16.3 car/s
  s27    12.51 ->   28.23  15.72s grezzi  ~ 16.8 car/s
  s28    28.23 ->   41.47  13.25s grezzi  ~ 16.2 car/s
  s29    41.47 ->   55.16  13.68s grezzi  ~ 17.4 car/s
  s30    55.16 ->   65.26  10.10s grezzi  ~ 17.6 car/s
  s31    65.26 ->   81.67  16.41s grezzi  ~ 16.7 car/s
  s32    81.67 ->   95.45  13.78s grezzi  ~ 18.4 car/s
  s33    95.45 ->  110.23  14.78s grezzi  ~ 15.5 car/s
  s34   110.23 ->  119.63   9.40s grezzi  ~ 16.2 car/s
  s35   119.63 ->  123.89   4.26s grezzi  ~ 13.7 car/s
  s36   123.89 ->  135.21  11.32s grezzi  ~ 16.9 car/s
  s37   135.21 ->  151.27  16.06s grezzi  ~ 14.8 car/s
  s38   151.27 ->  160.97   9.70s grezzi  ~ 17.0 car/s
  s39   160.97 ->  174.26  13.28s grezzi  ~ 17.6 car/s
  s40   174.26 ->  187.97  13.72s grezzi  ~ 17.3 car/s
  s41   187.97 ->  201.20  13.23s grezzi  ~ 16.4 car/s
  s42   201.20 ->  211.81  10.61s grezzi  ~ 17.4 car/s
  s43   211.81 ->  223.01  11.21s grezzi  ~ 16.7 car/s
  s44   223.01 ->  227.40   4.39s grezzi  ~ 16.0 car/s
  s45   227.40 ->  247.77  20.37s grezzi  ~ 14.3 car/s
  s46   247.77 ->  263.68  15.92s grezzi  ~ 16.2 car/s
  s47   263.68 ->  277.08  13.40s grezzi  ~ 15.9 car/s
  s48   277.08 ->  287.85  10.77s grezzi  ~ 16.2 car/s
  s49   287.85 ->  301.52  13.67s grezzi  ~ 16.1 car/s

fuori fascia: 0
prova.mp3: 46 spezzoni, 188.6 s — 1,6 s prima di ogni taglio, separati da 2.5 s di silenzio
