  [86 pezzi di testo · 77 spezzoni di audio · 16.7 car/s grezzi · pausa minima 0.18 s · 0 fuori fascia]

traccia A  267.44 s grezzi  ·  22 blocchi
  s02     0.00 ->   16.04  16.04s grezzi  ~ 17.1 car/s
  s03    16.04 ->   26.85  10.81s grezzi  ~ 19.7 car/s
  s04    26.85 ->   31.52   4.67s grezzi  ~ 18.4 car/s
  s05    31.52 ->   46.03  14.50s grezzi  ~ 15.1 car/s
  s06    46.03 ->   61.43  15.41s grezzi  ~ 16.4 car/s
  s07    61.43 ->   74.33  12.90s grezzi  ~ 19.4 car/s
  s08    74.33 ->   88.16  13.83s grezzi  ~ 19.3 car/s
  s09    88.16 ->  103.44  15.28s grezzi  ~ 17.1 car/s
  s10   103.44 ->  119.71  16.27s grezzi  ~ 16.5 car/s
  s11   119.71 ->  133.20  13.49s grezzi  ~ 18.0 car/s
  s12   133.20 ->  147.56  14.36s grezzi  ~ 17.9 car/s
  s13   147.56 ->  152.06   4.50s grezzi  ~ 15.6 car/s
  s14   152.06 ->  166.09  14.02s grezzi  ~ 16.5 car/s
  s15   166.09 ->  179.54  13.46s grezzi  ~ 18.8 car/s
  s16   179.54 ->  190.21  10.67s grezzi  ~ 19.6 car/s
  s17   190.21 ->  201.29  11.08s grezzi  ~ 17.6 car/s
  s18   201.29 ->  215.31  14.02s grezzi  ~ 19.7 car/s
  s19   215.31 ->  224.73   9.43s grezzi  ~ 18.5 car/s
  s20   224.73 ->  239.01  14.28s grezzi  ~ 16.7 car/s
  s21   239.01 ->  250.67  11.66s grezzi  ~ 19.1 car/s
  s22   250.67 ->  263.14  12.47s grezzi  ~ 16.1 car/s
  s23   263.14 ->  267.44   4.30s grezzi  ~ 16.3 car/s
  [95 pezzi di testo · 96 spezzoni di audio · 16.8 car/s grezzi · pausa minima 0.18 s · 0 fuori fascia]

traccia B  280.48 s grezzi  ·  24 blocchi
  s24     0.00 ->   10.83  10.83s grezzi  ~ 19.3 car/s
  s25    10.83 ->   24.11  13.28s grezzi  ~ 17.5 car/s
  s26    24.11 ->   37.76  13.65s grezzi  ~ 19.4 car/s
  s27    37.76 ->   47.28   9.52s grezzi  ~ 18.6 car/s
  s28    47.28 ->   60.71  13.43s grezzi  ~ 17.6 car/s
  s29    60.71 ->   70.43   9.72s grezzi  ~ 19.5 car/s
  s30    70.43 ->   83.40  12.97s grezzi  ~ 17.3 car/s
  s31    83.40 ->   88.87   5.47s grezzi  ~ 17.3 car/s
  s32    88.87 ->  104.18  15.31s grezzi  ~ 17.7 car/s
  s33   104.18 ->  115.15  10.97s grezzi  ~ 17.8 car/s
  s34   115.15 ->  127.05  11.90s grezzi  ~ 17.4 car/s
  s35   127.05 ->  138.23  11.18s grezzi  ~ 17.8 car/s
  s36   138.23 ->  149.63  11.40s grezzi  ~ 18.6 car/s
  s37   149.63 ->  159.92  10.29s grezzi  ~ 18.7 car/s
  s38   159.92 ->  173.18  13.26s grezzi  ~ 17.7 car/s
  s39   173.18 ->  184.41  11.23s grezzi  ~ 18.1 car/s
  s40   184.41 ->  195.19  10.78s grezzi  ~ 19.6 car/s
  s41   195.19 ->  206.77  11.58s grezzi  ~ 15.6 car/s
  s42   206.77 ->  211.45   4.68s grezzi  ~ 17.2 car/s
  s43   211.45 ->  226.94  15.49s grezzi  ~ 15.1 car/s
  s44   226.94 ->  241.14  14.20s grezzi  ~ 16.5 car/s
  s45   241.14 ->  253.79  12.64s grezzi  ~ 16.4 car/s
  s46   253.79 ->  266.92  13.13s grezzi  ~ 17.7 car/s
  s47   266.92 ->  280.48  13.56s grezzi  ~ 17.5 car/s

fuori fascia: 0
prova.mp3: 44 spezzoni, 180.4 s — 1,6 s prima di ogni taglio, separati da 2.5 s di silenzio
