  [100 pezzi di testo · 96 spezzoni di audio · 15.8 car/s grezzi · pausa minima 0.18 s · 0 fuori fascia]

traccia A  294.08 s grezzi  ·  24 blocchi
  s02     0.00 ->   13.55  13.55s grezzi  ~ 16.3 car/s
  s03    13.55 ->   26.97  13.42s grezzi  ~ 15.2 car/s
  s04    26.97 ->   31.69   4.72s grezzi  ~ 14.6 car/s
  s05    31.69 ->   47.01  15.32s grezzi  ~ 15.0 car/s
  s06    47.01 ->   57.39  10.38s grezzi  ~ 16.9 car/s
  s07    57.39 ->   70.36  12.97s grezzi  ~ 16.5 car/s
  s08    70.36 ->   85.67  15.31s grezzi  ~ 13.6 car/s
  s09    85.67 ->   99.25  13.58s grezzi  ~ 14.6 car/s
  s10    99.25 ->  111.90  12.65s grezzi  ~ 18.2 car/s
  s11   111.90 ->  126.22  14.32s grezzi  ~ 16.7 car/s
  s12   126.22 ->  141.45  15.23s grezzi  ~ 16.0 car/s
  s13   141.45 ->  156.44  14.99s grezzi  ~ 15.6 car/s
  s14   156.44 ->  167.95  11.52s grezzi  ~ 16.9 car/s
  s15   167.95 ->  173.60   5.65s grezzi  ~ 11.7 car/s
  s16   173.60 ->  186.66  13.07s grezzi  ~ 16.9 car/s
  s17   186.66 ->  198.95  12.28s grezzi  ~ 16.8 car/s
  s18   198.95 ->  212.03  13.08s grezzi  ~ 17.1 car/s
  s19   212.03 ->  224.65  12.63s grezzi  ~ 18.9 car/s
  s20   224.65 ->  237.60  12.95s grezzi  ~ 17.0 car/s
  s21   237.60 ->  250.69  13.09s grezzi  ~ 17.4 car/s
  s22   250.69 ->  263.89  13.20s grezzi  ~ 18.3 car/s
  s23   263.89 ->  277.67  13.78s grezzi  ~ 15.9 car/s
  s24   277.67 ->  290.21  12.55s grezzi  ~ 17.5 car/s
  s25   290.21 ->  294.08   3.87s grezzi  ~ 15.8 car/s
  [97 pezzi di testo · 94 spezzoni di audio · 16.6 car/s grezzi · pausa minima 0.18 s · 0 fuori fascia]

traccia B  272.88 s grezzi  ·  24 blocchi
  s26     0.00 ->   12.22  12.22s grezzi  ~ 17.5 car/s
  s27    12.22 ->   24.34  12.12s grezzi  ~ 19.0 car/s
  s28    24.34 ->   36.17  11.83s grezzi  ~ 16.9 car/s
  s29    36.17 ->   48.50  12.32s grezzi  ~ 18.0 car/s
  s30    48.50 ->   61.83  13.33s grezzi  ~ 17.0 car/s
  s31    61.83 ->   72.68  10.85s grezzi  ~ 17.4 car/s
  s32    72.68 ->   83.71  11.03s grezzi  ~ 19.3 car/s
  s33    83.71 ->   98.00  14.28s grezzi  ~ 15.7 car/s
  s34    98.00 ->  108.71  10.71s grezzi  ~ 18.0 car/s
  s35   108.71 ->  112.64   3.93s grezzi  ~ 16.6 car/s
  s36   112.64 ->  123.44  10.81s grezzi  ~ 20.1 car/s
  s37   123.44 ->  135.24  11.80s grezzi  ~ 16.2 car/s
  s38   135.24 ->  147.82  12.58s grezzi  ~ 16.3 car/s
  s39   147.82 ->  161.73  13.91s grezzi  ~ 18.0 car/s
  s40   161.73 ->  172.48  10.75s grezzi  ~ 15.5 car/s
  s41   172.48 ->  184.82  12.34s grezzi  ~ 18.1 car/s
  s42   184.82 ->  197.09  12.27s grezzi  ~ 15.3 car/s
  s43   197.09 ->  208.76  11.67s grezzi  ~ 18.9 car/s
  s44   208.76 ->  212.77   4.02s grezzi  ~ 13.6 car/s
  s45   212.77 ->  225.54  12.76s grezzi  ~ 15.9 car/s
  s46   225.54 ->  236.86  11.33s grezzi  ~ 17.3 car/s
  s47   236.86 ->  248.28  11.41s grezzi  ~ 15.4 car/s
  s48   248.28 ->  259.96  11.68s grezzi  ~ 15.9 car/s
  s49   259.96 ->  272.88  12.92s grezzi  ~ 16.0 car/s

fuori fascia: 0
prova.mp3: 46 spezzoni, 188.6 s — 1,6 s prima di ogni taglio, separati da 2.5 s di silenzio
