  [92 pezzi di testo · 93 spezzoni di audio · 16.2 car/s grezzi · pausa minima 0.18 s · 0 fuori fascia]

traccia A  266.40 s grezzi  ·  22 blocchi
  s02     0.00 ->   15.18  15.18s grezzi  ~ 17.8 car/s
  s03    15.18 ->   30.98  15.80s grezzi  ~ 15.3 car/s
  s04    30.98 ->   35.42   4.45s grezzi  ~ 16.1 car/s
  s05    35.42 ->   49.18  13.76s grezzi  ~ 16.0 car/s
  s06    49.18 ->   63.24  14.06s grezzi  ~ 16.3 car/s
  s07    63.24 ->   75.55  12.31s grezzi  ~ 18.8 car/s
  s08    75.55 ->   88.66  13.10s grezzi  ~ 17.4 car/s
  s09    88.66 ->  101.52  12.87s grezzi  ~ 18.1 car/s
  s10   101.52 ->  112.01  10.49s grezzi  ~ 19.8 car/s
  s11   112.01 ->  124.24  12.23s grezzi  ~ 19.0 car/s
  s12   124.24 ->  140.66  16.42s grezzi  ~ 15.4 car/s
  s13   140.66 ->  144.71   4.05s grezzi  ~ 16.4 car/s
  s14   144.71 ->  160.17  15.46s grezzi  ~ 15.2 car/s
  s15   160.17 ->  173.35  13.18s grezzi  ~ 18.1 car/s
  s16   173.35 ->  184.11  10.76s grezzi  ~ 17.9 car/s
  s17   184.11 ->  196.42  12.31s grezzi  ~ 17.2 car/s
  s18   196.42 ->  208.00  11.58s grezzi  ~ 18.3 car/s
  s19   208.00 ->  220.34  12.34s grezzi  ~ 17.7 car/s
  s20   220.34 ->  233.28  12.93s grezzi  ~ 18.0 car/s
  s21   233.28 ->  247.29  14.01s grezzi  ~ 18.0 car/s
  s22   247.29 ->  261.14  13.85s grezzi  ~ 16.3 car/s
  s23   261.14 ->  266.40   5.26s grezzi  ~ 16.8 car/s
  [90 pezzi di testo · 116 spezzoni di audio · 15.1 car/s grezzi · pausa minima 0.18 s · 2 fuori fascia]

traccia B  323.04 s grezzi  ·  24 blocchi
  s24     0.00 ->   12.35  12.35s grezzi  ~ 17.9 car/s
  s25    12.35 ->   27.95  15.60s grezzi  ~ 17.3 car/s
  s26    27.95 ->   47.38  19.43s grezzi  ~ 15.1 car/s
  s27    47.38 ->   62.93  15.55s grezzi  ~ 15.1 car/s
  s28    62.93 ->   73.18  10.26s grezzi  ~ 17.1 car/s
  s29    73.18 ->   89.07  15.89s grezzi  ~ 17.6 car/s
  s30    89.07 ->  104.32  15.25s grezzi  ~ 15.4 car/s
  s31   104.32 ->  116.83  12.51s grezzi  ~ 17.4 car/s
  s32   116.83 ->  131.22  14.39s grezzi  ~ 15.4 car/s
  s33   131.22 ->  137.03   5.80s grezzi  ~ 15.7 car/s
  s34   137.03 ->  146.51   9.48s grezzi  ~ 18.1 car/s
  s35   146.51 ->  160.25  13.74s grezzi  ~ 18.3 car/s
  s36   160.25 ->  166.93   6.67s grezzi  ~ 22.2 car/s   <-- FUORI FASCIA
  s37   166.93 ->  185.11  18.18s grezzi  ~ 13.1 car/s
  s38   185.11 ->  196.13  11.02s grezzi  ~ 17.9 car/s
  s39   196.13 ->  203.59   7.46s grezzi  ~ 28.2 car/s   <-- FUORI FASCIA
  s40   203.59 ->  218.59  15.00s grezzi  ~ 12.8 car/s
  s41   218.59 ->  240.72  22.13s grezzi  ~ 11.4 car/s
  s42   240.72 ->  248.98   8.25s grezzi  ~ 10.2 car/s
  s43   248.98 ->  263.13  14.16s grezzi  ~ 15.4 car/s
  s44   263.13 ->  282.27  19.13s grezzi  ~ 11.8 car/s
  s45   282.27 ->  297.33  15.06s grezzi  ~ 13.3 car/s
  s46   297.33 ->  310.59  13.26s grezzi  ~ 14.0 car/s
  s47   310.59 ->  323.04  12.45s grezzi  ~ 16.2 car/s

fuori fascia: 2
prova.mp3: 44 spezzoni, 180.4 s — 1,6 s prima di ogni taglio, separati da 2.5 s di silenzio
