  [97 pezzi di testo · 97 spezzoni di audio · 17.5 car/s grezzi · pausa minima 0.18 s · 0 fuori fascia]

traccia A  263.20 s grezzi  ·  22 blocchi
  s02     0.00 ->   14.99  14.99s grezzi  ~ 18.3 car/s
  s03    14.99 ->   25.34  10.36s grezzi  ~ 19.2 car/s
  s04    25.34 ->   29.69   4.35s grezzi  ~ 15.3 car/s
  s05    29.69 ->   42.28  12.59s grezzi  ~ 14.4 car/s
  s06    42.28 ->   55.38  13.10s grezzi  ~ 16.8 car/s
  s07    55.38 ->   69.26  13.88s grezzi  ~ 16.7 car/s
  s08    69.26 ->   82.34  13.08s grezzi  ~ 14.4 car/s
  s09    82.34 ->   94.04  11.70s grezzi  ~ 18.0 car/s
  s10    94.04 ->  107.46  13.42s grezzi  ~ 17.6 car/s
  s11   107.46 ->  120.58  13.12s grezzi  ~ 15.7 car/s
  s12   120.58 ->  134.94  14.35s grezzi  ~ 18.2 car/s
  s13   134.94 ->  151.41  16.48s grezzi  ~ 16.1 car/s
  s14   151.41 ->  161.65  10.24s grezzi  ~ 16.8 car/s
  s15   161.65 ->  167.40   5.75s grezzi  ~ 13.8 car/s
  s16   167.40 ->  181.14  13.74s grezzi  ~ 16.3 car/s
  s17   181.14 ->  195.96  14.81s grezzi  ~ 16.0 car/s
  s18   195.96 ->  209.40  13.44s grezzi  ~ 17.7 car/s
  s19   209.40 ->  220.52  11.12s grezzi  ~ 18.7 car/s
  s20   220.52 ->  234.20  13.68s grezzi  ~ 18.3 car/s
  s21   234.20 ->  247.53  13.33s grezzi  ~ 17.3 car/s
  s22   247.53 ->  259.11  11.57s grezzi  ~ 17.1 car/s
  s23   259.11 ->  263.20   4.09s grezzi  ~ 15.2 car/s
  [123 pezzi di testo · 107 spezzoni di audio · 16.6 car/s grezzi · pausa minima 0.18 s · 0 fuori fascia]

traccia B  281.28 s grezzi  ·  24 blocchi
  s24     0.00 ->   10.97  10.97s grezzi  ~ 17.3 car/s
  s25    10.97 ->   24.41  13.43s grezzi  ~ 16.0 car/s
  s26    24.41 ->   39.11  14.70s grezzi  ~ 16.4 car/s
  s27    39.11 ->   52.73  13.62s grezzi  ~ 17.9 car/s
  s28    52.73 ->   63.14  10.41s grezzi  ~ 19.0 car/s
  s29    63.14 ->   73.61  10.47s grezzi  ~ 18.5 car/s
  s30    73.61 ->   86.59  12.98s grezzi  ~ 18.9 car/s
  s31    86.59 ->  102.07  15.48s grezzi  ~ 16.1 car/s
  s32   102.07 ->  114.31  12.24s grezzi  ~ 17.3 car/s
  s33   114.31 ->  118.92   4.61s grezzi  ~ 11.3 car/s
  s34   118.92 ->  130.03  11.11s grezzi  ~ 18.0 car/s
  s35   130.03 ->  142.12  12.09s grezzi  ~ 18.4 car/s
  s36   142.12 ->  155.24  13.12s grezzi  ~ 18.8 car/s
  s37   155.24 ->  168.91  13.67s grezzi  ~ 18.6 car/s
  s38   168.91 ->  180.77  11.86s grezzi  ~ 18.5 car/s
  s39   180.77 ->  194.99  14.21s grezzi  ~ 17.9 car/s
  s40   194.99 ->  210.22  15.24s grezzi  ~ 18.0 car/s
  s41   210.22 ->  222.57  12.35s grezzi  ~ 17.5 car/s
  s42   222.57 ->  227.00   4.42s grezzi  ~ 15.0 car/s
  s43   227.00 ->  238.02  11.02s grezzi  ~ 15.9 car/s
  s44   238.02 ->  249.35  11.33s grezzi  ~ 16.4 car/s
  s45   249.35 ->  257.73   8.38s grezzi  ~ 16.3 car/s
  s46   257.73 ->  269.92  12.19s grezzi  ~ 16.3 car/s
  s47   269.92 ->  281.28  11.36s grezzi  ~ 14.9 car/s

fuori fascia: 0
prova.mp3: 44 spezzoni, 180.4 s — 1,6 s prima di ogni taglio, separati da 2.5 s di silenzio
