  s02  audio   8.49s  scena   8.48s  scarto   10 ms
  s03  audio   9.67s  scena   9.68s  scarto   10 ms
  s04  audio   4.60s  scena   4.60s  scarto    0 ms
  s05  audio  10.29s  scena  10.28s  scarto   10 ms
  s06  audio   8.58s  scena   8.59s  scarto   10 ms
  s07  audio  10.97s  scena  10.96s  scarto   10 ms
  s08  audio  10.95s  scena  10.95s  scarto    0 ms
  s09  audio   9.64s  scena   9.64s  scarto    0 ms
  s10  audio   9.86s  scena   9.86s  scarto    0 ms
  s11  audio   9.59s  scena   9.60s  scarto   10 ms
  s12  audio   9.47s  scena   9.47s  scarto    0 ms
  s13  audio   8.37s  scena   8.36s  scarto   10 ms
  s14  audio   9.07s  scena   9.07s  scarto    0 ms
  s15  audio   4.60s  scena   4.60s  scarto    0 ms
  s16  audio  10.59s  scena  10.60s  scarto   10 ms
  s17  audio   8.67s  scena   8.68s  scarto   10 ms
  s18  audio   9.56s  scena   9.56s  scarto    0 ms
  s19  audio   9.37s  scena   9.36s  scarto   10 ms
  s20  audio   8.46s  scena   8.47s  scarto   10 ms
  s21  audio   9.33s  scena   9.32s  scarto   10 ms
  s22  audio   8.80s  scena   8.80s  scarto    0 ms
  s23  audio   8.59s  scena   8.59s  scarto    0 ms
  s24  audio   8.91s  scena   8.91s  scarto    0 ms
  s25  audio   4.60s  scena   4.60s  scarto    0 ms
  s26  audio  10.69s  scena  10.68s  scarto   10 ms
  s27  audio   8.52s  scena   8.52s  scarto    0 ms
  s28  audio  10.98s  scena  10.98s  scarto    0 ms
  s29  audio  11.37s  scena  11.36s  scarto   10 ms
  s30  audio   9.00s  scena   9.00s  scarto    0 ms
  s31  audio   9.33s  scena   9.32s  scarto   10 ms
  s32  audio  11.86s  scena  11.86s  scarto    0 ms
  s33  audio   9.35s  scena   9.35s  scarto    0 ms
  s34  audio   4.60s  scena   4.60s  scarto    0 ms
  s35  audio  10.30s  scena  10.30s  scarto    0 ms
  s36  audio   9.64s  scena   9.64s  scarto    0 ms
  s37  audio   9.65s  scena   9.64s  scarto   10 ms
  s38  audio  10.84s  scena  10.84s  scarto    0 ms
  s39  audio   9.00s  scena   9.00s  scarto    0 ms
  s40  audio  10.68s  scena  10.68s  scarto    0 ms
  s41  audio   9.85s  scena   9.84s  scarto   10 ms
  s42  audio   4.60s  scena   4.60s  scarto    0 ms
  s43  audio  11.03s  scena  11.04s  scarto   10 ms
  s44  audio  12.19s  scena  12.19s  scarto    0 ms
  s45  audio   9.15s  scena   9.16s  scarto   10 ms
  s46  audio   8.94s  scena   8.96s  scarto   20 ms
  s47  audio  10.47s  scena  10.47s  scarto    0 ms

48 scene · parlato 423.1 s · con copertina 3 s e chiusura 10 s → 7:16.1
scarto massimo audio/video: 20 ms su s46
montato-10.6.mp4  7:16.36  14 MB
montato-10.6.srt  46 sottotitoli
:0[0x1](und): Video: h264 (High) (avc1 / 0x31637661), yuv420p(progressive), 1920x1080, 117 kb/s, 24.99 fps, 25 tbr, 12800 tbn (default)
      Metadata
CONTROLLI PRIMA DI CONSEGNARE (MASTER §6)

  [OK  ] verifica per trascrizione (traccia intera): 100.0% delle parole coincide, buchi nel parlato: 0
  [OK  ] fascia 8.5-21 car/s: tutti dentro
  [OK  ] PNG renderizzati e guardati: 48 su 48 scene (tetto 50)
  [OK  ] nessuna slide sfora la cornice: 0 sforano
  [OK  ] scene totali: 48 (tetto 50)
  [OK  ] durata 7:16.36 — chiesti 7:01.00
  [OK  ] sottotitoli SRT: 46 righe su 46 blocchi
  [NO  ] registro con la sezione «da verificare»

7/8 superati
FATTO
