  [83 pezzi di testo · 71 spezzoni di audio · 16.4 car/s grezzi · pausa minima 0.22 s · 0 fuori fascia]

traccia A  233.20 s grezzi  ·  22 blocchi
  s02     0.00 ->   12.31  12.31s grezzi  ~ 19.1 car/s
  s03    12.31 ->   25.28  12.97s grezzi  ~ 16.9 car/s
  s04    25.28 ->   28.89   3.62s grezzi  ~ 15.5 car/s
  s05    28.89 ->   42.04  13.14s grezzi  ~ 16.2 car/s
  s06    42.04 ->   53.56  11.52s grezzi  ~ 20.3 car/s
  s07    53.56 ->   66.66  13.10s grezzi  ~ 17.8 car/s
  s08    66.66 ->   78.45  11.79s grezzi  ~ 19.7 car/s
  s09    78.45 ->   90.05  11.60s grezzi  ~ 18.9 car/s
  s10    90.05 ->  102.53  12.48s grezzi  ~ 18.7 car/s
  s11   102.53 ->  113.31  10.78s grezzi  ~ 18.5 car/s
  s12   113.31 ->  124.68  11.37s grezzi  ~ 17.6 car/s
  s13   124.68 ->  137.27  12.59s grezzi  ~ 18.0 car/s
  s14   137.27 ->  147.74  10.48s grezzi  ~ 18.9 car/s
  s15   147.74 ->  151.74   4.00s grezzi  ~ 14.9 car/s
  s16   151.74 ->  161.83  10.09s grezzi  ~ 19.1 car/s
  s17   161.83 ->  173.87  12.03s grezzi  ~ 18.6 car/s
  s18   173.87 ->  186.35  12.48s grezzi  ~ 18.4 car/s
  s19   186.35 ->  200.09  13.75s grezzi  ~ 17.0 car/s
  s20   200.09 ->  207.74   7.65s grezzi  ~ 19.4 car/s
  s21   207.74 ->  218.69  10.94s grezzi  ~ 18.6 car/s
  s22   218.69 ->  230.38  11.69s grezzi  ~ 18.0 car/s
  s23   230.38 ->  233.20   2.82s grezzi  ~ 18.4 car/s
  [108 pezzi di testo · 109 spezzoni di audio · 17.2 car/s grezzi · pausa minima 0.12 s · 0 fuori fascia]

traccia B  283.68 s grezzi  ·  26 blocchi
  s24     0.00 ->   11.19  11.19s grezzi  ~ 19.5 car/s
  s25    11.19 ->   23.91  12.72s grezzi  ~ 19.6 car/s
  s26    23.91 ->   31.60   7.69s grezzi  ~ 19.1 car/s
  s27    31.60 ->   43.11  11.51s grezzi  ~ 17.1 car/s
  s28    43.11 ->   52.73   9.63s grezzi  ~ 18.2 car/s
  s29    52.73 ->   68.21  15.47s grezzi  ~ 17.6 car/s
  s30    68.21 ->   78.25  10.05s grezzi  ~ 19.1 car/s
  s31    78.25 ->   88.71  10.46s grezzi  ~ 20.3 car/s
  s32    88.71 ->   98.59   9.87s grezzi  ~ 20.0 car/s
  s33    98.59 ->  109.82  11.24s grezzi  ~ 18.6 car/s
  s34   109.82 ->  114.79   4.97s grezzi  ~ 13.1 car/s
  s35   114.79 ->  124.81  10.02s grezzi  ~ 19.2 car/s
  s36   124.81 ->  134.09   9.28s grezzi  ~ 19.6 car/s
  s37   134.09 ->  145.42  11.33s grezzi  ~ 19.7 car/s
  s38   145.42 ->  156.59  11.18s grezzi  ~ 19.0 car/s
  s39   156.59 ->  171.09  14.50s grezzi  ~ 19.0 car/s
  s40   171.09 ->  182.18  11.09s grezzi  ~ 18.3 car/s
  s41   182.18 ->  192.72  10.54s grezzi  ~ 20.0 car/s
  s42   192.72 ->  205.65  12.92s grezzi  ~ 18.9 car/s
  s43   205.65 ->  217.89  12.24s grezzi  ~ 19.5 car/s
  s44   217.89 ->  221.95   4.06s grezzi  ~ 15.0 car/s
  s45   221.95 ->  234.65  12.70s grezzi  ~ 18.9 car/s
  s46   234.65 ->  246.85  12.21s grezzi  ~ 17.9 car/s
  s47   246.85 ->  258.83  11.98s grezzi  ~ 17.5 car/s
  s48   258.83 ->  268.79   9.96s grezzi  ~ 19.2 car/s
  s49   268.79 ->  283.68  14.89s grezzi  ~ 16.8 car/s

fuori fascia: 0
prova.mp3: 46 spezzoni, 188.6 s — 1,6 s prima di ogni taglio, separati da 2.5 s di silenzio
