  [97 pezzi di testo · 91 spezzoni di audio · 17.2 car/s grezzi · pausa minima 0.18 s · 0 fuori fascia]

traccia A  245.36 s grezzi  ·  22 blocchi
  s02     0.00 ->   15.44  15.44s grezzi  ~ 18.0 car/s
  s03    15.44 ->   29.44  14.01s grezzi  ~ 15.1 car/s
  s04    29.44 ->   34.62   5.18s grezzi  ~ 16.8 car/s
  s05    34.62 ->   47.91  13.29s grezzi  ~ 15.6 car/s
  s06    47.91 ->   58.83  10.92s grezzi  ~ 16.3 car/s
  s07    58.83 ->   71.55  12.72s grezzi  ~ 19.8 car/s
  s08    71.55 ->   84.57  13.02s grezzi  ~ 20.2 car/s
  s09    84.57 ->   97.93  13.37s grezzi  ~ 19.5 car/s
  s10    97.93 ->  110.17  12.24s grezzi  ~ 20.6 car/s
  s11   110.17 ->  124.26  14.09s grezzi  ~ 19.8 car/s
  s12   124.26 ->  134.59  10.33s grezzi  ~ 17.2 car/s
  s13   134.59 ->  138.49   3.91s grezzi  ~ 17.3 car/s
  s14   138.49 ->  149.22  10.72s grezzi  ~ 18.9 car/s
  s15   149.22 ->  163.47  14.25s grezzi  ~ 17.6 car/s
  s16   163.47 ->  178.97  15.50s grezzi  ~ 18.8 car/s
  s17   178.97 ->  190.74  11.77s grezzi  ~ 20.3 car/s
  s18   190.74 ->  201.55  10.81s grezzi  ~ 17.9 car/s
  s19   201.55 ->  211.39   9.84s grezzi  ~ 20.2 car/s
  s20   211.39 ->  222.18  10.79s grezzi  ~ 20.0 car/s
  s21   222.18 ->  232.73  10.54s grezzi  ~ 19.6 car/s
  s22   232.73 ->  241.58   8.86s grezzi  ~ 20.7 car/s
  s23   241.58 ->  245.36   3.78s grezzi  ~ 15.8 car/s
  [110 pezzi di testo · 106 spezzoni di audio · 17.4 car/s grezzi · pausa minima 0.18 s · 0 fuori fascia]

traccia B  300.40 s grezzi  ·  26 blocchi
  s24     0.00 ->    9.01   9.01s grezzi  ~ 16.2 car/s
  s25     9.01 ->   21.08  12.06s grezzi  ~ 19.9 car/s
  s26    21.08 ->   34.43  13.35s grezzi  ~ 19.3 car/s
  s27    34.43 ->   46.53  12.10s grezzi  ~ 19.7 car/s
  s28    46.53 ->   57.68  11.15s grezzi  ~ 18.8 car/s
  s29    57.68 ->   69.00  11.32s grezzi  ~ 14.6 car/s
  s30    69.00 ->   83.91  14.91s grezzi  ~ 19.5 car/s
  s31    83.91 ->   93.55   9.64s grezzi  ~ 19.8 car/s
  s32    93.55 ->  105.28  11.73s grezzi  ~ 18.5 car/s
  s33   105.28 ->  109.56   4.28s grezzi  ~ 15.2 car/s
  s34   109.56 ->  121.51  11.95s grezzi  ~ 17.7 car/s
  s35   121.51 ->  132.89  11.38s grezzi  ~ 19.5 car/s
  s36   132.89 ->  144.82  11.94s grezzi  ~ 19.2 car/s
  s37   144.82 ->  158.53  13.71s grezzi  ~ 18.5 car/s
  s38   158.53 ->  170.87  12.34s grezzi  ~ 18.2 car/s
  s39   170.87 ->  185.82  14.95s grezzi  ~ 18.2 car/s
  s40   185.82 ->  198.06  12.24s grezzi  ~ 17.8 car/s
  s41   198.06 ->  210.04  11.97s grezzi  ~ 18.0 car/s
  s42   210.04 ->  219.92   9.89s grezzi  ~ 18.0 car/s
  s43   219.92 ->  230.21  10.29s grezzi  ~ 17.3 car/s
  s44   230.21 ->  234.13   3.92s grezzi  ~ 13.6 car/s
  s45   234.13 ->  248.53  14.40s grezzi  ~ 15.9 car/s
  s46   248.53 ->  261.60  13.07s grezzi  ~ 18.4 car/s
  s47   261.60 ->  276.56  14.96s grezzi  ~ 17.0 car/s
  s48   276.56 ->  288.09  11.52s grezzi  ~ 16.8 car/s
  s49   288.09 ->  300.40  12.31s grezzi  ~ 15.0 car/s

fuori fascia: 0
prova.mp3: 46 spezzoni, 188.6 s — 1,6 s prima di ogni taglio, separati da 2.5 s di silenzio
