  s02  audio  11.04s  scena  11.04s  scarto    0 ms
  s03  audio   9.36s  scena   9.36s  scarto    0 ms
  s04  audio   4.60s  scena   4.60s  scarto    0 ms
  s05  audio  10.54s  scena  10.54s  scarto    0 ms
  s06  audio  14.72s  scena  14.72s  scarto    0 ms
  s07  audio  12.61s  scena  12.60s  scarto   10 ms
  s08  audio  12.56s  scena  12.56s  scarto    0 ms
  s09  audio  13.65s  scena  13.64s  scarto   10 ms
  s10  audio  12.35s  scena  12.35s  scarto    0 ms
  s11  audio  12.27s  scena  12.28s  scarto   10 ms
  s12  audio  11.50s  scena  11.51s  scarto   10 ms
  s13  audio  14.48s  scena  14.48s  scarto    0 ms
  s14  audio   5.42s  scena   5.43s  scarto   10 ms
  s15  audio   9.98s  scena   9.98s  scarto    0 ms
  s16  audio   9.24s  scena   9.24s  scarto    0 ms
  s17  audio  11.17s  scena  11.16s  scarto   10 ms
  s18  audio  12.90s  scena  12.91s  scarto   10 ms
  s19  audio   9.75s  scena   9.75s  scarto    0 ms
  s20  audio  10.40s  scena  10.40s  scarto    0 ms
  s21  audio   9.44s  scena   9.44s  scarto    0 ms
  s22  audio  12.15s  scena  12.16s  scarto   10 ms
  s23  audio   4.60s  scena   4.60s  scarto    0 ms
  s24  audio  13.49s  scena  13.48s  scarto   10 ms
  s25  audio  10.74s  scena  10.75s  scarto   10 ms
  s26  audio  11.32s  scena  11.32s  scarto    0 ms
  s27  audio  11.14s  scena  11.14s  scarto    0 ms
  s28  audio  10.41s  scena  10.40s  scarto   10 ms
  s29  audio  10.31s  scena  10.32s  scarto   10 ms
  s30  audio  12.29s  scena  12.28s  scarto   10 ms
  s31  audio   5.33s  scena   5.32s  scarto   10 ms
  s32  audio  11.81s  scena  11.80s  scarto   10 ms
  s33  audio   9.99s  scena  10.00s  scarto   10 ms
  s34  audio  11.82s  scena  11.84s  scarto   20 ms
  s35  audio  12.10s  scena  12.12s  scarto   20 ms
  s36  audio  10.32s  scena  10.32s  scarto    0 ms
  s37  audio  12.46s  scena  12.46s  scarto    0 ms
  s38  audio  12.85s  scena  12.84s  scarto   10 ms
  s39  audio   4.60s  scena   4.60s  scarto    0 ms
  s40  audio  10.45s  scena  10.44s  scarto   10 ms
  s41  audio  10.32s  scena  10.32s  scarto    0 ms
  s42  audio   9.16s  scena   9.16s  scarto    0 ms
  s43  audio  10.11s  scena  10.12s  scarto   10 ms
  s44  audio   7.33s  scena   7.32s  scarto   10 ms

45 scene · parlato 453.1 s · con copertina 3 s e chiusura 10 s → 7:46.1
scarto massimo audio/video: 20 ms su s34
montato-12.3.mp4  7:46.36  16 MB
montato-12.3.srt  43 sottotitoli
:0[0x1](und): Video: h264 (High) (avc1 / 0x31637661), yuv420p(progressive), 1920x1080, 135 kb/s, 24.99 fps, 25 tbr, 12800 tbn (default)
      Metadata
CONTROLLI PRIMA DI CONSEGNARE (MASTER §6)

  [NO  ] verifica per trascrizione (traccia intera): 99.4% delle parole coincide, buchi nel parlato: 1
  [OK  ] fascia 8.5-21 car/s: tutti dentro
  [OK  ] PNG renderizzati e guardati: 45 su 45 scene (tetto 50)
  [OK  ] nessuna slide sfora la cornice: 0 sforano
  [OK  ] scene totali: 45 (tetto 50)
  [OK  ] durata 7:46.36 — chiesti 7:01.00
  [OK  ] sottotitoli SRT: 43 righe su 43 blocchi
  [NO  ] registro con la sezione «da verificare»

6/8 superati
FATTO
