  s02  audio  11.32s  scena  11.32s  scarto    0 ms
  s03  audio   8.48s  scena   8.48s  scarto    0 ms
  s04  audio   5.26s  scena   5.27s  scarto   10 ms
  s05  audio   9.46s  scena   9.47s  scarto   10 ms
  s06  audio   8.90s  scena   8.91s  scarto   10 ms
  s07  audio   8.79s  scena   8.80s  scarto   10 ms
  s08  audio   8.61s  scena   8.60s  scarto   10 ms
  s09  audio  11.05s  scena  11.04s  scarto   10 ms
  s10  audio   7.65s  scena   7.64s  scarto   10 ms
  s11  audio   8.52s  scena   8.52s  scarto    0 ms
  s12  audio  10.32s  scena  10.32s  scarto    0 ms
  s13  audio   9.77s  scena   9.76s  scarto   10 ms
  s14  audio   9.61s  scena   9.60s  scarto   10 ms
  s15  audio   4.94s  scena   4.94s  scarto    0 ms
  s16  audio   9.37s  scena   9.36s  scarto   10 ms
  s17  audio   7.66s  scena   7.66s  scarto    0 ms
  s18  audio  10.56s  scena  10.56s  scarto    0 ms
  s19  audio   8.58s  scena   8.59s  scarto   10 ms
  s20  audio   8.10s  scena   8.10s  scarto    0 ms
  s21  audio   8.91s  scena   8.91s  scarto    0 ms
  s22  audio  10.59s  scena  10.60s  scarto   10 ms
  s23  audio   7.45s  scena   7.44s  scarto   10 ms
  s24  audio  10.85s  scena  10.84s  scarto   10 ms
  s25  audio   4.60s  scena   4.60s  scarto    0 ms
  s26  audio  12.27s  scena  12.28s  scarto   10 ms
  s27  audio  10.88s  scena  10.88s  scarto    0 ms
  s28  audio   7.21s  scena   7.20s  scarto   10 ms
  s29  audio   7.95s  scena   7.96s  scarto   10 ms
  s30  audio  10.26s  scena  10.26s  scarto    0 ms
  s31  audio   9.30s  scena   9.31s  scarto   10 ms
  s32  audio   9.97s  scena   9.96s  scarto   10 ms
  s33  audio   9.33s  scena   9.32s  scarto   10 ms
  s34  audio   5.14s  scena   5.15s  scarto   10 ms
  s35  audio   9.90s  scena   9.91s  scarto   10 ms
  s36  audio  10.20s  scena  10.20s  scarto    0 ms
  s37  audio   8.88s  scena   8.88s  scarto    0 ms
  s38  audio   8.40s  scena   8.40s  scarto    0 ms
  s39  audio  11.08s  scena  11.08s  scarto    0 ms
  s40  audio  10.75s  scena  10.75s  scarto    0 ms
  s41  audio   9.54s  scena   9.54s  scarto    0 ms
  s42  audio   9.36s  scena   9.36s  scarto    0 ms
  s43  audio   9.84s  scena   9.84s  scarto    0 ms
  s44  audio   4.60s  scena   4.60s  scarto    0 ms
  s45  audio  13.28s  scena  13.28s  scarto    0 ms
  s46  audio  11.54s  scena  11.54s  scarto    0 ms
  s47  audio   9.18s  scena   9.19s  scarto   10 ms
  s48  audio   8.71s  scena   8.72s  scarto   10 ms
  s49  audio  10.13s  scena  10.12s  scarto   10 ms

50 scene · parlato 437.1 s · con copertina 3 s e chiusura 10 s → 7:30.1
scarto massimo audio/video: 10 ms su s07
montato-8.6.mp4  7:30.43  16 MB
montato-8.6.srt  48 sottotitoli
:0[0x1](und): Video: h264 (High) (avc1 / 0x31637661), yuv420p(progressive), 1920x1080, 149 kb/s, 24.99 fps, 25 tbr, 12800 tbn (default)
      Metadata
CONTROLLI PRIMA DI CONSEGNARE (MASTER §6)

  [OK  ] verifica per trascrizione (traccia intera): 99.6% delle parole coincide, buchi nel parlato: 0
  [OK  ] fascia 8.5-21 car/s: tutti dentro
  [OK  ] PNG renderizzati e guardati: 50 su 50 scene (tetto 50)
  [OK  ] nessuna slide sfora la cornice: 0 sforano
  [OK  ] scene totali: 50 (tetto 50)
  [OK  ] durata 7:30.43 — chiesti 7:01.00
  [OK  ] sottotitoli SRT: 48 righe su 48 blocchi
  [NO  ] registro con la sezione «da verificare»

7/8 superati
FATTO
