  s02  audio  12.62s  scena  12.63s  scarto   10 ms
  s03  audio  12.09s  scena  12.08s  scarto   10 ms
  s04  audio   4.91s  scena   4.92s  scarto   10 ms
  s05  audio  11.40s  scena  11.40s  scarto    0 ms
  s06  audio  11.88s  scena  11.88s  scarto    0 ms
  s07  audio   9.48s  scena   9.48s  scarto    0 ms
  s08  audio   7.29s  scena   7.28s  scarto   10 ms
  s09  audio   7.77s  scena   7.76s  scarto   10 ms
  s10  audio   6.75s  scena   6.75s  scarto    0 ms
  s11  audio   9.23s  scena   9.24s  scarto   10 ms
  s12  audio  11.06s  scena  11.07s  scarto   10 ms
  s13  audio   8.70s  scena   8.70s  scarto    0 ms
  s14  audio   4.60s  scena   4.60s  scarto    0 ms
  s15  audio  10.84s  scena  10.84s  scarto    0 ms
  s16  audio   8.69s  scena   8.68s  scarto   10 ms
  s17  audio   8.40s  scena   8.40s  scarto    0 ms
  s18  audio   7.76s  scena   7.76s  scarto    0 ms
  s19  audio  10.02s  scena  10.03s  scarto   10 ms
  s20  audio  10.10s  scena  10.10s  scarto    0 ms
  s21  audio  10.54s  scena  10.54s  scarto    0 ms
  s22  audio  10.19s  scena  10.19s  scarto    0 ms
  s23  audio   8.65s  scena   8.64s  scarto   10 ms
  s24  audio   5.20s  scena   5.20s  scarto    0 ms
  s25  audio  11.01s  scena  11.00s  scarto   10 ms
  s26  audio  11.51s  scena  11.51s  scarto    0 ms
  s27  audio  12.02s  scena  12.02s  scarto    0 ms
  s28  audio   8.07s  scena   8.08s  scarto   10 ms
  s29  audio   7.91s  scena   7.91s  scarto    0 ms
  s30  audio  11.80s  scena  11.80s  scarto    0 ms
  s31  audio   9.85s  scena   9.84s  scarto   10 ms
  s32  audio   8.88s  scena   8.88s  scarto    0 ms
  s33  audio   4.81s  scena   4.80s  scarto   10 ms
  s34  audio   9.57s  scena   9.56s  scarto   10 ms
  s35  audio   9.67s  scena   9.68s  scarto   10 ms
  s36  audio   5.94s  scena   5.94s  scarto    0 ms
  s37  audio   9.47s  scena   9.47s  scarto    0 ms
  s38  audio   8.45s  scena   8.44s  scarto   10 ms
  s39  audio   8.76s  scena   8.76s  scarto    0 ms
  s40  audio   9.60s  scena   9.60s  scarto    0 ms
  s41  audio   9.01s  scena   9.00s  scarto   10 ms
  s42  audio   8.67s  scena   8.68s  scarto   10 ms
  s43  audio   4.60s  scena   4.60s  scarto    0 ms
  s44  audio  12.12s  scena  12.12s  scarto    0 ms
  s45  audio  11.53s  scena  11.52s  scarto   10 ms
  s46  audio  13.05s  scena  13.04s  scarto   10 ms
  s47  audio   7.92s  scena   7.92s  scarto    0 ms
  s48  audio   9.23s  scena   9.24s  scarto   10 ms

49 scene · parlato 431.6 s · con copertina 3 s e chiusura 10 s → 7:24.6
scarto massimo audio/video: 10 ms su s02
montato-6.4.mp4  7:24.92  16 MB
montato-6.4.srt  47 sottotitoli
:0[0x1](und): Video: h264 (High) (avc1 / 0x31637661), yuv420p(progressive), 1920x1080, 148 kb/s, 24.99 fps, 25 tbr, 12800 tbn (default)
      Metadata
CONTROLLI PRIMA DI CONSEGNARE (MASTER §6)

  [OK  ] verifica per trascrizione (traccia intera): 100.0% delle parole coincide, buchi nel parlato: 0
  [OK  ] fascia 8.5-21 car/s: tutti dentro
  [OK  ] PNG renderizzati e guardati: 49 su 49 scene (tetto 50)
  [OK  ] nessuna slide sfora la cornice: 0 sforano
  [OK  ] scene totali: 49 (tetto 50)
  [OK  ] durata 7:24.92 — chiesti 7:01.00
  [OK  ] sottotitoli SRT: 47 righe su 47 blocchi
  [NO  ] registro con la sezione «da verificare»

7/8 superati
FATTO
