  [85 pezzi di testo · 82 spezzoni di audio · 17.7 car/s grezzi · pausa minima 0.18 s · 1 fuori fascia]

traccia A  266.16 s grezzi  ·  24 blocchi
  s02     0.00 ->    8.99   8.99s grezzi  ~ 20.5 car/s
  s03     8.99 ->   22.48  13.49s grezzi  ~ 18.1 car/s
  s04    22.48 ->   26.95   4.47s grezzi  ~ 13.4 car/s
  s05    26.95 ->   41.76  14.81s grezzi  ~ 14.8 car/s
  s06    41.76 ->   53.36  11.60s grezzi  ~ 17.3 car/s
  s07    53.36 ->   67.44  14.08s grezzi  ~ 18.0 car/s
  s08    67.44 ->   80.99  13.55s grezzi  ~ 19.1 car/s
  s09    80.99 ->   94.16  13.17s grezzi  ~ 17.9 car/s
  s10    94.16 ->  106.79  12.63s grezzi  ~ 18.9 car/s
  s11   106.79 ->  119.42  12.63s grezzi  ~ 18.6 car/s
  s12   119.42 ->  131.42  12.00s grezzi  ~ 19.5 car/s
  s13   131.42 ->  142.09  10.67s grezzi  ~ 19.0 car/s
  s14   142.09 ->  153.14  11.05s grezzi  ~ 17.1 car/s
  s15   153.14 ->  156.67   3.53s grezzi  ~ 15.5 car/s
  s16   156.67 ->  170.73  14.06s grezzi  ~ 16.7 car/s
  s17   170.73 ->  181.78  11.05s grezzi  ~ 20.2 car/s
  s18   181.78 ->  194.35  12.57s grezzi  ~ 19.0 car/s
  s19   194.35 ->  206.55  12.20s grezzi  ~ 19.5 car/s
  s20   206.55 ->  217.39  10.85s grezzi  ~ 19.3 car/s
  s21   217.39 ->  229.57  12.18s grezzi  ~ 19.8 car/s
  s22   229.57 ->  241.22  11.65s grezzi  ~ 19.6 car/s
  s23   241.22 ->  251.77  10.54s grezzi  ~ 21.6 car/s   <-- FUORI FASCIA
  s24   251.77 ->  262.68  10.92s grezzi  ~ 18.1 car/s
  s25   262.68 ->  266.16   3.48s grezzi  ~ 18.0 car/s
  [76 pezzi di testo · 74 spezzoni di audio · 16.1 car/s grezzi · pausa minima 0.18 s · 0 fuori fascia]

traccia B  259.28 s grezzi  ·  22 blocchi
  s26     0.00 ->   11.95  11.95s grezzi  ~ 20.0 car/s
  s27    11.95 ->   22.78  10.83s grezzi  ~ 17.8 car/s
  s28    22.78 ->   36.57  13.79s grezzi  ~ 17.4 car/s
  s29    36.57 ->   51.12  14.56s grezzi  ~ 17.3 car/s
  s30    51.12 ->   62.48  11.35s grezzi  ~ 17.6 car/s
  s31    62.48 ->   74.16  11.68s grezzi  ~ 18.3 car/s
  s32    74.16 ->   89.38  15.22s grezzi  ~ 16.7 car/s
  s33    89.38 ->  100.55  11.17s grezzi  ~ 18.3 car/s
  s34   100.55 ->  104.83   4.28s grezzi  ~ 13.4 car/s
  s35   104.83 ->  117.28  12.45s grezzi  ~ 18.2 car/s
  s36   117.28 ->  129.02  11.74s grezzi  ~ 19.5 car/s
  s37   129.02 ->  141.36  12.33s grezzi  ~ 17.8 car/s
  s38   141.36 ->  154.45  13.09s grezzi  ~ 18.8 car/s
  s39   154.45 ->  165.75  11.31s grezzi  ~ 19.0 car/s
  s40   165.75 ->  179.07  13.31s grezzi  ~ 17.4 car/s
  s41   179.07 ->  190.96  11.89s grezzi  ~ 17.1 car/s
  s42   190.96 ->  194.87   3.91s grezzi  ~ 14.6 car/s
  s43   194.87 ->  208.32  13.46s grezzi  ~ 16.2 car/s
  s44   208.32 ->  222.97  14.65s grezzi  ~ 16.8 car/s
  s45   222.97 ->  234.24  11.27s grezzi  ~ 16.6 car/s
  s46   234.24 ->  245.10  10.86s grezzi  ~ 17.1 car/s
  s47   245.10 ->  259.28  14.18s grezzi  ~ 16.2 car/s

fuori fascia: 1
prova.mp3: 44 spezzoni, 180.4 s — 1,6 s prima di ogni taglio, separati da 2.5 s di silenzio
