  [81 pezzi di testo · 79 spezzoni di audio · 16.7 car/s grezzi · pausa minima 0.22 s · 1 fuori fascia]

traccia A  282.80 s grezzi  ·  24 blocchi
  s02     0.00 ->   11.95  11.95s grezzi  ~ 20.0 car/s
  s03    11.95 ->   26.65  14.70s grezzi  ~ 17.1 car/s
  s04    26.65 ->   31.65   5.00s grezzi  ~ 14.8 car/s
  s05    31.65 ->   44.66  13.00s grezzi  ~ 14.5 car/s
  s06    44.66 ->   59.61  14.95s grezzi  ~ 14.9 car/s
  s07    59.61 ->   69.78  10.18s grezzi  ~ 18.3 car/s
  s08    69.78 ->   82.27  12.49s grezzi  ~ 19.4 car/s
  s09    82.27 ->   94.72  12.45s grezzi  ~ 18.0 car/s
  s10    94.72 ->  108.85  14.13s grezzi  ~ 19.3 car/s
  s11   108.85 ->  122.32  13.47s grezzi  ~ 18.2 car/s
  s12   122.32 ->  133.92  11.60s grezzi  ~ 17.0 car/s
  s13   133.92 ->  145.27  11.35s grezzi  ~ 17.3 car/s
  s14   145.27 ->  149.99   4.72s grezzi  ~ 15.4 car/s
  s15   149.99 ->  165.05  15.07s grezzi  ~ 16.2 car/s
  s16   165.05 ->  177.73  12.67s grezzi  ~ 18.0 car/s
  s17   177.73 ->  188.27  10.54s grezzi  ~ 18.7 car/s
  s18   188.27 ->  200.72  12.45s grezzi  ~ 18.9 car/s
  s19   200.72 ->  214.71  13.99s grezzi  ~ 15.8 car/s
  s20   214.71 ->  225.34  10.63s grezzi  ~ 22.4 car/s   <-- FUORI FASCIA
  s21   225.34 ->  237.86  12.52s grezzi  ~ 19.0 car/s
  s22   237.86 ->  249.14  11.28s grezzi  ~ 18.2 car/s
  s23   249.14 ->  264.94  15.80s grezzi  ~ 16.2 car/s
  s24   264.94 ->  278.55  13.61s grezzi  ~ 15.1 car/s
  s25   278.55 ->  282.80   4.25s grezzi  ~ 14.4 car/s
  [87 pezzi di testo · 86 spezzoni di audio · 16.3 car/s grezzi · pausa minima 0.18 s · 0 fuori fascia]

traccia B  270.80 s grezzi  ·  22 blocchi
  s26     0.00 ->   10.75  10.75s grezzi  ~ 18.6 car/s
  s27    10.75 ->   24.07  13.32s grezzi  ~ 17.5 car/s
  s28    24.07 ->   36.51  12.43s grezzi  ~ 16.5 car/s
  s29    36.51 ->   49.62  13.11s grezzi  ~ 18.0 car/s
  s30    49.62 ->   60.73  11.11s grezzi  ~ 19.3 car/s
  s31    60.73 ->   75.61  14.88s grezzi  ~ 16.7 car/s
  s32    75.61 ->   89.68  14.07s grezzi  ~ 16.0 car/s
  s33    89.68 ->  102.92  13.24s grezzi  ~ 16.8 car/s
  s34   102.92 ->  108.65   5.73s grezzi  ~ 14.5 car/s
  s35   108.65 ->  121.64  12.99s grezzi  ~ 18.7 car/s
  s36   121.64 ->  136.07  14.43s grezzi  ~ 17.0 car/s
  s37   136.07 ->  149.67  13.60s grezzi  ~ 19.4 car/s
  s38   149.67 ->  162.70  13.03s grezzi  ~ 16.2 car/s
  s39   162.70 ->  176.32  13.62s grezzi  ~ 16.9 car/s
  s40   176.32 ->  190.41  14.09s grezzi  ~ 16.8 car/s
  s41   190.41 ->  203.05  12.64s grezzi  ~ 16.8 car/s
  s42   203.05 ->  206.95   3.91s grezzi  ~ 14.6 car/s
  s43   206.95 ->  221.04  14.09s grezzi  ~ 16.5 car/s
  s44   221.04 ->  233.47  12.43s grezzi  ~ 16.8 car/s
  s45   233.47 ->  247.50  14.03s grezzi  ~ 16.2 car/s
  s46   247.50 ->  257.16   9.66s grezzi  ~ 13.9 car/s
  s47   257.16 ->  270.80  13.64s grezzi  ~ 16.9 car/s

fuori fascia: 1
prova.mp3: 44 spezzoni, 180.4 s — 1,6 s prima di ogni taglio, separati da 2.5 s di silenzio
