  s02  audio   9.55s  scena   9.56s  scarto   10 ms
  s03  audio  10.30s  scena  10.30s  scarto    0 ms
  s04  audio   4.60s  scena   4.60s  scarto    0 ms
  s05  audio  13.77s  scena  13.76s  scarto   10 ms
  s06  audio   7.87s  scena   7.87s  scarto    0 ms
  s07  audio   9.30s  scena   9.31s  scarto   10 ms
  s08  audio  10.23s  scena  10.24s  scarto   10 ms
  s09  audio   6.47s  scena   6.47s  scarto    0 ms
  s10  audio   9.75s  scena   9.75s  scarto    0 ms
  s11  audio   7.84s  scena   7.84s  scarto    0 ms
  s12  audio  10.26s  scena  10.26s  scarto    0 ms
  s13  audio   8.08s  scena   8.08s  scarto    0 ms
  s14  audio   4.64s  scena   4.64s  scarto    0 ms
  s15  audio  10.92s  scena  10.92s  scarto    0 ms
  s16  audio  10.09s  scena  10.08s  scarto   10 ms
  s17  audio   8.37s  scena   8.36s  scarto   10 ms
  s18  audio   9.96s  scena   9.96s  scarto    0 ms
  s19  audio   8.03s  scena   8.03s  scarto    0 ms
  s20  audio  11.15s  scena  11.16s  scarto   10 ms
  s21  audio   8.43s  scena   8.44s  scarto   10 ms
  s22  audio   9.97s  scena   9.96s  scarto   10 ms
  s23  audio  10.14s  scena  10.14s  scarto    0 ms
  s24  audio  10.19s  scena  10.19s  scarto    0 ms
  s25  audio   5.44s  scena   5.44s  scarto    0 ms
  s26  audio   7.68s  scena   7.68s  scarto    0 ms
  s27  audio   9.73s  scena   9.72s  scarto   10 ms
  s28  audio  12.04s  scena  12.04s  scarto    0 ms
  s29  audio   9.94s  scena   9.96s  scarto   20 ms
  s30  audio  10.25s  scena  10.24s  scarto   10 ms
  s31  audio   8.30s  scena   8.31s  scarto   10 ms
  s32  audio   8.61s  scena   8.60s  scarto   10 ms
  s33  audio   8.40s  scena   8.40s  scarto    0 ms
  s34  audio   8.36s  scena   8.36s  scarto    0 ms
  s35  audio   4.60s  scena   4.60s  scarto    0 ms
  s36  audio   9.51s  scena   9.52s  scarto   10 ms
  s37  audio   8.36s  scena   8.36s  scarto    0 ms
  s38  audio   9.06s  scena   9.07s  scarto   10 ms
  s39  audio   8.74s  scena   8.75s  scarto   10 ms
  s40  audio  11.78s  scena  11.79s  scarto   10 ms
  s41  audio   9.52s  scena   9.52s  scarto    0 ms
  s42  audio   9.15s  scena   9.16s  scarto   10 ms
  s43  audio   8.25s  scena   8.24s  scarto   10 ms
  s44  audio   5.15s  scena   5.15s  scarto    0 ms
  s45  audio  12.92s  scena  12.92s  scarto    0 ms
  s46  audio  11.67s  scena  11.67s  scarto    0 ms
  s47  audio  11.80s  scena  11.80s  scarto    0 ms
  s48  audio   7.51s  scena   7.52s  scarto   10 ms
  s49  audio  10.16s  scena  10.16s  scarto    0 ms

50 scene · parlato 436.9 s · con copertina 3 s e chiusura 10 s → 7:29.9
scarto massimo audio/video: 20 ms su s29
montato-7.3.mp4  7:30.19  16 MB
montato-7.3.srt  48 sottotitoli
:0[0x1](und): Video: h264 (High) (avc1 / 0x31637661), yuv420p(progressive), 1920x1080, 141 kb/s, 25 fps, 25 tbr, 12800 tbn (default)
      Metadata:
 
CONTROLLI PRIMA DI CONSEGNARE (MASTER §6)

  [OK  ] verifica per trascrizione (traccia intera): 100.0% delle parole coincide, buchi nel parlato: 0
  [OK  ] fascia 8.5-21 car/s: tutti dentro
  [OK  ] PNG renderizzati e guardati: 50 su 50 scene (tetto 50)
  [OK  ] nessuna slide sfora la cornice: 0 sforano
  [OK  ] scene totali: 50 (tetto 50)
  [OK  ] durata 7:30.19 — chiesti 7:01.00
  [OK  ] sottotitoli SRT: 48 righe su 48 blocchi
  [NO  ] registro con la sezione «da verificare»

7/8 superati
FATTO
