  [79 pezzi di testo · 79 spezzoni di audio · 16.5 car/s grezzi · pausa minima 0.22 s · 0 fuori fascia]

traccia A  269.84 s grezzi  ·  22 blocchi
  s02     0.00 ->   11.31  11.31s grezzi  ~ 20.1 car/s
  s03    11.31 ->   25.79  14.48s grezzi  ~ 16.1 car/s
  s04    25.79 ->   30.88   5.09s grezzi  ~ 13.3 car/s
  s05    30.88 ->   45.31  14.43s grezzi  ~ 16.3 car/s
  s06    45.31 ->   59.68  14.37s grezzi  ~ 16.3 car/s
  s07    59.68 ->   71.09  11.41s grezzi  ~ 20.3 car/s
  s08    71.09 ->   85.61  14.52s grezzi  ~ 17.2 car/s
  s09    85.61 ->  102.88  17.26s grezzi  ~ 16.3 car/s
  s10   102.88 ->  118.24  15.36s grezzi  ~ 16.0 car/s
  s11   118.24 ->  130.88  12.64s grezzi  ~ 18.2 car/s
  s12   130.88 ->  144.18  13.30s grezzi  ~ 17.7 car/s
  s13   144.18 ->  157.89  13.71s grezzi  ~ 16.9 car/s
  s14   157.89 ->  161.65   3.75s grezzi  ~ 16.3 car/s
  s15   161.65 ->  175.66  14.01s grezzi  ~ 17.2 car/s
  s16   175.66 ->  188.77  13.11s grezzi  ~ 17.3 car/s
  s17   188.77 ->  203.21  14.45s grezzi  ~ 17.4 car/s
  s18   203.21 ->  215.38  12.17s grezzi  ~ 18.4 car/s
  s19   215.38 ->  228.38  13.00s grezzi  ~ 18.2 car/s
  s20   228.38 ->  240.32  11.94s grezzi  ~ 18.9 car/s
  s21   240.32 ->  253.02  12.70s grezzi  ~ 16.9 car/s
  s22   253.02 ->  265.68  12.66s grezzi  ~ 17.2 car/s
  s23   265.68 ->  269.84   4.16s grezzi  ~ 16.5 car/s
  [84 pezzi di testo · 75 spezzoni di audio · 15.2 car/s grezzi · pausa minima 0.22 s · 0 fuori fascia]

traccia B  288.08 s grezzi  ·  23 blocchi
  s24     0.00 ->   10.39  10.39s grezzi  ~ 18.4 car/s
  s25    10.39 ->   24.39  14.00s grezzi  ~ 17.9 car/s
  s26    24.39 ->   40.71  16.32s grezzi  ~ 15.9 car/s
  s27    40.71 ->   54.34  13.63s grezzi  ~ 15.5 car/s
  s28    54.34 ->   67.02  12.68s grezzi  ~ 17.2 car/s
  s29    67.02 ->   79.13  12.11s grezzi  ~ 17.0 car/s
  s30    79.13 ->   93.86  14.73s grezzi  ~ 16.7 car/s
  s31    93.86 ->  106.94  13.08s grezzi  ~ 17.1 car/s
  s32   106.94 ->  110.68   3.74s grezzi  ~ 16.0 car/s
  s33   110.68 ->  123.20  12.52s grezzi  ~ 16.9 car/s
  s34   123.20 ->  135.79  12.59s grezzi  ~ 17.1 car/s
  s35   135.79 ->  149.44  13.66s grezzi  ~ 17.7 car/s
  s36   149.44 ->  161.22  11.77s grezzi  ~ 17.9 car/s
  s37   161.22 ->  175.01  13.80s grezzi  ~ 17.9 car/s
  s38   175.01 ->  188.16  13.15s grezzi  ~ 16.8 car/s
  s39   188.16 ->  203.47  15.31s grezzi  ~ 16.1 car/s
  s40   203.47 ->  214.09  10.61s grezzi  ~ 16.5 car/s
  s41   214.09 ->  218.55   4.46s grezzi  ~ 15.1 car/s
  s42   218.55 ->  236.59  18.04s grezzi  ~ 15.9 car/s
  s43   236.59 ->  251.34  14.75s grezzi  ~ 16.3 car/s
  s44   251.34 ->  262.28  10.94s grezzi  ~ 17.1 car/s
  s45   262.28 ->  273.51  11.24s grezzi  ~ 16.1 car/s
  s46   273.51 ->  288.08  14.57s grezzi  ~ 17.4 car/s

fuori fascia: 0
prova.mp3: 43 spezzoni, 176.3 s — 1,6 s prima di ogni taglio, separati da 2.5 s di silenzio
