  s02  audio   9.25s  scena   9.24s  scarto   10 ms
  s03  audio  10.21s  scena  10.20s  scarto   10 ms
  s04  audio   4.60s  scena   4.60s  scarto    0 ms
  s05  audio  11.53s  scena  11.52s  scarto   10 ms
  s06  audio  12.06s  scena  12.07s  scarto   10 ms
  s07  audio  13.90s  scena  13.90s  scarto    0 ms
  s08  audio  10.82s  scena  10.82s  scarto    0 ms
  s09  audio  10.45s  scena  10.44s  scarto   10 ms
  s10  audio   9.71s  scena   9.72s  scarto   10 ms
  s11  audio   9.24s  scena   9.24s  scarto    0 ms
  s12  audio   8.94s  scena   8.96s  scarto   20 ms
  s13  audio   9.23s  scena   9.24s  scarto   10 ms
  s14  audio   8.18s  scena   8.19s  scarto   10 ms
  s15  audio   4.86s  scena   4.87s  scarto   10 ms
  s16  audio   9.67s  scena   9.68s  scarto   10 ms
  s17  audio  10.31s  scena  10.32s  scarto   10 ms
  s18  audio   8.85s  scena   8.84s  scarto   10 ms
  s19  audio  11.52s  scena  11.52s  scarto    0 ms
  s20  audio  10.58s  scena  10.58s  scarto    0 ms
  s21  audio   8.68s  scena   8.68s  scarto    0 ms
  s22  audio   8.64s  scena   8.64s  scarto    0 ms
  s23  audio   8.69s  scena   8.68s  scarto   10 ms
  s24  audio   4.60s  scena   4.60s  scarto    0 ms
  s25  audio  11.10s  scena  11.12s  scarto   20 ms
  s26  audio   9.17s  scena   9.16s  scarto   10 ms
  s27  audio   9.77s  scena   9.76s  scarto   10 ms
  s28  audio   9.33s  scena   9.32s  scarto   10 ms
  s29  audio  10.23s  scena  10.24s  scarto   10 ms
  s30  audio   9.92s  scena   9.92s  scarto    0 ms
  s31  audio  10.23s  scena  10.24s  scarto   10 ms
  s32  audio   8.81s  scena   8.80s  scarto   10 ms
  s33  audio   5.23s  scena   5.24s  scarto   10 ms
  s34  audio  11.33s  scena  11.32s  scarto   10 ms
  s35  audio  10.04s  scena  10.04s  scarto    0 ms
  s36  audio  10.10s  scena  10.10s  scarto    0 ms
  s37  audio  12.47s  scena  12.48s  scarto   10 ms
  s38  audio  11.03s  scena  11.04s  scarto   10 ms
  s39  audio   9.40s  scena   9.40s  scarto    0 ms
  s40  audio  10.92s  scena  10.92s  scarto    0 ms
  s41  audio   8.97s  scena   8.96s  scarto   10 ms
  s42  audio   5.34s  scena   5.34s  scarto    0 ms
  s43  audio  13.54s  scena  13.56s  scarto   20 ms
  s44  audio  12.02s  scena  12.02s  scarto    0 ms
  s45  audio  11.34s  scena  11.35s  scarto   10 ms
  s46  audio  11.38s  scena  11.40s  scarto   20 ms
  s47  audio  10.24s  scena  10.24s  scarto    0 ms

48 scene · parlato 446.5 s · con copertina 3 s e chiusura 10 s → 7:39.5
scarto massimo audio/video: 20 ms su s12
montato-6b.5.mp4  7:39.83  14 MB
montato-6b.5.srt  46 sottotitoli
:0[0x1](und): Video: h264 (High) (avc1 / 0x31637661), yuv420p(progressive), 1920x1080, 105 kb/s, 24.99 fps, 25 tbr, 12800 tbn (default)
      Metadata
CONTROLLI PRIMA DI CONSEGNARE (MASTER §6)

  [OK  ] verifica per trascrizione (traccia intera): 99.7% delle parole coincide, buchi nel parlato: 0
  [OK  ] fascia 8.5-21 car/s: tutti dentro
  [OK  ] PNG renderizzati e guardati: 48 su 48 scene (tetto 50)
  [OK  ] nessuna slide sfora la cornice: 0 sforano
  [OK  ] scene totali: 48 (tetto 50)
  [OK  ] durata 7:39.83 — chiesti 7:01.00
  [OK  ] sottotitoli SRT: 46 righe su 46 blocchi
  [NO  ] registro con la sezione «da verificare»

7/8 superati
FATTO
