  [88 pezzi di testo · 76 spezzoni di audio · 17.2 car/s grezzi · pausa minima 0.18 s · 0 fuori fascia]

traccia A  247.12 s grezzi  ·  23 blocchi
  s02     0.00 ->    8.99   8.99s grezzi  ~ 18.7 car/s
  s03     8.99 ->   24.39  15.39s grezzi  ~ 16.0 car/s
  s04    24.39 ->   29.56   5.18s grezzi  ~ 15.8 car/s
  s05    29.56 ->   44.34  14.78s grezzi  ~ 13.7 car/s
  s06    44.34 ->   54.74  10.40s grezzi  ~ 18.9 car/s
  s07    54.74 ->   66.44  11.70s grezzi  ~ 18.7 car/s
  s08    66.44 ->   77.69  11.24s grezzi  ~ 18.5 car/s
  s09    77.69 ->   91.18  13.49s grezzi  ~ 18.4 car/s
  s10    91.18 ->  102.64  11.47s grezzi  ~ 19.4 car/s
  s11   102.64 ->  112.17   9.53s grezzi  ~ 17.6 car/s
  s12   112.17 ->  123.11  10.93s grezzi  ~ 19.5 car/s
  s13   123.11 ->  135.32  12.22s grezzi  ~ 18.7 car/s
  s14   135.32 ->  146.11  10.78s grezzi  ~ 17.5 car/s
  s15   146.11 ->  150.64   4.53s grezzi  ~ 12.6 car/s
  s16   150.64 ->  161.65  11.01s grezzi  ~ 19.0 car/s
  s17   161.65 ->  173.30  11.66s grezzi  ~ 18.7 car/s
  s18   173.30 ->  184.38  11.08s grezzi  ~ 19.1 car/s
  s19   184.38 ->  196.38  12.00s grezzi  ~ 18.4 car/s
  s20   196.38 ->  208.88  12.50s grezzi  ~ 17.1 car/s
  s21   208.88 ->  220.26  11.37s grezzi  ~ 19.3 car/s
  s22   220.26 ->  231.97  11.72s grezzi  ~ 18.4 car/s
  s23   231.97 ->  243.76  11.79s grezzi  ~ 16.3 car/s
  s24   243.76 ->  247.12   3.36s grezzi  ~ 18.6 car/s
  [87 pezzi di testo · 91 spezzoni di audio · 16.9 car/s grezzi · pausa minima 0.18 s · 0 fuori fascia]

traccia B  292.08 s grezzi  ·  24 blocchi
  s25     0.00 ->   13.34  13.34s grezzi  ~ 18.6 car/s
  s26    13.34 ->   27.22  13.88s grezzi  ~ 17.1 car/s
  s27    27.22 ->   39.82  12.60s grezzi  ~ 18.8 car/s
  s28    39.82 ->   53.35  13.53s grezzi  ~ 17.2 car/s
  s29    53.35 ->   67.01  13.66s grezzi  ~ 17.9 car/s
  s30    67.01 ->   80.68  13.67s grezzi  ~ 16.2 car/s
  s31    80.68 ->   93.61  12.93s grezzi  ~ 17.1 car/s
  s32    93.61 ->  105.85  12.24s grezzi  ~ 17.4 car/s
  s33   105.85 ->  109.91   4.07s grezzi  ~ 16.9 car/s
  s34   109.91 ->  121.97  12.05s grezzi  ~ 18.4 car/s
  s35   121.97 ->  134.69  12.73s grezzi  ~ 17.8 car/s
  s36   134.69 ->  148.29  13.59s grezzi  ~ 17.7 car/s
  s37   148.29 ->  160.66  12.37s grezzi  ~ 19.4 car/s
  s38   160.66 ->  174.54  13.89s grezzi  ~ 17.7 car/s
  s39   174.54 ->  187.09  12.55s grezzi  ~ 18.3 car/s
  s40   187.09 ->  199.44  12.35s grezzi  ~ 18.5 car/s
  s41   199.44 ->  215.09  15.65s grezzi  ~ 16.1 car/s
  s42   215.09 ->  226.61  11.52s grezzi  ~ 16.8 car/s
  s43   226.61 ->  231.32   4.72s grezzi  ~ 14.9 car/s
  s44   231.32 ->  245.99  14.66s grezzi  ~ 16.5 car/s
  s45   245.99 ->  256.93  10.95s grezzi  ~ 16.5 car/s
  s46   256.93 ->  269.71  12.77s grezzi  ~ 17.3 car/s
  s47   269.71 ->  278.87   9.16s grezzi  ~ 16.7 car/s
  s48   278.87 ->  292.08  13.21s grezzi  ~ 17.6 car/s

fuori fascia: 0
prova.mp3: 45 spezzoni, 184.5 s — 1,6 s prima di ogni taglio, separati da 2.5 s di silenzio
