  [79 pezzi di testo · 70 spezzoni di audio · 16.6 car/s grezzi · pausa minima 0.18 s · 0 fuori fascia]

traccia A  262.96 s grezzi  ·  23 blocchi
  s02     0.00 ->   10.90  10.90s grezzi  ~ 20.5 car/s
  s03    10.90 ->   25.65  14.75s grezzi  ~ 16.3 car/s
  s04    25.65 ->   29.48   3.83s grezzi  ~ 15.3 car/s
  s05    29.48 ->   45.06  15.59s grezzi  ~ 16.4 car/s
  s06    45.06 ->   61.87  16.80s grezzi  ~ 15.5 car/s
  s07    61.87 ->   73.77  11.91s grezzi  ~ 19.5 car/s
  s08    73.77 ->   83.68   9.90s grezzi  ~ 16.9 car/s
  s09    83.68 ->   97.57  13.90s grezzi  ~ 19.0 car/s
  s10    97.57 ->  111.36  13.79s grezzi  ~ 16.4 car/s
  s11   111.36 ->  123.92  12.56s grezzi  ~ 18.6 car/s
  s12   123.92 ->  135.51  11.59s grezzi  ~ 18.7 car/s
  s13   135.51 ->  147.31  11.80s grezzi  ~ 19.3 car/s
  s14   147.31 ->  160.69  13.38s grezzi  ~ 18.6 car/s
  s15   160.69 ->  174.13  13.44s grezzi  ~ 18.4 car/s
  s16   174.13 ->  185.07  10.95s grezzi  ~ 16.9 car/s
  s17   185.07 ->  189.66   4.59s grezzi  ~ 17.8 car/s
  s18   189.66 ->  200.04  10.37s grezzi  ~ 18.4 car/s
  s19   200.04 ->  211.57  11.53s grezzi  ~ 19.6 car/s
  s20   211.57 ->  222.16  10.60s grezzi  ~ 20.7 car/s
  s21   222.16 ->  229.61   7.45s grezzi  ~ 19.4 car/s
  s22   229.61 ->  241.47  11.86s grezzi  ~ 17.9 car/s
  s23   241.47 ->  251.22   9.74s grezzi  ~ 19.3 car/s
  s24   251.22 ->  262.96  11.74s grezzi  ~ 19.6 car/s
  [83 pezzi di testo · 80 spezzoni di audio · 16.4 car/s grezzi · pausa minima 0.18 s · 0 fuori fascia]

traccia B  283.20 s grezzi  ·  25 blocchi
  s25     0.00 ->   11.52  11.52s grezzi  ~ 17.5 car/s
  s26    11.52 ->   16.82   5.30s grezzi  ~ 12.5 car/s
  s27    16.82 ->   28.81  11.99s grezzi  ~ 17.2 car/s
  s28    28.81 ->   40.54  11.73s grezzi  ~ 17.4 car/s
  s29    40.54 ->   50.60  10.06s grezzi  ~ 19.2 car/s
  s30    50.60 ->   61.46  10.85s grezzi  ~ 18.6 car/s
  s31    61.46 ->   69.69   8.24s grezzi  ~ 19.3 car/s
  s32    69.69 ->   82.54  12.85s grezzi  ~ 18.3 car/s
  s33    82.54 ->   94.53  11.99s grezzi  ~ 18.9 car/s
  s34    94.53 ->  107.98  13.45s grezzi  ~ 16.8 car/s
  s35   107.98 ->  119.90  11.92s grezzi  ~ 16.6 car/s
  s36   119.90 ->  124.61   4.71s grezzi  ~ 13.5 car/s
  s37   124.61 ->  136.74  12.13s grezzi  ~ 16.2 car/s
  s38   136.74 ->  151.85  15.12s grezzi  ~ 17.5 car/s
  s39   151.85 ->  162.04  10.18s grezzi  ~ 20.6 car/s
  s40   162.04 ->  172.33  10.29s grezzi  ~ 19.6 car/s
  s41   172.33 ->  185.41  13.08s grezzi  ~ 17.4 car/s
  s42   185.41 ->  196.84  11.43s grezzi  ~ 19.6 car/s
  s43   196.84 ->  210.35  13.51s grezzi  ~ 17.3 car/s
  s44   210.35 ->  214.04   3.69s grezzi  ~ 14.5 car/s
  s45   214.04 ->  231.25  17.22s grezzi  ~ 14.5 car/s
  s46   231.25 ->  241.89  10.64s grezzi  ~ 17.8 car/s
  s47   241.89 ->  257.76  15.87s grezzi  ~ 17.6 car/s
  s48   257.76 ->  269.26  11.50s grezzi  ~ 17.4 car/s
  s49   269.26 ->  283.20  13.94s grezzi  ~ 17.3 car/s

fuori fascia: 0
prova.mp3: 46 spezzoni, 188.6 s — 1,6 s prima di ogni taglio, separati da 2.5 s di silenzio
