  s02  audio  11.05s  scena  11.04s  scarto   10 ms
  s03  audio  11.73s  scena  11.72s  scarto   10 ms
  s04  audio   4.60s  scena   4.60s  scarto    0 ms
  s05  audio  10.31s  scena  10.32s  scarto   10 ms
  s06  audio  11.01s  scena  11.00s  scarto   10 ms
  s07  audio   9.81s  scena   9.80s  scarto   10 ms
  s08  audio  10.80s  scena  10.80s  scarto    0 ms
  s09  audio   9.84s  scena   9.84s  scarto    0 ms
  s10  audio  10.94s  scena  10.95s  scarto   10 ms
  s11  audio   9.43s  scena   9.44s  scarto   10 ms
  s12  audio  11.20s  scena  11.20s  scarto    0 ms
  s13  audio  11.84s  scena  11.84s  scarto    0 ms
  s14  audio   4.70s  scena   4.71s  scarto   10 ms
  s15  audio  12.46s  scena  12.46s  scarto    0 ms
  s16  audio  11.55s  scena  11.56s  scarto   10 ms
  s17  audio  11.49s  scena  11.48s  scarto   10 ms
  s18  audio  12.05s  scena  12.04s  scarto   10 ms
  s19  audio  10.00s  scena  10.00s  scarto    0 ms
  s20  audio  10.19s  scena  10.19s  scarto    0 ms
  s21  audio   9.77s  scena   9.76s  scarto   10 ms
  s22  audio  10.65s  scena  10.64s  scarto   10 ms
  s23  audio   6.64s  scena   6.64s  scarto    0 ms
  s24  audio   8.73s  scena   8.72s  scarto   10 ms
  s25  audio   9.40s  scena   9.40s  scarto    0 ms
  s26  audio   7.87s  scena   7.87s  scarto    0 ms
  s27  audio  10.39s  scena  10.40s  scarto   10 ms
  s28  audio   8.28s  scena   8.28s  scarto    0 ms
  s29  audio   8.61s  scena   8.60s  scarto   10 ms
  s30  audio   9.42s  scena   9.42s  scarto    0 ms
  s31  audio   9.64s  scena   9.64s  scarto    0 ms
  s32  audio   9.35s  scena   9.35s  scarto    0 ms
  s33  audio   5.56s  scena   5.56s  scarto    0 ms
  s34  audio   8.69s  scena   8.68s  scarto   10 ms
  s35  audio  10.14s  scena  10.14s  scarto    0 ms
  s36  audio   9.47s  scena   9.47s  scarto    0 ms
  s37  audio   8.73s  scena   8.72s  scarto   10 ms
  s38  audio   7.98s  scena   7.98s  scarto    0 ms
  s39  audio  10.10s  scena  10.10s  scarto    0 ms
  s40  audio   8.87s  scena   8.87s  scarto    0 ms
  s41  audio   9.98s  scena   9.98s  scarto    0 ms
  s42  audio   8.30s  scena   8.31s  scarto   10 ms
  s43  audio   4.60s  scena   4.60s  scarto    0 ms
  s44  audio  11.22s  scena  11.23s  scarto   10 ms
  s45  audio  13.26s  scena  13.28s  scarto   20 ms
  s46  audio   8.14s  scena   8.15s  scarto   10 ms
  s47  audio   9.32s  scena   9.32s  scarto    0 ms
  s48  audio   8.02s  scena   8.03s  scarto   10 ms

49 scene · parlato 446.1 s · con copertina 3 s e chiusura 10 s → 7:39.1
scarto massimo audio/video: 20 ms su s45
montato-11.1.mp4  7:39.51  15 MB
montato-11.1.srt  47 sottotitoli
:0[0x1](und): Video: h264 (High) (avc1 / 0x31637661), yuv420p(progressive), 1920x1080, 125 kb/s, 24.99 fps, 25 tbr, 12800 tbn (default)
      Metadata
CONTROLLI PRIMA DI CONSEGNARE (MASTER §6)

  [OK  ] verifica per trascrizione (traccia intera): 100.0% delle parole coincide, buchi nel parlato: 0
  [OK  ] fascia 8.5-21 car/s: tutti dentro
  [OK  ] PNG renderizzati e guardati: 49 su 49 scene (tetto 50)
  [OK  ] nessuna slide sfora la cornice: 0 sforano
  [OK  ] scene totali: 49 (tetto 50)
  [OK  ] durata 7:39.51 — chiesti 7:01.00
  [OK  ] sottotitoli SRT: 47 righe su 47 blocchi
  [NO  ] registro con la sezione «da verificare»

7/8 superati
FATTO
