  [102 pezzi di testo · 114 spezzoni di audio · 16.6 car/s grezzi · pausa minima 0.18 s · 1 fuori fascia]

traccia A  298.08 s grezzi  ·  23 blocchi
  s02     0.00 ->    9.97   9.97s grezzi  ~ 21.8 car/s   <-- FUORI FASCIA
  s03     9.97 ->   21.47  11.50s grezzi  ~ 17.5 car/s
  s04    21.47 ->   30.41   8.95s grezzi  ~ 17.3 car/s
  s05    30.41 ->   45.96  15.55s grezzi  ~ 15.4 car/s
  s06    45.96 ->   63.58  17.62s grezzi  ~ 14.2 car/s
  s07    63.58 ->   74.94  11.35s grezzi  ~ 16.0 car/s
  s08    74.94 ->   88.66  13.73s grezzi  ~ 16.8 car/s
  s09    88.66 ->  102.52  13.86s grezzi  ~ 16.5 car/s
  s10   102.52 ->  117.97  15.44s grezzi  ~ 17.8 car/s
  s11   117.97 ->  132.23  14.26s grezzi  ~ 17.6 car/s
  s12   132.23 ->  145.39  13.16s grezzi  ~ 16.0 car/s
  s13   145.39 ->  163.46  18.07s grezzi  ~ 14.9 car/s
  s14   163.46 ->  177.70  14.24s grezzi  ~ 18.3 car/s
  s15   177.70 ->  186.15   8.45s grezzi  ~ 17.2 car/s
  s16   186.15 ->  197.16  11.02s grezzi  ~ 16.0 car/s
  s17   197.16 ->  210.16  12.99s grezzi  ~ 18.3 car/s
  s18   210.16 ->  221.82  11.66s grezzi  ~ 19.3 car/s
  s19   221.82 ->  236.21  14.39s grezzi  ~ 15.4 car/s
  s20   236.21 ->  249.59  13.38s grezzi  ~ 15.6 car/s
  s21   249.59 ->  263.95  14.36s grezzi  ~ 17.0 car/s
  s22   263.95 ->  276.90  12.95s grezzi  ~ 17.2 car/s
  s23   276.90 ->  289.91  13.01s grezzi  ~ 17.1 car/s
  s24   289.91 ->  298.08   8.17s grezzi  ~ 18.3 car/s
  [97 pezzi di testo · 97 spezzoni di audio · 16.9 car/s grezzi · pausa minima 0.18 s · 0 fuori fascia]

traccia B  303.84 s grezzi  ·  23 blocchi
  s25     0.00 ->   11.52  11.52s grezzi  ~ 19.7 car/s
  s26    11.52 ->   26.15  14.63s grezzi  ~ 17.5 car/s
  s27    26.15 ->   40.33  14.17s grezzi  ~ 16.0 car/s
  s28    40.33 ->   51.23  10.91s grezzi  ~ 16.1 car/s
  s29    51.23 ->   63.54  12.31s grezzi  ~ 16.4 car/s
  s30    63.54 ->   72.31   8.77s grezzi  ~ 16.2 car/s
  s31    72.31 ->   85.79  13.48s grezzi  ~ 19.9 car/s
  s32    85.79 ->  100.24  14.44s grezzi  ~ 17.6 car/s
  s33   100.24 ->  114.47  14.23s grezzi  ~ 18.4 car/s
  s34   114.47 ->  125.16  10.69s grezzi  ~ 16.5 car/s
  s35   125.16 ->  140.23  15.07s grezzi  ~ 16.8 car/s
  s36   140.23 ->  153.55  13.31s grezzi  ~ 18.4 car/s
  s37   153.55 ->  166.43  12.88s grezzi  ~ 16.4 car/s
  s38   166.43 ->  179.10  12.67s grezzi  ~ 18.6 car/s
  s39   179.10 ->  191.71  12.62s grezzi  ~ 17.5 car/s
  s40   191.71 ->  207.10  15.39s grezzi  ~ 17.7 car/s
  s41   207.10 ->  221.32  14.22s grezzi  ~ 18.0 car/s
  s42   221.32 ->  235.86  14.54s grezzi  ~ 16.9 car/s
  s43   235.86 ->  250.95  15.09s grezzi  ~ 17.0 car/s
  s44   250.95 ->  267.31  16.35s grezzi  ~ 14.2 car/s
  s45   267.31 ->  278.21  10.90s grezzi  ~ 16.8 car/s
  s46   278.21 ->  289.66  11.45s grezzi  ~ 18.7 car/s
  s47   289.66 ->  303.84  14.18s grezzi  ~ 17.7 car/s

fuori fascia: 1
prova.mp3: 44 spezzoni, 180.4 s — 1,6 s prima di ogni taglio, separati da 2.5 s di silenzio
