  [87 pezzi di testo · 94 spezzoni di audio · 16.4 car/s grezzi · pausa minima 0.18 s · 0 fuori fascia]

traccia A  276.08 s grezzi  ·  22 blocchi
  s02     0.00 ->   14.79  14.79s grezzi  ~ 17.7 car/s
  s03    14.79 ->   29.83  15.04s grezzi  ~ 16.2 car/s
  s04    29.83 ->   33.72   3.89s grezzi  ~ 17.4 car/s
  s05    33.72 ->   50.17  16.45s grezzi  ~ 14.0 car/s
  s06    50.17 ->   65.62  15.44s grezzi  ~ 17.1 car/s
  s07    65.62 ->   77.19  11.57s grezzi  ~ 19.2 car/s
  s08    77.19 ->   92.03  14.85s grezzi  ~ 18.1 car/s
  s09    92.03 ->  106.42  14.39s grezzi  ~ 17.0 car/s
  s10   106.42 ->  119.52  13.10s grezzi  ~ 17.0 car/s
  s11   119.52 ->  134.02  14.50s grezzi  ~ 16.1 car/s
  s12   134.02 ->  146.12  12.11s grezzi  ~ 16.4 car/s
  s13   146.12 ->  151.95   5.83s grezzi  ~ 11.8 car/s
  s14   151.95 ->  165.69  13.74s grezzi  ~ 16.4 car/s
  s15   165.69 ->  179.81  14.12s grezzi  ~ 16.6 car/s
  s16   179.81 ->  192.37  12.56s grezzi  ~ 17.7 car/s
  s17   192.37 ->  207.84  15.47s grezzi  ~ 16.0 car/s
  s18   207.84 ->  218.84  11.00s grezzi  ~ 16.8 car/s
  s19   218.84 ->  231.96  13.12s grezzi  ~ 16.9 car/s
  s20   231.96 ->  245.61  13.65s grezzi  ~ 17.0 car/s
  s21   245.61 ->  260.24  14.62s grezzi  ~ 16.8 car/s
  s22   260.24 ->  271.98  11.75s grezzi  ~ 16.6 car/s
  s23   271.98 ->  276.08   4.10s grezzi  ~ 16.5 car/s
  [91 pezzi di testo · 89 spezzoni di audio · 16.8 car/s grezzi · pausa minima 0.18 s · 0 fuori fascia]

traccia B  281.44 s grezzi  ·  23 blocchi
  s24     0.00 ->   11.21  11.21s grezzi  ~ 18.4 car/s
  s25    11.21 ->   24.28  13.07s grezzi  ~ 18.9 car/s
  s26    24.28 ->   38.45  14.17s grezzi  ~ 17.3 car/s
  s27    38.45 ->   50.17  11.72s grezzi  ~ 20.1 car/s
  s28    50.17 ->   63.38  13.21s grezzi  ~ 18.1 car/s
  s29    63.38 ->   73.84  10.47s grezzi  ~ 17.3 car/s
  s30    73.84 ->   90.02  16.17s grezzi  ~ 14.7 car/s
  s31    90.02 ->  103.57  13.55s grezzi  ~ 18.0 car/s
  s32   103.57 ->  115.36  11.79s grezzi  ~ 17.7 car/s
  s33   115.36 ->  119.71   4.35s grezzi  ~ 14.3 car/s
  s34   119.71 ->  133.25  13.53s grezzi  ~ 18.2 car/s
  s35   133.25 ->  145.43  12.18s grezzi  ~ 19.1 car/s
  s36   145.43 ->  158.09  12.66s grezzi  ~ 18.3 car/s
  s37   158.09 ->  172.91  14.82s grezzi  ~ 17.5 car/s
  s38   172.91 ->  186.21  13.30s grezzi  ~ 18.0 car/s
  s39   186.21 ->  199.14  12.93s grezzi  ~ 18.3 car/s
  s40   199.14 ->  211.61  12.47s grezzi  ~ 17.6 car/s
  s41   211.61 ->  215.25   3.64s grezzi  ~ 15.4 car/s
  s42   215.25 ->  228.35  13.10s grezzi  ~ 16.7 car/s
  s43   228.35 ->  243.06  14.71s grezzi  ~ 16.8 car/s
  s44   243.06 ->  255.67  12.61s grezzi  ~ 16.2 car/s
  s45   255.67 ->  267.98  12.31s grezzi  ~ 17.5 car/s
  s46   267.98 ->  281.44  13.46s grezzi  ~ 16.7 car/s

fuori fascia: 0
prova.mp3: 43 spezzoni, 176.3 s — 1,6 s prima di ogni taglio, separati da 2.5 s di silenzio
