  [95 pezzi di testo · 96 spezzoni di audio · 16.9 car/s grezzi · pausa minima 0.18 s · 0 fuori fascia]

traccia A  272.08 s grezzi  ·  24 blocchi
  s02     0.00 ->   13.87  13.87s grezzi  ~ 16.8 car/s
  s03    13.87 ->   26.97  13.10s grezzi  ~ 17.1 car/s
  s04    26.97 ->   31.40   4.43s grezzi  ~ 17.6 car/s
  s05    31.40 ->   47.46  16.06s grezzi  ~ 14.6 car/s
  s06    47.46 ->   59.24  11.77s grezzi  ~ 18.0 car/s
  s07    59.24 ->   69.49  10.25s grezzi  ~ 18.0 car/s
  s08    69.49 ->   82.25  12.76s grezzi  ~ 17.2 car/s
  s09    82.25 ->   95.72  13.47s grezzi  ~ 15.3 car/s
  s10    95.72 ->  111.22  15.50s grezzi  ~ 18.3 car/s
  s11   111.22 ->  124.77  13.55s grezzi  ~ 18.1 car/s
  s12   124.77 ->  134.99  10.22s grezzi  ~ 16.7 car/s
  s13   134.99 ->  146.23  11.24s grezzi  ~ 17.9 car/s
  s14   146.23 ->  151.02   4.79s grezzi  ~ 13.9 car/s
  s15   151.02 ->  159.62   8.60s grezzi  ~ 16.3 car/s
  s16   159.62 ->  171.22  11.60s grezzi  ~ 17.6 car/s
  s17   171.22 ->  183.49  12.28s grezzi  ~ 18.6 car/s
  s18   183.49 ->  192.87   9.38s grezzi  ~ 19.0 car/s
  s19   192.87 ->  206.10  13.23s grezzi  ~ 16.2 car/s
  s20   206.10 ->  217.11  11.02s grezzi  ~ 19.0 car/s
  s21   217.11 ->  232.35  15.24s grezzi  ~ 18.8 car/s
  s22   232.35 ->  244.81  12.46s grezzi  ~ 17.1 car/s
  s23   244.81 ->  256.11  11.30s grezzi  ~ 20.4 car/s
  s24   256.11 ->  267.55  11.44s grezzi  ~ 16.9 car/s
  s25   267.55 ->  272.08   4.53s grezzi  ~ 16.4 car/s
  [98 pezzi di testo · 82 spezzoni di audio · 16.6 car/s grezzi · pausa minima 0.18 s · 0 fuori fascia]

traccia B  275.12 s grezzi  ·  24 blocchi
  s26     0.00 ->   14.43  14.43s grezzi  ~ 17.3 car/s
  s27    14.43 ->   27.98  13.55s grezzi  ~ 18.9 car/s
  s28    27.98 ->   40.40  12.42s grezzi  ~ 16.9 car/s
  s29    40.40 ->   54.64  14.24s grezzi  ~ 16.0 car/s
  s30    54.64 ->   67.01  12.37s grezzi  ~ 17.9 car/s
  s31    67.01 ->   79.02  12.01s grezzi  ~ 18.6 car/s
  s32    79.02 ->   90.94  11.92s grezzi  ~ 18.8 car/s
  s33    90.94 ->  101.14  10.20s grezzi  ~ 18.0 car/s
  s34   101.14 ->  111.00   9.86s grezzi  ~ 16.8 car/s
  s35   111.00 ->  116.29   5.29s grezzi  ~ 15.2 car/s
  s36   116.29 ->  126.68  10.39s grezzi  ~ 18.8 car/s
  s37   126.68 ->  137.63  10.95s grezzi  ~ 18.4 car/s
  s38   137.63 ->  152.91  15.28s grezzi  ~ 18.2 car/s
  s39   152.91 ->  164.58  11.67s grezzi  ~ 17.0 car/s
  s40   164.58 ->  173.04   8.46s grezzi  ~ 19.8 car/s
  s41   173.04 ->  183.19  10.16s grezzi  ~ 17.2 car/s
  s42   183.19 ->  195.83  12.63s grezzi  ~ 18.1 car/s
  s43   195.83 ->  206.56  10.74s grezzi  ~ 17.7 car/s
  s44   206.56 ->  211.55   4.98s grezzi  ~ 17.0 car/s
  s45   211.55 ->  225.32  13.77s grezzi  ~ 16.3 car/s
  s46   225.32 ->  239.10  13.78s grezzi  ~ 16.7 car/s
  s47   239.10 ->  253.34  14.24s grezzi  ~ 15.8 car/s
  s48   253.34 ->  264.18  10.84s grezzi  ~ 15.9 car/s
  s49   264.18 ->  275.12  10.94s grezzi  ~ 16.4 car/s

fuori fascia: 0
prova.mp3: 46 spezzoni, 188.6 s — 1,6 s prima di ogni taglio, separati da 2.5 s di silenzio
