  s02  audio  10.84s  scena  10.84s  scarto    0 ms
  s03  audio  10.90s  scena  10.91s  scarto   10 ms
  s04  audio   4.60s  scena   4.60s  scarto    0 ms
  s05  audio  11.49s  scena  11.48s  scarto   10 ms
  s06  audio  11.81s  scena  11.80s  scarto   10 ms
  s07  audio  11.14s  scena  11.14s  scarto    0 ms
  s08  audio   9.79s  scena   9.79s  scarto    0 ms
  s09  audio  11.03s  scena  11.04s  scarto   10 ms
  s10  audio  10.01s  scena  10.00s  scarto   10 ms
  s11  audio  10.52s  scena  10.52s  scarto    0 ms
  s12  audio   9.06s  scena   9.07s  scarto   10 ms
  s13  audio  10.13s  scena  10.12s  scarto   10 ms
  s14  audio   4.60s  scena   4.60s  scarto    0 ms
  s15  audio  13.94s  scena  13.95s  scarto   10 ms
  s16  audio   9.17s  scena   9.16s  scarto   10 ms
  s17  audio   9.15s  scena   9.16s  scarto   10 ms
  s18  audio   9.53s  scena   9.52s  scarto   10 ms
  s19  audio   8.80s  scena   8.80s  scarto    0 ms
  s20  audio  10.38s  scena  10.40s  scarto   20 ms
  s21  audio  10.96s  scena  10.96s  scarto    0 ms
  s22  audio   9.63s  scena   9.63s  scarto    0 ms
  s23  audio  10.56s  scena  10.56s  scarto    0 ms
  s24  audio   4.60s  scena   4.60s  scarto    0 ms
  s25  audio  11.73s  scena  11.72s  scarto   10 ms
  s26  audio  10.41s  scena  10.40s  scarto   10 ms
  s27  audio   9.47s  scena   9.47s  scarto    0 ms
  s28  audio  11.39s  scena  11.40s  scarto   10 ms
  s29  audio   9.57s  scena   9.56s  scarto   10 ms
  s30  audio  10.87s  scena  10.88s  scarto   10 ms
  s31  audio   9.55s  scena   9.56s  scarto   10 ms
  s32  audio   9.50s  scena   9.52s  scarto   20 ms
  s33  audio   9.13s  scena   9.12s  scarto   10 ms
  s34  audio   9.08s  scena   9.08s  scarto    0 ms
  s35  audio  10.69s  scena  10.68s  scarto   10 ms
  s36  audio  10.67s  scena  10.68s  scarto   10 ms
  s37  audio   5.10s  scena   5.10s  scarto    0 ms
  s38  audio  13.50s  scena  13.51s  scarto   10 ms
  s39  audio  11.74s  scena  11.74s  scarto    0 ms
  s40  audio  10.26s  scena  10.26s  scarto    0 ms
  s41  audio   7.17s  scena   7.16s  scarto   10 ms
  s42  audio  11.96s  scena  11.96s  scarto    0 ms
  s43  audio  13.37s  scena  13.36s  scarto   10 ms
  s44  audio  12.48s  scena  12.48s  scarto    0 ms
  s45  audio   9.25s  scena   9.24s  scarto   10 ms
  s46  audio  11.24s  scena  11.24s  scarto    0 ms

47 scene · parlato 450.8 s · con copertina 3 s e chiusura 10 s → 7:43.8
scarto massimo audio/video: 20 ms su s20
montato-4.1.mp4  7:44.08  17 MB
montato-4.1.srt  45 sottotitoli
:0[0x1](und): Video: h264 (High) (avc1 / 0x31637661), yuv420p(progressive), 1920x1080, 160 kb/s, 24.99 fps, 25 tbr, 12800 tbn (default)
      Metadata
CONTROLLI PRIMA DI CONSEGNARE (MASTER §6)

  [OK  ] verifica per trascrizione (traccia intera): 99.7% delle parole coincide, buchi nel parlato: 0
  [OK  ] fascia 8.5-21 car/s: tutti dentro
  [OK  ] PNG renderizzati e guardati: 47 su 47 scene (tetto 50)
  [OK  ] nessuna slide sfora la cornice: 0 sforano
  [OK  ] scene totali: 47 (tetto 50)
  [OK  ] durata 7:44.08 — chiesti 7:01.00
  [OK  ] sottotitoli SRT: 45 righe su 45 blocchi
  [NO  ] registro con la sezione «da verificare»

7/8 superati
FATTO
