  s02  audio   9.94s  scena   9.96s  scarto   20 ms
  s03  audio   9.19s  scena   9.19s  scarto    0 ms
  s04  audio   4.60s  scena   4.60s  scarto    0 ms
  s05  audio  11.68s  scena  11.68s  scarto    0 ms
  s06  audio   9.52s  scena   9.52s  scarto    0 ms
  s07  audio   7.97s  scena   7.96s  scarto   10 ms
  s08  audio   9.91s  scena   9.91s  scarto    0 ms
  s09  audio   9.46s  scena   9.47s  scarto   10 ms
  s10  audio  11.65s  scena  11.64s  scarto   10 ms
  s11  audio  10.22s  scena  10.24s  scarto   20 ms
  s12  audio   7.44s  scena   7.44s  scarto    0 ms
  s13  audio   8.98s  scena   8.98s  scarto    0 ms
  s14  audio   4.60s  scena   4.60s  scarto    0 ms
  s15  audio   6.86s  scena   6.87s  scarto   10 ms
  s16  audio   8.65s  scena   8.64s  scarto   10 ms
  s17  audio   9.41s  scena   9.40s  scarto   10 ms
  s18  audio   7.42s  scena   7.43s  scarto   10 ms
  s19  audio   9.90s  scena   9.91s  scarto   10 ms
  s20  audio   8.39s  scena   8.40s  scarto   10 ms
  s21  audio  11.98s  scena  11.98s  scarto    0 ms
  s22  audio   9.59s  scena   9.60s  scarto   10 ms
  s23  audio   8.76s  scena   8.76s  scarto    0 ms
  s24  audio   9.18s  scena   9.19s  scarto   10 ms
  s25  audio   4.63s  scena   4.64s  scarto   10 ms
  s26  audio  12.06s  scena  12.07s  scarto   10 ms
  s27  audio  10.96s  scena  10.96s  scarto    0 ms
  s28  audio   9.23s  scena   9.24s  scarto   10 ms
  s29  audio  10.48s  scena  10.48s  scarto    0 ms
  s30  audio   9.52s  scena   9.52s  scarto    0 ms
  s31  audio   9.12s  scena   9.12s  scarto    0 ms
  s32  audio   9.45s  scena   9.44s  scarto   10 ms
  s33  audio   7.30s  scena   7.31s  scarto   10 ms
  s34  audio   7.79s  scena   7.80s  scarto   10 ms
  s35  audio   4.97s  scena   4.96s  scarto   10 ms
  s36  audio   8.46s  scena   8.47s  scarto   10 ms
  s37  audio   8.43s  scena   8.44s  scarto   10 ms
  s38  audio  11.80s  scena  11.80s  scarto    0 ms
  s39  audio   8.90s  scena   8.91s  scarto   10 ms
  s40  audio   6.68s  scena   6.68s  scarto    0 ms
  s41  audio   7.52s  scena   7.52s  scarto    0 ms
  s42  audio   9.58s  scena   9.58s  scarto    0 ms
  s43  audio   8.70s  scena   8.70s  scarto    0 ms
  s44  audio   4.65s  scena   4.64s  scarto   10 ms
  s45  audio  11.03s  scena  11.04s  scarto   10 ms
  s46  audio  10.88s  scena  10.88s  scarto    0 ms
  s47  audio  10.94s  scena  10.95s  scarto   10 ms
  s48  audio   8.36s  scena   8.36s  scarto    0 ms
  s49  audio   7.67s  scena   7.68s  scarto   10 ms

50 scene · parlato 424.6 s · con copertina 3 s e chiusura 10 s → 7:17.6
scarto massimo audio/video: 20 ms su s02
montato-7.4.mp4  7:17.84  16 MB
montato-7.4.srt  48 sottotitoli
:0[0x1](und): Video: h264 (High) (avc1 / 0x31637661), yuv420p(progressive), 1920x1080, 149 kb/s, 25 fps, 25 tbr, 12800 tbn (default)
      Metadata:
 
CONTROLLI PRIMA DI CONSEGNARE (MASTER §6)

  [OK  ] verifica per trascrizione (traccia intera): 100.0% delle parole coincide, buchi nel parlato: 0
  [OK  ] fascia 8.5-21 car/s: tutti dentro
  [OK  ] PNG renderizzati e guardati: 50 su 50 scene (tetto 50)
  [OK  ] nessuna slide sfora la cornice: 0 sforano
  [OK  ] scene totali: 50 (tetto 50)
  [OK  ] durata 7:17.84 — chiesti 7:01.00
  [OK  ] sottotitoli SRT: 48 righe su 48 blocchi
  [NO  ] registro con la sezione «da verificare»

7/8 superati
FATTO
