  [79 pezzi di testo · 81 spezzoni di audio · 17.0 car/s grezzi · pausa minima 0.18 s · 1 fuori fascia]

traccia A  264.88 s grezzi  ·  22 blocchi
  s02     0.00 ->   11.13  11.13s grezzi  ~ 22.0 car/s   <-- FUORI FASCIA
  s03    11.13 ->   23.92  12.78s grezzi  ~ 16.9 car/s
  s04    23.92 ->   29.25   5.34s grezzi  ~ 16.3 car/s
  s05    29.25 ->   45.29  16.04s grezzi  ~ 14.8 car/s
  s06    45.29 ->   62.00  16.70s grezzi  ~ 16.0 car/s
  s07    62.00 ->   75.65  13.65s grezzi  ~ 17.0 car/s
  s08    75.65 ->   90.83  15.18s grezzi  ~ 19.0 car/s
  s09    90.83 ->  104.57  13.75s grezzi  ~ 18.2 car/s
  s10   104.57 ->  114.95  10.38s grezzi  ~ 17.5 car/s
  s11   114.95 ->  127.09  12.14s grezzi  ~ 20.7 car/s
  s12   127.09 ->  140.31  13.22s grezzi  ~ 17.3 car/s
  s13   140.31 ->  150.06   9.75s grezzi  ~ 17.7 car/s
  s14   150.06 ->  154.91   4.85s grezzi  ~ 14.2 car/s
  s15   154.91 ->  166.52  11.61s grezzi  ~ 16.1 car/s
  s16   166.52 ->  180.77  14.25s grezzi  ~ 18.6 car/s
  s17   180.77 ->  195.19  14.41s grezzi  ~ 17.9 car/s
  s18   195.19 ->  208.10  12.92s grezzi  ~ 18.1 car/s
  s19   208.10 ->  223.98  15.87s grezzi  ~ 18.4 car/s
  s20   223.98 ->  236.57  12.59s grezzi  ~ 19.5 car/s
  s21   236.57 ->  249.64  13.08s grezzi  ~ 18.7 car/s
  s22   249.64 ->  260.90  11.25s grezzi  ~ 16.5 car/s
  s23   260.90 ->  264.88   3.98s grezzi  ~ 15.0 car/s
  [97 pezzi di testo · 133 spezzoni di audio · 16.0 car/s grezzi · pausa minima 0.1 s · 0 fuori fascia]

traccia B  324.32 s grezzi  ·  23 blocchi
  s24     0.00 ->   14.59  14.59s grezzi  ~ 15.9 car/s
  s25    14.59 ->   32.00  17.41s grezzi  ~ 16.1 car/s
  s26    32.00 ->   48.09  16.08s grezzi  ~ 15.8 car/s
  s27    48.09 ->   64.93  16.84s grezzi  ~ 16.8 car/s
  s28    64.93 ->   80.83  15.90s grezzi  ~ 16.6 car/s
  s29    80.83 ->   92.82  11.99s grezzi  ~ 19.8 car/s
  s30    92.82 ->  111.70  18.88s grezzi  ~ 14.0 car/s
  s31   111.70 ->  128.06  16.35s grezzi  ~ 15.8 car/s
  s32   128.06 ->  134.16   6.10s grezzi  ~ 12.6 car/s
  s33   134.16 ->  151.04  16.88s grezzi  ~ 14.9 car/s
  s34   151.04 ->  167.18  16.14s grezzi  ~ 15.4 car/s
  s35   167.18 ->  182.44  15.26s grezzi  ~ 17.0 car/s
  s36   182.44 ->  197.79  15.35s grezzi  ~ 17.1 car/s
  s37   197.79 ->  212.06  14.28s grezzi  ~ 16.8 car/s
  s38   212.06 ->  225.21  13.15s grezzi  ~ 16.7 car/s
  s39   225.21 ->  235.86  10.65s grezzi  ~ 16.7 car/s
  s40   235.86 ->  248.56  12.69s grezzi  ~ 16.4 car/s
  s41   248.56 ->  254.82   6.26s grezzi  ~ 14.1 car/s
  s42   254.82 ->  270.06  15.25s grezzi  ~ 15.2 car/s
  s43   270.06 ->  286.25  16.18s grezzi  ~ 15.9 car/s
  s44   286.25 ->  301.28  15.03s grezzi  ~ 15.0 car/s
  s45   301.28 ->  312.05  10.77s grezzi  ~ 15.9 car/s
  s46   312.05 ->  324.32  12.27s grezzi  ~ 15.5 car/s

fuori fascia: 1
prova.mp3: 43 spezzoni, 176.3 s — 1,6 s prima di ogni taglio, separati da 2.5 s di silenzio
