  s02  audio  11.35s  scena  11.35s  scarto    0 ms
  s03  audio   7.75s  scena   7.75s  scarto    0 ms
  s04  audio   4.82s  scena   4.82s  scarto    0 ms
  s05  audio   9.11s  scena   9.12s  scarto   10 ms
  s06  audio   8.41s  scena   8.40s  scarto   10 ms
  s07  audio   9.97s  scena   9.96s  scarto   10 ms
  s08  audio  11.46s  scena  11.47s  scarto   10 ms
  s09  audio  10.56s  scena  10.56s  scarto    0 ms
  s10  audio  11.16s  scena  11.16s  scarto    0 ms
  s11  audio   9.14s  scena   9.14s  scarto    0 ms
  s12  audio  10.64s  scena  10.64s  scarto    0 ms
  s13  audio   8.45s  scena   8.44s  scarto   10 ms
  s14  audio   4.60s  scena   4.60s  scarto    0 ms
  s15  audio   6.64s  scena   6.64s  scarto    0 ms
  s16  audio  10.69s  scena  10.68s  scarto   10 ms
  s17  audio  10.41s  scena  10.40s  scarto   10 ms
  s18  audio  10.65s  scena  10.64s  scarto   10 ms
  s19  audio   8.72s  scena   8.72s  scarto    0 ms
  s20  audio   9.73s  scena   9.72s  scarto   10 ms
  s21  audio   9.31s  scena   9.31s  scarto    0 ms
  s22  audio   9.26s  scena   9.26s  scarto    0 ms
  s23  audio   9.75s  scena   9.75s  scarto    0 ms
  s24  audio   4.60s  scena   4.60s  scarto    0 ms
  s25  audio  11.53s  scena  11.52s  scarto   10 ms
  s26  audio   9.63s  scena   9.63s  scarto    0 ms
  s27  audio  10.29s  scena  10.28s  scarto   10 ms
  s28  audio   9.54s  scena   9.54s  scarto    0 ms
  s29  audio   7.27s  scena   7.28s  scarto   10 ms
  s30  audio   9.34s  scena   9.35s  scarto   10 ms
  s31  audio  10.41s  scena  10.40s  scarto   10 ms
  s32  audio   7.03s  scena   7.03s  scarto    0 ms
  s33  audio   8.42s  scena   8.42s  scarto    0 ms
  s34  audio   4.81s  scena   4.80s  scarto   10 ms
  s35  audio   7.48s  scena   7.48s  scarto    0 ms
  s36  audio   8.61s  scena   8.60s  scarto   10 ms
  s37  audio   8.84s  scena   8.84s  scarto    0 ms
  s38  audio  10.34s  scena  10.35s  scarto   10 ms
  s39  audio   8.74s  scena   8.75s  scarto   10 ms
  s40  audio  11.51s  scena  11.51s  scarto    0 ms
  s41  audio  10.60s  scena  10.60s  scarto    0 ms
  s42  audio   4.60s  scena   4.60s  scarto    0 ms
  s43  audio  11.20s  scena  11.20s  scarto    0 ms
  s44  audio   9.96s  scena   9.96s  scarto    0 ms
  s45  audio  11.30s  scena  11.30s  scarto    0 ms
  s46  audio   8.88s  scena   8.88s  scarto    0 ms
  s47  audio   8.75s  scena   8.75s  scarto    0 ms

48 scene · parlato 416.2 s · con copertina 3 s e chiusura 10 s → 7:09.2
scarto massimo audio/video: 10 ms su s29
montato-5.6.mp4  7:09.59  15 MB
montato-5.6.srt  46 sottotitoli
:0[0x1](und): Video: h264 (High) (avc1 / 0x31637661), yuv420p(progressive), 1920x1080, 153 kb/s, 24.99 fps, 25 tbr, 12800 tbn (default)
      Metadata
CONTROLLI PRIMA DI CONSEGNARE (MASTER §6)

  [OK  ] verifica per trascrizione (traccia intera): 100.0% delle parole coincide, buchi nel parlato: 0
  [OK  ] fascia 8.5-21 car/s: tutti dentro
  [OK  ] PNG renderizzati e guardati: 48 su 48 scene (tetto 50)
  [OK  ] nessuna slide sfora la cornice: 0 sforano
  [OK  ] scene totali: 48 (tetto 50)
  [OK  ] durata 7:09.59 — chiesti 7:01.00
  [OK  ] sottotitoli SRT: 46 righe su 46 blocchi
  [NO  ] registro con la sezione «da verificare»

7/8 superati
FATTO
