  [102 pezzi di testo · 109 spezzoni di audio · 15.9 car/s grezzi · pausa minima 0.22 s · 1 fuori fascia]

traccia A  314.32 s grezzi  ·  26 blocchi
  s02     0.00 ->   14.45  14.45s grezzi  ~ 18.6 car/s
  s03    14.45 ->   28.98  14.53s grezzi  ~ 14.2 car/s
  s04    28.98 ->   33.37   4.39s grezzi  ~ 18.4 car/s
  s05    33.37 ->   49.03  15.67s grezzi  ~ 14.4 car/s
  s06    49.03 ->   60.99  11.96s grezzi  ~ 15.7 car/s
  s07    60.99 ->   72.88  11.89s grezzi  ~ 17.7 car/s
  s08    72.88 ->   82.94  10.06s grezzi  ~ 18.2 car/s
  s09    82.94 ->   93.18  10.24s grezzi  ~ 21.3 car/s   <-- FUORI FASCIA
  s10    93.18 ->  110.59  17.41s grezzi  ~ 14.3 car/s
  s11   110.59 ->  121.06  10.47s grezzi  ~ 18.0 car/s
  s12   121.06 ->  134.51  13.45s grezzi  ~ 16.9 car/s
  s13   134.51 ->  143.79   9.27s grezzi  ~ 18.1 car/s
  s14   143.79 ->  154.86  11.08s grezzi  ~ 15.5 car/s
  s15   154.86 ->  160.77   5.91s grezzi  ~ 12.8 car/s
  s16   160.77 ->  173.78  13.01s grezzi  ~ 16.3 car/s
  s17   173.78 ->  189.63  15.84s grezzi  ~ 16.5 car/s
  s18   189.63 ->  205.22  15.60s grezzi  ~ 15.3 car/s
  s19   205.22 ->  217.92  12.69s grezzi  ~ 14.5 car/s
  s20   217.92 ->  231.54  13.62s grezzi  ~ 16.8 car/s
  s21   231.54 ->  243.96  12.42s grezzi  ~ 15.9 car/s
  s22   243.96 ->  256.96  13.00s grezzi  ~ 15.2 car/s
  s23   256.96 ->  269.06  12.10s grezzi  ~ 16.5 car/s
  s24   269.06 ->  283.33  14.28s grezzi  ~ 15.8 car/s
  s25   283.33 ->  296.32  12.99s grezzi  ~ 16.8 car/s
  s26   296.32 ->  310.25  13.93s grezzi  ~ 16.4 car/s
  s27   310.25 ->  314.32   4.07s grezzi  ~ 13.4 car/s
  [84 pezzi di testo · 70 spezzoni di audio · 15.8 car/s grezzi · pausa minima 0.22 s · 0 fuori fascia]

traccia B  254.56 s grezzi  ·  22 blocchi
  s28     0.00 ->   14.69  14.69s grezzi  ~ 18.0 car/s
  s29    14.69 ->   28.37  13.67s grezzi  ~ 17.1 car/s
  s30    28.37 ->   40.47  12.11s grezzi  ~ 18.8 car/s
  s31    40.47 ->   52.42  11.95s grezzi  ~ 18.3 car/s
  s32    52.42 ->   61.59   9.17s grezzi  ~ 17.0 car/s
  s33    61.59 ->   70.70   9.11s grezzi  ~ 19.1 car/s
  s34    70.70 ->   84.52  13.82s grezzi  ~ 15.7 car/s
  s35    84.52 ->   96.35  11.83s grezzi  ~ 18.4 car/s
  s36    96.35 ->  108.53  12.18s grezzi  ~ 15.6 car/s
  s37   108.53 ->  114.98   6.45s grezzi  ~ 13.3 car/s
  s38   114.98 ->  124.97   9.99s grezzi  ~ 16.5 car/s
  s39   124.97 ->  137.76  12.79s grezzi  ~ 17.6 car/s
  s40   137.76 ->  148.95  11.19s grezzi  ~ 17.3 car/s
  s41   148.95 ->  159.24  10.28s grezzi  ~ 19.2 car/s
  s42   159.24 ->  172.13  12.90s grezzi  ~ 19.6 car/s
  s43   172.13 ->  181.32   9.18s grezzi  ~ 17.0 car/s
  s44   181.32 ->  186.08   4.76s grezzi  ~ 15.8 car/s
  s45   186.08 ->  200.78  14.70s grezzi  ~ 16.8 car/s
  s46   200.78 ->  217.74  16.96s grezzi  ~ 15.4 car/s
  s47   217.74 ->  230.65  12.91s grezzi  ~ 15.9 car/s
  s48   230.65 ->  241.52  10.87s grezzi  ~ 16.4 car/s
  s49   241.52 ->  254.56  13.04s grezzi  ~ 17.1 car/s

fuori fascia: 1
prova.mp3: 46 spezzoni, 188.6 s — 1,6 s prima di ogni taglio, separati da 2.5 s di silenzio
