  s02  audio  11.51s  scena  11.51s  scarto    0 ms
  s03  audio   7.39s  scena   7.40s  scarto   10 ms
  s04  audio   4.60s  scena   4.60s  scarto    0 ms
  s05  audio   9.44s  scena   9.44s  scarto    0 ms
  s06  audio  10.46s  scena  10.47s  scarto   10 ms
  s07  audio   8.07s  scena   8.08s  scarto   10 ms
  s08  audio   9.21s  scena   9.20s  scarto   10 ms
  s09  audio  10.97s  scena  10.96s  scarto   10 ms
  s10  audio   9.49s  scena   9.48s  scarto   10 ms
  s11  audio  10.42s  scena  10.42s  scarto    0 ms
  s12  audio   8.78s  scena   8.80s  scarto   20 ms
  s13  audio   9.30s  scena   9.31s  scarto   10 ms
  s14  audio   8.84s  scena   8.84s  scarto    0 ms
  s15  audio   8.19s  scena   8.19s  scarto    0 ms
  s16  audio   5.72s  scena   5.72s  scarto    0 ms
  s17  audio   8.56s  scena   8.56s  scarto    0 ms
  s18  audio   8.75s  scena   8.75s  scarto    0 ms
  s19  audio   9.38s  scena   9.38s  scarto    0 ms
  s20  audio   8.74s  scena   8.75s  scarto   10 ms
  s21  audio   8.86s  scena   8.87s  scarto   10 ms
  s22  audio  10.25s  scena  10.24s  scarto   10 ms
  s23  audio   8.22s  scena   8.24s  scarto   20 ms
  s24  audio   6.26s  scena   6.26s  scarto    0 ms
  s25  audio   5.41s  scena   5.40s  scarto   10 ms
  s26  audio  11.79s  scena  11.79s  scarto    0 ms
  s27  audio  10.54s  scena  10.54s  scarto    0 ms
  s28  audio  10.27s  scena  10.28s  scarto   10 ms
  s29  audio   8.69s  scena   8.68s  scarto   10 ms
  s30  audio   8.88s  scena   8.88s  scarto    0 ms
  s31  audio  10.06s  scena  10.07s  scarto   10 ms
  s32  audio   6.87s  scena   6.87s  scarto    0 ms
  s33  audio  11.46s  scena  11.47s  scarto   10 ms
  s34  audio  11.56s  scena  11.56s  scarto    0 ms
  s35  audio  10.48s  scena  10.48s  scarto    0 ms
  s36  audio  10.85s  scena  10.84s  scarto   10 ms
  s37  audio   8.39s  scena   8.40s  scarto   10 ms
  s38  audio  10.10s  scena  10.10s  scarto    0 ms
  s39  audio   7.96s  scena   7.96s  scarto    0 ms
  s40  audio   7.85s  scena   7.84s  scarto   10 ms
  s41  audio   4.77s  scena   4.76s  scarto   10 ms
  s42  audio  13.23s  scena  13.23s  scarto    0 ms
  s43  audio  11.15s  scena  11.16s  scarto   10 ms
  s44  audio  11.56s  scena  11.56s  scarto    0 ms
  s45  audio   9.32s  scena   9.32s  scarto    0 ms
  s46  audio   9.90s  scena   9.91s  scarto   10 ms

47 scene · parlato 412.6 s · con copertina 3 s e chiusura 10 s → 7:05.6
scarto massimo audio/video: 20 ms su s12
montato-4.3.mp4  7:05.92  16 MB
montato-4.3.srt  45 sottotitoli
:0[0x1](und): Video: h264 (High) (avc1 / 0x31637661), yuv420p(progressive), 1920x1080, 168 kb/s, 24.99 fps, 25 tbr, 12800 tbn (default)
      Metadata
CONTROLLI PRIMA DI CONSEGNARE (MASTER §6)

  [OK  ] verifica per trascrizione (traccia intera): 99.8% delle parole coincide, buchi nel parlato: 0
  [OK  ] fascia 8.5-21 car/s: tutti dentro
  [OK  ] PNG renderizzati e guardati: 47 su 47 scene (tetto 50)
  [OK  ] nessuna slide sfora la cornice: 0 sforano
  [OK  ] scene totali: 47 (tetto 50)
  [OK  ] durata 7:05.92 — chiesti 7:01.00
  [OK  ] sottotitoli SRT: 45 righe su 45 blocchi
  [NO  ] registro con la sezione «da verificare»

7/8 superati
FATTO
