  s02  audio  10.58s  scena  10.58s  scarto    0 ms
  s03  audio   9.87s  scena   9.88s  scarto   10 ms
  s04  audio   4.60s  scena   4.60s  scarto    0 ms
  s05  audio  12.63s  scena  12.63s  scarto    0 ms
  s06  audio   9.20s  scena   9.20s  scarto    0 ms
  s07  audio   7.60s  scena   7.60s  scarto    0 ms
  s08  audio  11.89s  scena  11.88s  scarto   10 ms
  s09  audio  11.64s  scena  11.64s  scarto    0 ms
  s10  audio   7.26s  scena   7.26s  scarto    0 ms
  s11  audio   9.95s  scena   9.96s  scarto   10 ms
  s12  audio  10.72s  scena  10.72s  scarto    0 ms
  s13  audio   8.94s  scena   8.96s  scarto   20 ms
  s14  audio   4.60s  scena   4.60s  scarto    0 ms
  s15  audio   7.73s  scena   7.72s  scarto   10 ms
  s16  audio   9.61s  scena   9.60s  scarto   10 ms
  s17  audio  10.25s  scena  10.24s  scarto   10 ms
  s18  audio   9.96s  scena   9.96s  scarto    0 ms
  s19  audio  10.64s  scena  10.64s  scarto    0 ms
  s20  audio  11.49s  scena  11.48s  scarto   10 ms
  s21  audio  10.01s  scena  10.00s  scarto   10 ms
  s22  audio   9.64s  scena   9.64s  scarto    0 ms
  s23  audio   5.67s  scena   5.68s  scarto   10 ms
  s24  audio   8.99s  scena   9.00s  scarto   10 ms
  s25  audio  10.50s  scena  10.51s  scarto   10 ms
  s26  audio   8.33s  scena   8.32s  scarto   10 ms
  s27  audio  10.82s  scena  10.82s  scarto    0 ms
  s28  audio   8.38s  scena   8.38s  scarto    0 ms
  s29  audio  11.26s  scena  11.26s  scarto    0 ms
  s30  audio   8.88s  scena   8.88s  scarto    0 ms
  s31  audio   6.81s  scena   6.80s  scarto   10 ms
  s32  audio  10.21s  scena  10.20s  scarto   10 ms
  s33  audio   4.60s  scena   4.60s  scarto    0 ms
  s34  audio   9.05s  scena   9.04s  scarto   10 ms
  s35  audio  12.36s  scena  12.36s  scarto    0 ms
  s36  audio  10.05s  scena  10.04s  scarto   10 ms
  s37  audio  11.46s  scena  11.47s  scarto   10 ms
  s38  audio   5.98s  scena   5.99s  scarto   10 ms
  s39  audio  10.08s  scena  10.08s  scarto    0 ms
  s40  audio  10.81s  scena  10.80s  scarto   10 ms
  s41  audio   9.10s  scena   9.10s  scarto    0 ms
  s42  audio   5.14s  scena   5.15s  scarto   10 ms
  s43  audio  11.81s  scena  11.80s  scarto   10 ms
  s44  audio  10.41s  scena  10.40s  scarto   10 ms
  s45  audio  11.75s  scena  11.76s  scarto   10 ms
  s46  audio  10.44s  scena  10.44s  scarto    0 ms
  s47  audio  10.32s  scena  10.32s  scarto    0 ms

48 scene · parlato 432.0 s · con copertina 3 s e chiusura 10 s → 7:25.0
scarto massimo audio/video: 20 ms su s13
montato-5.5.mp4  7:25.32  16 MB
montato-5.5.srt  46 sottotitoli
:0[0x1](und): Video: h264 (High) (avc1 / 0x31637661), yuv420p(progressive), 1920x1080, 158 kb/s, 24.99 fps, 25 tbr, 12800 tbn (default)
      Metadata
CONTROLLI PRIMA DI CONSEGNARE (MASTER §6)

  [OK  ] verifica per trascrizione (traccia intera): 99.3% delle parole coincide, buchi nel parlato: 0
  [OK  ] fascia 8.5-21 car/s: tutti dentro
  [OK  ] PNG renderizzati e guardati: 48 su 48 scene (tetto 50)
  [OK  ] nessuna slide sfora la cornice: 0 sforano
  [OK  ] scene totali: 48 (tetto 50)
  [OK  ] durata 7:25.32 — chiesti 7:01.00
  [OK  ] sottotitoli SRT: 46 righe su 46 blocchi
  [NO  ] registro con la sezione «da verificare»

7/8 superati
FATTO
