  [92 pezzi di testo · 89 spezzoni di audio · 16.4 car/s grezzi · pausa minima 0.18 s · 0 fuori fascia]

traccia A  264.16 s grezzi  ·  22 blocchi
  s02     0.00 ->   15.20  15.20s grezzi  ~ 15.7 car/s
  s03    15.20 ->   27.34  12.15s grezzi  ~ 17.2 car/s
  s04    27.34 ->   32.10   4.75s grezzi  ~ 13.9 car/s
  s05    32.10 ->   47.30  15.20s grezzi  ~ 14.9 car/s
  s06    47.30 ->   61.59  14.30s grezzi  ~ 17.8 car/s
  s07    61.59 ->   74.25  12.66s grezzi  ~ 17.2 car/s
  s08    74.25 ->   87.82  13.57s grezzi  ~ 17.8 car/s
  s09    87.82 ->  104.09  16.27s grezzi  ~ 16.6 car/s
  s10   104.09 ->  116.94  12.85s grezzi  ~ 18.3 car/s
  s11   116.94 ->  128.87  11.93s grezzi  ~ 17.7 car/s
  s12   128.87 ->  141.40  12.52s grezzi  ~ 16.6 car/s
  s13   141.40 ->  153.42  12.03s grezzi  ~ 17.7 car/s
  s14   153.42 ->  165.58  12.15s grezzi  ~ 16.9 car/s
  s15   165.58 ->  170.05   4.47s grezzi  ~ 14.8 car/s
  s16   170.05 ->  182.70  12.65s grezzi  ~ 18.7 car/s
  s17   182.70 ->  195.97  13.28s grezzi  ~ 18.7 car/s
  s18   195.97 ->  210.44  14.47s grezzi  ~ 18.2 car/s
  s19   210.44 ->  225.35  14.91s grezzi  ~ 17.6 car/s
  s20   225.35 ->  236.81  11.45s grezzi  ~ 17.3 car/s
  s21   236.81 ->  247.82  11.02s grezzi  ~ 18.5 car/s
  s22   247.82 ->  260.12  12.29s grezzi  ~ 16.3 car/s
  s23   260.12 ->  264.16   4.04s grezzi  ~ 17.0 car/s
  [118 pezzi di testo · 117 spezzoni di audio · 16.9 car/s grezzi · pausa minima 0.1 s · 0 fuori fascia]

traccia B  283.52 s grezzi  ·  24 blocchi
  s24     0.00 ->   13.48  13.48s grezzi  ~ 18.3 car/s
  s25    13.48 ->   26.59  13.11s grezzi  ~ 18.4 car/s
  s26    26.59 ->   39.52  12.93s grezzi  ~ 18.0 car/s
  s27    39.52 ->   51.61  12.09s grezzi  ~ 17.4 car/s
  s28    51.61 ->   63.03  11.42s grezzi  ~ 18.0 car/s
  s29    63.03 ->   73.81  10.78s grezzi  ~ 16.5 car/s
  s30    73.81 ->   87.93  14.13s grezzi  ~ 19.0 car/s
  s31    87.93 ->   99.39  11.45s grezzi  ~ 20.3 car/s
  s32    99.39 ->  113.52  14.14s grezzi  ~ 17.6 car/s
  s33   113.52 ->  123.96  10.44s grezzi  ~ 18.4 car/s
  s34   123.96 ->  128.06   4.11s grezzi  ~ 14.6 car/s
  s35   128.06 ->  140.56  12.49s grezzi  ~ 19.4 car/s
  s36   140.56 ->  151.27  10.71s grezzi  ~ 17.1 car/s
  s37   151.27 ->  165.90  14.62s grezzi  ~ 18.5 car/s
  s38   165.90 ->  177.97  12.07s grezzi  ~ 19.1 car/s
  s39   177.97 ->  191.76  13.80s grezzi  ~ 19.1 car/s
  s40   191.76 ->  202.95  11.19s grezzi  ~ 20.0 car/s
  s41   202.95 ->  212.37   9.41s grezzi  ~ 18.1 car/s
  s42   212.37 ->  216.62   4.25s grezzi  ~ 17.7 car/s
  s43   216.62 ->  231.70  15.08s grezzi  ~ 17.1 car/s
  s44   231.70 ->  248.17  16.46s grezzi  ~ 16.8 car/s
  s45   248.17 ->  262.13  13.96s grezzi  ~ 17.4 car/s
  s46   262.13 ->  271.24   9.11s grezzi  ~ 15.8 car/s
  s47   271.24 ->  283.52  12.28s grezzi  ~ 16.9 car/s

fuori fascia: 0
prova.mp3: 44 spezzoni, 180.4 s — 1,6 s prima di ogni taglio, separati da 2.5 s di silenzio
