  [84 pezzi di testo · 70 spezzoni di audio · 17.4 car/s grezzi · pausa minima 0.18 s · 1 fuori fascia]

traccia A  252.56 s grezzi  ·  23 blocchi
  s02     0.00 ->   13.92  13.92s grezzi  ~ 18.3 car/s
  s03    13.92 ->   23.77   9.85s grezzi  ~ 21.0 car/s
  s04    23.77 ->   28.58   4.81s grezzi  ~ 19.2 car/s
  s05    28.58 ->   40.25  11.66s grezzi  ~ 17.1 car/s
  s06    40.25 ->   50.67  10.42s grezzi  ~ 18.1 car/s
  s07    50.67 ->   63.64  12.97s grezzi  ~ 19.1 car/s
  s08    63.64 ->   78.97  15.32s grezzi  ~ 17.2 car/s
  s09    78.97 ->   92.35  13.38s grezzi  ~ 19.1 car/s
  s10    92.35 ->  105.39  13.04s grezzi  ~ 20.0 car/s
  s11   105.39 ->  117.27  11.88s grezzi  ~ 19.4 car/s
  s12   117.27 ->  130.50  13.23s grezzi  ~ 19.8 car/s
  s13   130.50 ->  140.78  10.28s grezzi  ~ 17.8 car/s
  s14   140.78 ->  144.12   3.34s grezzi  ~ 16.7 car/s
  s15   144.12 ->  152.15   8.03s grezzi  ~ 17.8 car/s
  s16   152.15 ->  165.00  12.85s grezzi  ~ 20.5 car/s
  s17   165.00 ->  177.98  12.98s grezzi  ~ 19.9 car/s
  s18   177.98 ->  190.90  12.91s grezzi  ~ 19.8 car/s
  s19   190.90 ->  201.29  10.39s grezzi  ~ 21.3 car/s   <-- FUORI FASCIA
  s20   201.29 ->  213.61  12.33s grezzi  ~ 19.6 car/s
  s21   213.61 ->  225.18  11.57s grezzi  ~ 20.9 car/s
  s22   225.18 ->  236.73  11.55s grezzi  ~ 20.8 car/s
  s23   236.73 ->  248.30  11.57s grezzi  ~ 18.6 car/s
  s24   248.30 ->  252.56   4.26s grezzi  ~ 16.2 car/s
  [99 pezzi di testo · 92 spezzoni di audio · 17.9 car/s grezzi · pausa minima 0.22 s · 1 fuori fascia]

traccia B  263.04 s grezzi  ·  23 blocchi
  s25     0.00 ->   14.00  14.00s grezzi  ~ 18.6 car/s
  s26    14.00 ->   27.58  13.58s grezzi  ~ 18.5 car/s
  s27    27.58 ->   40.75  13.16s grezzi  ~ 18.9 car/s
  s28    40.75 ->   52.79  12.04s grezzi  ~ 20.1 car/s
  s29    52.79 ->   62.27   9.48s grezzi  ~ 19.5 car/s
  s30    62.27 ->   74.43  12.16s grezzi  ~ 19.9 car/s
  s31    74.43 ->   87.93  13.50s grezzi  ~ 19.3 car/s
  s32    87.93 ->   97.14   9.21s grezzi  ~ 18.1 car/s
  s33    97.14 ->  107.22  10.08s grezzi  ~ 19.3 car/s
  s34   107.22 ->  112.08   4.86s grezzi  ~ 17.9 car/s
  s35   112.08 ->  121.17   9.09s grezzi  ~ 20.3 car/s
  s36   121.17 ->  131.65  10.49s grezzi  ~ 20.6 car/s
  s37   131.65 ->  142.86  11.20s grezzi  ~ 21.6 car/s   <-- FUORI FASCIA
  s38   142.86 ->  155.95  13.10s grezzi  ~ 19.7 car/s
  s39   155.95 ->  167.25  11.30s grezzi  ~ 19.7 car/s
  s40   167.25 ->  181.80  14.54s grezzi  ~ 17.3 car/s
  s41   181.80 ->  194.69  12.90s grezzi  ~ 17.9 car/s
  s42   194.69 ->  198.23   3.54s grezzi  ~ 16.9 car/s
  s43   198.23 ->  212.64  14.41s grezzi  ~ 17.8 car/s
  s44   212.64 ->  225.13  12.49s grezzi  ~ 16.8 car/s
  s45   225.13 ->  239.62  14.49s grezzi  ~ 16.6 car/s
  s46   239.62 ->  250.88  11.26s grezzi  ~ 18.5 car/s
  s47   250.88 ->  263.04  12.16s grezzi  ~ 18.0 car/s

fuori fascia: 2
prova.mp3: 44 spezzoni, 180.4 s — 1,6 s prima di ogni taglio, separati da 2.5 s di silenzio
