  s02  audio  12.66s  scena  12.67s  scarto   10 ms
  s03  audio   8.20s  scena   8.20s  scarto    0 ms
  s04  audio   4.68s  scena   4.68s  scarto    0 ms
  s05  audio  10.17s  scena  10.16s  scarto   10 ms
  s06  audio  12.01s  scena  12.00s  scarto   10 ms
  s07  audio  10.22s  scena  10.24s  scarto   20 ms
  s08  audio  11.14s  scena  11.14s  scarto    0 ms
  s09  audio  11.48s  scena  11.48s  scarto    0 ms
  s10  audio  12.51s  scena  12.51s  scarto    0 ms
  s11  audio  11.03s  scena  11.04s  scarto   10 ms
  s12  audio  11.56s  scena  11.56s  scarto    0 ms
  s13  audio   4.60s  scena   4.60s  scarto    0 ms
  s14  audio  10.87s  scena  10.88s  scarto   10 ms
  s15  audio  10.90s  scena  10.91s  scarto   10 ms
  s16  audio   8.32s  scena   8.32s  scarto    0 ms
  s17  audio   8.26s  scena   8.26s  scarto    0 ms
  s18  audio  11.33s  scena  11.32s  scarto   10 ms
  s19  audio   7.20s  scena   7.20s  scarto    0 ms
  s20  audio  10.30s  scena  10.30s  scarto    0 ms
  s21  audio   9.13s  scena   9.12s  scarto   10 ms
  s22  audio   9.95s  scena   9.96s  scarto   10 ms
  s23  audio   4.60s  scena   4.60s  scarto    0 ms
  s24  audio   9.98s  scena   9.98s  scarto    0 ms
  s25  audio  10.34s  scena  10.35s  scarto   10 ms
  s26  audio  10.58s  scena  10.58s  scarto    0 ms
  s27  audio   7.14s  scena   7.15s  scarto   10 ms
  s28  audio  10.09s  scena  10.08s  scarto   10 ms
  s29  audio   7.73s  scena   7.72s  scarto   10 ms
  s30  audio  10.43s  scena  10.44s  scarto   10 ms
  s31  audio   5.14s  scena   5.15s  scarto   10 ms
  s32  audio  12.42s  scena  12.42s  scarto    0 ms
  s33  audio   8.24s  scena   8.24s  scarto    0 ms
  s34  audio   9.01s  scena   9.00s  scarto   10 ms
  s35  audio   8.58s  scena   8.59s  scarto   10 ms
  s36  audio   8.68s  scena   8.68s  scarto    0 ms
  s37  audio   7.63s  scena   7.63s  scarto    0 ms
  s38  audio  10.33s  scena  10.32s  scarto   10 ms
  s39  audio   8.81s  scena   8.80s  scarto   10 ms
  s40  audio   8.50s  scena   8.52s  scarto   20 ms
  s41  audio   9.09s  scena   9.08s  scarto   10 ms
  s42  audio   4.60s  scena   4.60s  scarto    0 ms
  s43  audio  11.78s  scena  11.79s  scarto   10 ms
  s44  audio  11.52s  scena  11.52s  scarto    0 ms
  s45  audio  10.28s  scena  10.28s  scarto    0 ms
  s46  audio  10.39s  scena  10.40s  scarto   10 ms
  s47  audio   9.84s  scena   9.84s  scarto    0 ms

48 scene · parlato 432.3 s · con copertina 3 s e chiusura 10 s → 7:25.3
scarto massimo audio/video: 20 ms su s07
montato-8.4.mp4  7:25.64  16 MB
montato-8.4.srt  46 sottotitoli
:0[0x1](und): Video: h264 (High) (avc1 / 0x31637661), yuv420p(progressive), 1920x1080, 146 kb/s, 24.99 fps, 25 tbr, 12800 tbn (default)
      Metadata
CONTROLLI PRIMA DI CONSEGNARE (MASTER §6)

  [OK  ] verifica per trascrizione (traccia intera): 99.0% delle parole coincide, buchi nel parlato: 0
  [OK  ] fascia 8.5-21 car/s: tutti dentro
  [OK  ] PNG renderizzati e guardati: 48 su 48 scene (tetto 50)
  [OK  ] nessuna slide sfora la cornice: 0 sforano
  [OK  ] scene totali: 48 (tetto 50)
  [OK  ] durata 7:25.64 — chiesti 7:01.00
  [OK  ] sottotitoli SRT: 46 righe su 46 blocchi
  [NO  ] registro con la sezione «da verificare»

7/8 superati
FATTO
