  [96 pezzi di testo · 95 spezzoni di audio · 16.8 car/s grezzi · pausa minima 0.18 s · 0 fuori fascia]

traccia A  290.16 s grezzi  ·  23 blocchi
  s02     0.00 ->   14.20  14.20s grezzi  ~ 16.9 car/s
  s03    14.20 ->   29.08  14.88s grezzi  ~ 17.2 car/s
  s04    29.08 ->   39.47  10.40s grezzi  ~ 19.5 car/s
  s05    39.47 ->   56.88  17.41s grezzi  ~ 14.3 car/s
  s06    56.88 ->   69.79  12.91s grezzi  ~ 17.6 car/s
  s07    69.79 ->   83.39  13.60s grezzi  ~ 17.7 car/s
  s08    83.39 ->   94.78  11.39s grezzi  ~ 18.1 car/s
  s09    94.78 ->  107.53  12.75s grezzi  ~ 19.3 car/s
  s10   107.53 ->  120.74  13.21s grezzi  ~ 17.3 car/s
  s11   120.74 ->  134.96  14.22s grezzi  ~ 17.5 car/s
  s12   134.96 ->  147.66  12.70s grezzi  ~ 16.8 car/s
  s13   147.66 ->  159.80  12.14s grezzi  ~ 16.5 car/s
  s14   159.80 ->  171.18  11.38s grezzi  ~ 18.4 car/s
  s15   171.18 ->  181.96  10.78s grezzi  ~ 17.7 car/s
  s16   181.96 ->  195.06  13.10s grezzi  ~ 18.5 car/s
  s17   195.06 ->  205.40  10.34s grezzi  ~ 19.4 car/s
  s18   205.40 ->  215.25   9.85s grezzi  ~ 15.4 car/s
  s19   215.25 ->  227.29  12.04s grezzi  ~ 19.4 car/s
  s20   227.29 ->  237.77  10.48s grezzi  ~ 20.0 car/s
  s21   237.77 ->  249.54  11.77s grezzi  ~ 18.6 car/s
  s22   249.54 ->  264.29  14.76s grezzi  ~ 18.5 car/s
  s23   264.29 ->  280.27  15.98s grezzi  ~ 18.3 car/s
  s24   280.27 ->  290.16   9.89s grezzi  ~ 18.9 car/s
  [91 pezzi di testo · 94 spezzoni di audio · 16.3 car/s grezzi · pausa minima 0.1 s · 0 fuori fascia]

traccia B  256.56 s grezzi  ·  20 blocchi
  s25     0.00 ->   13.48  13.48s grezzi  ~ 16.8 car/s
  s26    13.48 ->   27.49  14.02s grezzi  ~ 16.5 car/s
  s27    27.49 ->   47.93  20.43s grezzi  ~ 13.1 car/s
  s28    47.93 ->   54.30   6.37s grezzi  ~ 19.6 car/s
  s29    54.30 ->   67.22  12.93s grezzi  ~ 18.2 car/s
  s30    67.22 ->   78.30  11.07s grezzi  ~ 17.3 car/s
  s31    78.30 ->   92.99  14.70s grezzi  ~ 17.0 car/s
  s32    92.99 ->  103.33  10.34s grezzi  ~ 16.7 car/s
  s33   103.33 ->  118.46  15.13s grezzi  ~ 17.5 car/s
  s34   118.46 ->  131.17  12.71s grezzi  ~ 18.4 car/s
  s35   131.17 ->  142.16  10.99s grezzi  ~ 18.3 car/s
  s36   142.16 ->  153.30  11.14s grezzi  ~ 18.1 car/s
  s37   153.30 ->  165.22  11.92s grezzi  ~ 18.3 car/s
  s38   165.22 ->  176.90  11.68s grezzi  ~ 17.0 car/s
  s39   176.90 ->  191.62  14.72s grezzi  ~ 17.1 car/s
  s40   191.62 ->  205.78  14.15s grezzi  ~ 16.6 car/s
  s41   205.78 ->  220.91  15.14s grezzi  ~ 16.4 car/s
  s42   220.91 ->  229.24   8.33s grezzi  ~ 16.5 car/s
  s43   229.24 ->  240.44  11.19s grezzi  ~ 18.1 car/s
  s44   240.44 ->  256.56  16.12s grezzi  ~ 16.9 car/s

fuori fascia: 0
prova.mp3: 41 spezzoni, 168.1 s — 1,6 s prima di ogni taglio, separati da 2.5 s di silenzio
