  [76 pezzi di testo · 98 spezzoni di audio · 16.3 car/s grezzi · pausa minima 0.15 s · 0 fuori fascia]

traccia A  280.16 s grezzi  ·  22 blocchi
  s02     0.00 ->   16.40  16.40s grezzi  ~ 15.8 car/s
  s03    16.40 ->   29.37  12.98s grezzi  ~ 18.4 car/s
  s04    29.37 ->   33.46   4.09s grezzi  ~ 16.9 car/s
  s05    33.46 ->   49.77  16.31s grezzi  ~ 14.1 car/s
  s06    49.77 ->   66.43  16.66s grezzi  ~ 15.4 car/s
  s07    66.43 ->   78.72  12.29s grezzi  ~ 18.3 car/s
  s08    78.72 ->   92.80  14.08s grezzi  ~ 17.4 car/s
  s09    92.80 ->  106.72  13.92s grezzi  ~ 17.6 car/s
  s10   106.72 ->  121.65  14.92s grezzi  ~ 15.7 car/s
  s11   121.65 ->  133.00  11.35s grezzi  ~ 18.0 car/s
  s12   133.00 ->  146.86  13.86s grezzi  ~ 17.3 car/s
  s13   146.86 ->  159.61  12.75s grezzi  ~ 18.6 car/s
  s14   159.61 ->  164.10   4.50s grezzi  ~ 14.2 car/s
  s15   164.10 ->  177.85  13.75s grezzi  ~ 18.1 car/s
  s16   177.85 ->  193.25  15.39s grezzi  ~ 14.1 car/s
  s17   193.25 ->  206.12  12.87s grezzi  ~ 16.5 car/s
  s18   206.12 ->  223.88  17.76s grezzi  ~ 13.5 car/s
  s19   223.88 ->  235.58  11.70s grezzi  ~ 18.2 car/s
  s20   235.58 ->  248.56  12.97s grezzi  ~ 18.5 car/s
  s21   248.56 ->  262.73  14.17s grezzi  ~ 16.2 car/s
  s22   262.73 ->  275.16  12.42s grezzi  ~ 16.5 car/s
  s23   275.16 ->  280.16   5.00s grezzi  ~ 12.5 car/s
  [83 pezzi di testo · 95 spezzoni di audio · 16.5 car/s grezzi · pausa minima 0.12 s · 0 fuori fascia]

traccia B  286.48 s grezzi  ·  23 blocchi
  s24     0.00 ->   12.76  12.76s grezzi  ~ 18.5 car/s
  s25    12.76 ->   24.05  11.30s grezzi  ~ 18.8 car/s
  s26    24.05 ->   37.85  13.80s grezzi  ~ 18.1 car/s
  s27    37.85 ->   50.32  12.47s grezzi  ~ 17.9 car/s
  s28    50.32 ->   65.08  14.77s grezzi  ~ 17.0 car/s
  s29    65.08 ->   76.45  11.37s grezzi  ~ 18.8 car/s
  s30    76.45 ->   92.49  16.04s grezzi  ~ 14.9 car/s
  s31    92.49 ->  106.28  13.79s grezzi  ~ 17.5 car/s
  s32   106.28 ->  111.64   5.36s grezzi  ~ 14.3 car/s
  s33   111.64 ->  125.38  13.74s grezzi  ~ 14.8 car/s
  s34   125.38 ->  140.09  14.72s grezzi  ~ 16.3 car/s
  s35   140.09 ->  151.48  11.39s grezzi  ~ 19.3 car/s
  s36   151.48 ->  165.07  13.59s grezzi  ~ 18.8 car/s
  s37   165.07 ->  179.34  14.27s grezzi  ~ 17.8 car/s
  s38   179.34 ->  189.89  10.55s grezzi  ~ 17.5 car/s
  s39   189.89 ->  204.30  14.41s grezzi  ~ 18.3 car/s
  s40   204.30 ->  215.87  11.57s grezzi  ~ 17.3 car/s
  s41   215.87 ->  220.92   5.05s grezzi  ~ 13.1 car/s
  s42   220.92 ->  236.33  15.41s grezzi  ~ 17.1 car/s
  s43   236.33 ->  250.30  13.97s grezzi  ~ 16.0 car/s
  s44   250.30 ->  263.27  12.97s grezzi  ~ 16.2 car/s
  s45   263.27 ->  272.91   9.64s grezzi  ~ 16.5 car/s
  s46   272.91 ->  286.48  13.57s grezzi  ~ 16.8 car/s

fuori fascia: 0
prova.mp3: 43 spezzoni, 176.3 s — 1,6 s prima di ogni taglio, separati da 2.5 s di silenzio
