  [103 pezzi di testo · 112 spezzoni di audio · 16.4 car/s grezzi · pausa minima 0.12 s · 0 fuori fascia]

traccia A  298.64 s grezzi  ·  23 blocchi
  s02     0.00 ->   14.53  14.53s grezzi  ~ 17.4 car/s
  s03    14.53 ->   29.05  14.52s grezzi  ~ 16.5 car/s
  s04    29.05 ->   40.26  11.21s grezzi  ~ 17.3 car/s
  s05    40.26 ->   53.99  13.73s grezzi  ~ 15.5 car/s
  s06    53.99 ->   68.36  14.37s grezzi  ~ 16.3 car/s
  s07    68.36 ->   79.74  11.38s grezzi  ~ 17.3 car/s
  s08    79.74 ->   91.32  11.58s grezzi  ~ 18.2 car/s
  s09    91.32 ->  109.72  18.40s grezzi  ~ 13.1 car/s
  s10   109.72 ->  120.87  11.15s grezzi  ~ 17.6 car/s
  s11   120.87 ->  134.73  13.86s grezzi  ~ 15.9 car/s
  s12   134.73 ->  148.22  13.48s grezzi  ~ 18.0 car/s
  s13   148.22 ->  160.94  12.73s grezzi  ~ 16.0 car/s
  s14   160.94 ->  170.79   9.84s grezzi  ~ 15.5 car/s
  s15   170.79 ->  184.89  14.11s grezzi  ~ 18.5 car/s
  s16   184.89 ->  192.54   7.64s grezzi  ~ 18.9 car/s
  s17   192.54 ->  208.07  15.53s grezzi  ~ 17.5 car/s
  s18   208.07 ->  217.08   9.01s grezzi  ~ 17.7 car/s
  s19   217.08 ->  230.37  13.29s grezzi  ~ 18.3 car/s
  s20   230.37 ->  245.85  15.49s grezzi  ~ 16.1 car/s
  s21   245.85 ->  255.87  10.02s grezzi  ~ 18.9 car/s
  s22   255.87 ->  271.14  15.27s grezzi  ~ 16.7 car/s
  s23   271.14 ->  284.83  13.69s grezzi  ~ 19.1 car/s
  s24   284.83 ->  298.64  13.81s grezzi  ~ 16.8 car/s
  [85 pezzi di testo · 94 spezzoni di audio · 15.9 car/s grezzi · pausa minima 0.1 s · 0 fuori fascia]

traccia B  260.48 s grezzi  ·  20 blocchi
  s25     0.00 ->   13.03  13.03s grezzi  ~ 19.0 car/s
  s26    13.03 ->   24.49  11.46s grezzi  ~ 18.7 car/s
  s27    24.49 ->   35.96  11.47s grezzi  ~ 18.1 car/s
  s28    35.96 ->   46.17  10.22s grezzi  ~ 17.1 car/s
  s29    46.17 ->   60.61  14.43s grezzi  ~ 16.9 car/s
  s30    60.61 ->   75.72  15.12s grezzi  ~ 18.7 car/s
  s31    75.72 ->   89.38  13.66s grezzi  ~ 17.5 car/s
  s32    89.38 ->  102.50  13.12s grezzi  ~ 17.5 car/s
  s33   102.50 ->  115.20  12.70s grezzi  ~ 17.8 car/s
  s34   115.20 ->  129.44  14.25s grezzi  ~ 16.2 car/s
  s35   129.44 ->  140.44  10.99s grezzi  ~ 18.8 car/s
  s36   140.44 ->  151.05  10.62s grezzi  ~ 20.0 car/s
  s37   151.05 ->  164.36  13.31s grezzi  ~ 18.5 car/s
  s38   164.36 ->  177.71  13.34s grezzi  ~ 18.7 car/s
  s39   177.71 ->  188.46  10.75s grezzi  ~ 17.9 car/s
  s40   188.46 ->  203.61  15.16s grezzi  ~ 13.2 car/s
  s41   203.61 ->  218.95  15.33s grezzi  ~ 15.9 car/s
  s42   218.95 ->  229.85  10.90s grezzi  ~ 14.4 car/s
  s43   229.85 ->  246.14  16.29s grezzi  ~ 17.3 car/s
  s44   246.14 ->  260.48  14.34s grezzi  ~ 16.5 car/s

fuori fascia: 0
prova.mp3: 41 spezzoni, 168.1 s — 1,6 s prima di ogni taglio, separati da 2.5 s di silenzio
