  s02  audio   8.06s  scena   8.08s  scarto   20 ms
  s03  audio  10.04s  scena  10.04s  scarto    0 ms
  s04  audio   4.60s  scena   4.60s  scarto    0 ms
  s05  audio   9.49s  scena   9.48s  scarto   10 ms
  s06  audio   7.45s  scena   7.44s  scarto   10 ms
  s07  audio  12.00s  scena  12.00s  scarto    0 ms
  s08  audio   8.53s  scena   8.52s  scarto   10 ms
  s09  audio   9.33s  scena   9.32s  scarto   10 ms
  s10  audio  10.39s  scena  10.40s  scarto   10 ms
  s11  audio  11.02s  scena  11.02s  scarto    0 ms
  s12  audio   7.21s  scena   7.20s  scarto   10 ms
  s13  audio   9.56s  scena   9.56s  scarto    0 ms
  s14  audio   7.87s  scena   7.87s  scarto    0 ms
  s15  audio   4.60s  scena   4.60s  scarto    0 ms
  s16  audio  10.52s  scena  10.52s  scarto    0 ms
  s17  audio   8.99s  scena   9.00s  scarto   10 ms
  s18  audio  10.95s  scena  10.95s  scarto    0 ms
  s19  audio   8.68s  scena   8.68s  scarto    0 ms
  s20  audio   9.26s  scena   9.26s  scarto    0 ms
  s21  audio   8.36s  scena   8.36s  scarto    0 ms
  s22  audio  10.30s  scena  10.30s  scarto    0 ms
  s23  audio   8.11s  scena   8.12s  scarto   10 ms
  s24  audio   4.60s  scena   4.60s  scarto    0 ms
  s25  audio  10.85s  scena  10.84s  scarto   10 ms
  s26  audio   9.28s  scena   9.28s  scarto    0 ms
  s27  audio  10.26s  scena  10.26s  scarto    0 ms
  s28  audio   8.39s  scena   8.40s  scarto   10 ms
  s29  audio  10.07s  scena  10.07s  scarto    0 ms
  s30  audio   9.63s  scena   9.63s  scarto    0 ms
  s31  audio  11.08s  scena  11.08s  scarto    0 ms
  s32  audio   9.14s  scena   9.14s  scarto    0 ms
  s33  audio   4.60s  scena   4.60s  scarto    0 ms
  s34  audio   9.83s  scena   9.84s  scarto   10 ms
  s35  audio  10.17s  scena  10.16s  scarto   10 ms
  s36  audio   9.05s  scena   9.04s  scarto   10 ms
  s37  audio  10.47s  scena  10.47s  scarto    0 ms
  s38  audio   9.64s  scena   9.64s  scarto    0 ms
  s39  audio   9.97s  scena   9.96s  scarto   10 ms
  s40  audio  11.05s  scena  11.04s  scarto   10 ms
  s41  audio  10.53s  scena  10.52s  scarto   10 ms
  s42  audio   9.87s  scena   9.88s  scarto   10 ms
  s43  audio   4.60s  scena   4.60s  scarto    0 ms
  s44  audio  10.46s  scena  10.47s  scarto   10 ms
  s45  audio  12.29s  scena  12.28s  scarto   10 ms
  s46  audio   9.44s  scena   9.44s  scarto    0 ms
  s47  audio   7.58s  scena   7.59s  scarto   10 ms
  s48  audio   9.38s  scena   9.38s  scarto    0 ms

49 scene · parlato 427.5 s · con copertina 3 s e chiusura 10 s → 7:20.5
scarto massimo audio/video: 20 ms su s02
montato-10.5.mp4  7:20.87  14 MB
montato-10.5.srt  47 sottotitoli
:0[0x1](und): Video: h264 (High) (avc1 / 0x31637661), yuv420p(progressive), 1920x1080, 120 kb/s, 24.99 fps, 25 tbr, 12800 tbn (default)
      Metadata
CONTROLLI PRIMA DI CONSEGNARE (MASTER §6)

  [OK  ] verifica per trascrizione (traccia intera): 99.8% delle parole coincide, buchi nel parlato: 0
  [OK  ] fascia 8.5-21 car/s: tutti dentro
  [OK  ] PNG renderizzati e guardati: 49 su 49 scene (tetto 50)
  [OK  ] nessuna slide sfora la cornice: 0 sforano
  [OK  ] scene totali: 49 (tetto 50)
  [OK  ] durata 7:20.87 — chiesti 7:01.00
  [OK  ] sottotitoli SRT: 47 righe su 47 blocchi
  [NO  ] registro con la sezione «da verificare»

7/8 superati
FATTO
