  s02  audio   9.37s  scena   9.36s  scarto   10 ms
  s03  audio  10.30s  scena  10.30s  scarto    0 ms
  s04  audio   5.11s  scena   5.12s  scarto   10 ms
  s05  audio  11.91s  scena  11.91s  scarto    0 ms
  s06  audio   9.47s  scena   9.47s  scarto    0 ms
  s07  audio   9.91s  scena   9.91s  scarto    0 ms
  s08  audio   9.52s  scena   9.52s  scarto    0 ms
  s09  audio   9.45s  scena   9.44s  scarto   10 ms
  s10  audio  10.51s  scena  10.51s  scarto    0 ms
  s11  audio   8.69s  scena   8.68s  scarto   10 ms
  s12  audio   9.87s  scena   9.88s  scarto   10 ms
  s13  audio   8.76s  scena   8.76s  scarto    0 ms
  s14  audio   4.66s  scena   4.66s  scarto    0 ms
  s15  audio  10.45s  scena  10.44s  scarto   10 ms
  s16  audio  11.06s  scena  11.07s  scarto   10 ms
  s17  audio   9.75s  scena   9.75s  scarto    0 ms
  s18  audio  10.19s  scena  10.19s  scarto    0 ms
  s19  audio   9.80s  scena   9.80s  scarto    0 ms
  s20  audio   9.05s  scena   9.04s  scarto   10 ms
  s21  audio  10.04s  scena  10.04s  scarto    0 ms
  s22  audio   9.68s  scena   9.68s  scarto    0 ms
  s23  audio   4.67s  scena   4.68s  scarto   10 ms
  s24  audio  10.33s  scena  10.32s  scarto   10 ms
  s25  audio   9.43s  scena   9.44s  scarto   10 ms
  s26  audio   8.65s  scena   8.64s  scarto   10 ms
  s27  audio  10.50s  scena  10.51s  scarto   10 ms
  s28  audio   9.11s  scena   9.12s  scarto   10 ms
  s29  audio  11.21s  scena  11.20s  scarto   10 ms
  s30  audio   8.60s  scena   8.60s  scarto    0 ms
  s31  audio   9.88s  scena   9.88s  scarto    0 ms
  s32  audio   9.38s  scena   9.38s  scarto    0 ms
  s33  audio   4.60s  scena   4.60s  scarto    0 ms
  s34  audio   9.74s  scena   9.75s  scarto   10 ms
  s35  audio   8.41s  scena   8.40s  scarto   10 ms
  s36  audio   9.24s  scena   9.24s  scarto    0 ms
  s37  audio  10.07s  scena  10.07s  scarto    0 ms
  s38  audio   9.17s  scena   9.16s  scarto   10 ms
  s39  audio   9.27s  scena   9.28s  scarto   10 ms
  s40  audio   7.74s  scena   7.75s  scarto   10 ms
  s41  audio   8.75s  scena   8.75s  scarto    0 ms
  s42  audio   8.88s  scena   8.88s  scarto    0 ms
  s43  audio   4.60s  scena   4.60s  scarto    0 ms
  s44  audio  10.45s  scena  10.44s  scarto   10 ms
  s45  audio  12.12s  scena  12.12s  scarto    0 ms
  s46  audio   9.57s  scena   9.56s  scarto   10 ms
  s47  audio   8.64s  scena   8.64s  scarto    0 ms
  s48  audio   8.19s  scena   8.19s  scarto    0 ms

49 scene · parlato 428.7 s · con copertina 3 s e chiusura 10 s → 7:21.7
scarto massimo audio/video: 10 ms su s12
montato-11.2.mp4  7:22.07  14 MB
montato-11.2.srt  47 sottotitoli
:0[0x1](und): Video: h264 (High) (avc1 / 0x31637661), yuv420p(progressive), 1920x1080, 125 kb/s, 24.99 fps, 25 tbr, 12800 tbn (default)
      Metadata
CONTROLLI PRIMA DI CONSEGNARE (MASTER §6)

  [OK  ] verifica per trascrizione (traccia intera): 99.6% delle parole coincide, buchi nel parlato: 0
  [OK  ] fascia 8.5-21 car/s: tutti dentro
  [OK  ] PNG renderizzati e guardati: 49 su 49 scene (tetto 50)
  [OK  ] nessuna slide sfora la cornice: 0 sforano
  [OK  ] scene totali: 49 (tetto 50)
  [OK  ] durata 7:22.07 — chiesti 7:01.00
  [OK  ] sottotitoli SRT: 47 righe su 47 blocchi
  [NO  ] registro con la sezione «da verificare»

7/8 superati
FATTO
