  [79 pezzi di testo · 89 spezzoni di audio · 15.0 car/s grezzi · pausa minima 0.18 s · 0 fuori fascia]

traccia A  284.00 s grezzi  ·  22 blocchi
  s02     0.00 ->   12.05  12.05s grezzi  ~ 18.0 car/s
  s03    12.05 ->   27.02  14.97s grezzi  ~ 14.9 car/s
  s04    27.02 ->   31.98   4.96s grezzi  ~ 13.4 car/s
  s05    31.98 ->   47.67  15.69s grezzi  ~ 13.8 car/s
  s06    47.67 ->   61.01  13.33s grezzi  ~ 18.4 car/s
  s07    61.01 ->   74.06  13.05s grezzi  ~ 17.2 car/s
  s08    74.06 ->   88.00  13.94s grezzi  ~ 15.9 car/s
  s09    88.00 ->  101.00  13.00s grezzi  ~ 15.6 car/s
  s10   101.00 ->  115.67  14.66s grezzi  ~ 16.6 car/s
  s11   115.67 ->  127.25  11.59s grezzi  ~ 18.5 car/s
  s12   127.25 ->  141.88  14.62s grezzi  ~ 15.5 car/s
  s13   141.88 ->  156.57  14.69s grezzi  ~ 14.3 car/s
  s14   156.57 ->  161.52   4.95s grezzi  ~ 15.0 car/s
  s15   161.52 ->  177.44  15.92s grezzi  ~ 14.9 car/s
  s16   177.44 ->  192.64  15.19s grezzi  ~ 14.1 car/s
  s17   192.64 ->  208.27  15.63s grezzi  ~ 14.6 car/s
  s18   208.27 ->  224.36  16.09s grezzi  ~ 14.1 car/s
  s19   224.36 ->  237.90  13.55s grezzi  ~ 15.7 car/s
  s20   237.90 ->  251.65  13.75s grezzi  ~ 17.2 car/s
  s21   251.65 ->  262.98  11.33s grezzi  ~ 18.6 car/s
  s22   262.98 ->  276.77  13.79s grezzi  ~ 13.9 car/s
  s23   276.77 ->  284.00   7.23s grezzi  ~ 11.7 car/s
  [97 pezzi di testo · 90 spezzoni di audio · 16.9 car/s grezzi · pausa minima 0.18 s · 0 fuori fascia]

traccia B  286.08 s grezzi  ·  25 blocchi
  s24     0.00 ->   11.02  11.02s grezzi  ~ 18.0 car/s
  s25    11.02 ->   24.21  13.18s grezzi  ~ 16.8 car/s
  s26    24.21 ->   35.53  11.32s grezzi  ~ 17.0 car/s
  s27    35.53 ->   49.11  13.59s grezzi  ~ 18.1 car/s
  s28    49.11 ->   60.00  10.89s grezzi  ~ 19.3 car/s
  s29    60.00 ->   71.30  11.30s grezzi  ~ 19.8 car/s
  s30    71.30 ->   83.67  12.37s grezzi  ~ 19.0 car/s
  s31    83.67 ->   95.26  11.59s grezzi  ~ 18.7 car/s
  s32    95.26 ->  107.18  11.92s grezzi  ~ 17.7 car/s
  s33   107.18 ->  113.24   6.06s grezzi  ~ 15.4 car/s
  s34   113.24 ->  124.03  10.78s grezzi  ~ 17.5 car/s
  s35   124.03 ->  137.00  12.97s grezzi  ~ 18.0 car/s
  s36   137.00 ->  149.37  12.38s grezzi  ~ 16.8 car/s
  s37   149.37 ->  160.26  10.89s grezzi  ~ 20.1 car/s
  s38   160.26 ->  171.32  11.06s grezzi  ~ 17.7 car/s
  s39   171.32 ->  184.76  13.43s grezzi  ~ 18.4 car/s
  s40   184.76 ->  195.93  11.18s grezzi  ~ 19.9 car/s
  s41   195.93 ->  208.30  12.37s grezzi  ~ 19.2 car/s
  s42   208.30 ->  218.56  10.26s grezzi  ~ 17.1 car/s
  s43   218.56 ->  222.69   4.13s grezzi  ~ 15.1 car/s
  s44   222.69 ->  236.66  13.98s grezzi  ~ 15.6 car/s
  s45   236.66 ->  252.09  15.43s grezzi  ~ 14.4 car/s
  s46   252.09 ->  263.04  10.95s grezzi  ~ 15.6 car/s
  s47   263.04 ->  274.83  11.78s grezzi  ~ 16.6 car/s
  s48   274.83 ->  286.08  11.25s grezzi  ~ 17.9 car/s

fuori fascia: 0
prova.mp3: 45 spezzoni, 184.5 s — 1,6 s prima di ogni taglio, separati da 2.5 s di silenzio
