  [93 pezzi di testo · 99 spezzoni di audio · 17.0 car/s grezzi · pausa minima 0.18 s · 1 fuori fascia]

traccia A  262.96 s grezzi  ·  24 blocchi
  s02     0.00 ->   13.63  13.63s grezzi  ~ 19.2 car/s
  s03    13.63 ->   26.33  12.70s grezzi  ~ 15.8 car/s
  s04    26.33 ->   32.76   6.43s grezzi  ~ 14.0 car/s
  s05    32.76 ->   45.83  13.07s grezzi  ~ 14.6 car/s
  s06    45.83 ->   56.60  10.77s grezzi  ~ 16.5 car/s
  s07    56.60 ->   68.36  11.76s grezzi  ~ 16.4 car/s
  s08    68.36 ->   79.74  11.38s grezzi  ~ 18.6 car/s
  s09    79.74 ->   93.88  14.14s grezzi  ~ 16.8 car/s
  s10    93.88 ->  103.89  10.01s grezzi  ~ 18.2 car/s
  s11   103.89 ->  115.18  11.30s grezzi  ~ 17.1 car/s
  s12   115.18 ->  128.63  13.45s grezzi  ~ 16.9 car/s
  s13   128.63 ->  140.68  12.05s grezzi  ~ 18.4 car/s
  s14   140.68 ->  152.72  12.03s grezzi  ~ 16.3 car/s
  s15   152.72 ->  157.77   5.05s grezzi  ~ 15.4 car/s
  s16   157.77 ->  168.99  11.22s grezzi  ~ 18.0 car/s
  s17   168.99 ->  178.54   9.55s grezzi  ~ 20.3 car/s
  s18   178.54 ->  191.57  13.03s grezzi  ~ 19.0 car/s
  s19   191.57 ->  202.05  10.48s grezzi  ~ 19.7 car/s
  s20   202.05 ->  212.15  10.10s grezzi  ~ 19.8 car/s
  s21   212.15 ->  223.36  11.22s grezzi  ~ 20.2 car/s
  s22   223.36 ->  237.39  14.02s grezzi  ~ 18.5 car/s
  s23   237.39 ->  246.68   9.30s grezzi  ~ 21.0 car/s
  s24   246.68 ->  259.38  12.70s grezzi  ~ 17.5 car/s
  s25   259.38 ->  262.96   3.58s grezzi  ~ 21.1 car/s   <-- FUORI FASCIA
  [93 pezzi di testo · 102 spezzoni di audio · 16.4 car/s grezzi · pausa minima 0.12 s · 0 fuori fascia]

traccia B  289.36 s grezzi  ·  24 blocchi
  s26     0.00 ->   13.21  13.21s grezzi  ~ 17.6 car/s
  s27    13.21 ->   26.23  13.02s grezzi  ~ 17.9 car/s
  s28    26.23 ->   35.11   8.88s grezzi  ~ 19.6 car/s
  s29    35.11 ->   45.25  10.13s grezzi  ~ 17.7 car/s
  s30    45.25 ->   59.73  14.49s grezzi  ~ 15.1 car/s
  s31    59.73 ->   71.73  11.99s grezzi  ~ 17.0 car/s
  s32    71.73 ->   85.26  13.53s grezzi  ~ 15.4 car/s
  s33    85.26 ->   97.02  11.76s grezzi  ~ 16.5 car/s
  s34    97.02 ->  102.48   5.46s grezzi  ~ 13.8 car/s
  s35   102.48 ->  114.51  12.03s grezzi  ~ 17.2 car/s
  s36   114.51 ->  127.64  13.13s grezzi  ~ 17.8 car/s
  s37   127.64 ->  139.16  11.52s grezzi  ~ 17.6 car/s
  s38   139.16 ->  150.57  11.41s grezzi  ~ 17.7 car/s
  s39   150.57 ->  165.28  14.71s grezzi  ~ 17.9 car/s
  s40   165.28 ->  179.07  13.80s grezzi  ~ 18.0 car/s
  s41   179.07 ->  191.26  12.19s grezzi  ~ 18.2 car/s
  s42   191.26 ->  203.91  12.65s grezzi  ~ 18.4 car/s
  s43   203.91 ->  215.80  11.89s grezzi  ~ 17.4 car/s
  s44   215.80 ->  219.88   4.08s grezzi  ~ 16.2 car/s
  s45   219.88 ->  237.34  17.46s grezzi  ~ 16.1 car/s
  s46   237.34 ->  251.95  14.61s grezzi  ~ 16.5 car/s
  s47   251.95 ->  263.51  11.56s grezzi  ~ 16.2 car/s
  s48   263.51 ->  274.67  11.16s grezzi  ~ 16.7 car/s
  s49   274.67 ->  289.36  14.69s grezzi  ~ 16.0 car/s

fuori fascia: 1
prova.mp3: 46 spezzoni, 188.6 s — 1,6 s prima di ogni taglio, separati da 2.5 s di silenzio
