  s02  audio  10.66s  scena  10.68s  scarto   20 ms
  s03  audio   8.68s  scena   8.68s  scarto    0 ms
  s04  audio   4.61s  scena   4.60s  scarto   10 ms
  s05  audio  11.40s  scena  11.40s  scarto    0 ms
  s06  audio  11.31s  scena  11.32s  scarto   10 ms
  s07  audio   9.42s  scena   9.42s  scarto    0 ms
  s08  audio  10.21s  scena  10.20s  scarto   10 ms
  s09  audio  12.60s  scena  12.60s  scarto    0 ms
  s10  audio   9.93s  scena   9.92s  scarto   10 ms
  s11  audio   9.41s  scena   9.40s  scarto   10 ms
  s12  audio   9.13s  scena   9.12s  scarto   10 ms
  s13  audio   9.72s  scena   9.72s  scarto    0 ms
  s14  audio  10.03s  scena  10.03s  scarto    0 ms
  s15  audio   4.60s  scena   4.60s  scarto    0 ms
  s16  audio  10.61s  scena  10.60s  scarto   10 ms
  s17  audio  10.65s  scena  10.64s  scarto   10 ms
  s18  audio  11.25s  scena  11.24s  scarto   10 ms
  s19  audio  11.40s  scena  11.40s  scarto    0 ms
  s20  audio   8.78s  scena   8.80s  scarto   20 ms
  s21  audio   8.67s  scena   8.68s  scarto   10 ms
  s22  audio  10.20s  scena  10.20s  scarto    0 ms
  s23  audio   4.60s  scena   4.60s  scarto    0 ms
  s24  audio  12.18s  scena  12.19s  scarto   10 ms
  s25  audio  10.39s  scena  10.40s  scarto   10 ms
  s26  audio  10.37s  scena  10.36s  scarto   10 ms
  s27  audio   9.68s  scena   9.68s  scarto    0 ms
  s28  audio   9.02s  scena   9.03s  scarto   10 ms
  s29  audio   8.57s  scena   8.56s  scarto   10 ms
  s30  audio  10.98s  scena  10.98s  scarto    0 ms
  s31  audio   9.00s  scena   9.00s  scarto    0 ms
  s32  audio  10.53s  scena  10.52s  scarto   10 ms
  s33  audio   8.69s  scena   8.68s  scarto   10 ms
  s34  audio   4.60s  scena   4.60s  scarto    0 ms
  s35  audio  10.54s  scena  10.54s  scarto    0 ms
  s36  audio   8.46s  scena   8.47s  scarto   10 ms
  s37  audio  11.58s  scena  11.58s  scarto    0 ms
  s38  audio   9.21s  scena   9.20s  scarto   10 ms
  s39  audio  10.98s  scena  10.98s  scarto    0 ms
  s40  audio   8.87s  scena   8.87s  scarto    0 ms
  s41  audio   7.95s  scena   7.96s  scarto   10 ms
  s42  audio   4.60s  scena   4.60s  scarto    0 ms
  s43  audio  11.74s  scena  11.74s  scarto    0 ms
  s44  audio  13.28s  scena  13.28s  scarto    0 ms
  s45  audio  11.56s  scena  11.56s  scarto    0 ms
  s46  audio   7.27s  scena   7.28s  scarto   10 ms
  s47  audio   8.92s  scena   8.92s  scarto    0 ms

48 scene · parlato 436.8 s · con copertina 3 s e chiusura 10 s → 7:29.8
scarto massimo audio/video: 20 ms su s20
montato-7.6.mp4  7:30.16  15 MB
montato-7.6.srt  46 sottotitoli
:0[0x1](und): Video: h264 (High) (avc1 / 0x31637661), yuv420p(progressive), 1920x1080, 138 kb/s, 24.99 fps, 25 tbr, 12800 tbn (default)
      Metadata
CONTROLLI PRIMA DI CONSEGNARE (MASTER §6)

  [OK  ] verifica per trascrizione (traccia intera): 98.5% delle parole coincide, buchi nel parlato: 0
  [OK  ] fascia 8.5-21 car/s: tutti dentro
  [OK  ] PNG renderizzati e guardati: 48 su 48 scene (tetto 50)
  [OK  ] nessuna slide sfora la cornice: 0 sforano
  [OK  ] scene totali: 48 (tetto 50)
  [OK  ] durata 7:30.16 — chiesti 7:01.00
  [OK  ] sottotitoli SRT: 46 righe su 46 blocchi
  [NO  ] registro con la sezione «da verificare»

7/8 superati
FATTO
