  s02  audio  13.18s  scena  13.18s  scarto    0 ms
  s03  audio   8.63s  scena   8.63s  scarto    0 ms
  s04  audio   4.63s  scena   4.64s  scarto   10 ms
  s05  audio  12.28s  scena  12.28s  scarto    0 ms
  s06  audio  10.40s  scena  10.40s  scarto    0 ms
  s07  audio   8.88s  scena   8.88s  scarto    0 ms
  s08  audio   9.36s  scena   9.36s  scarto    0 ms
  s09  audio  11.17s  scena  11.16s  scarto   10 ms
  s10  audio  10.17s  scena  10.16s  scarto   10 ms
  s11  audio   9.67s  scena   9.68s  scarto   10 ms
  s12  audio   9.45s  scena   9.44s  scarto   10 ms
  s13  audio  10.20s  scena  10.20s  scarto    0 ms
  s14  audio   8.29s  scena   8.28s  scarto   10 ms
  s15  audio   4.60s  scena   4.60s  scarto    0 ms
  s16  audio  10.34s  scena  10.35s  scarto   10 ms
  s17  audio  10.12s  scena  10.12s  scarto    0 ms
  s18  audio  10.02s  scena  10.03s  scarto   10 ms
  s19  audio  10.34s  scena  10.35s  scarto   10 ms
  s20  audio  11.72s  scena  11.72s  scarto    0 ms
  s21  audio  11.28s  scena  11.28s  scarto    0 ms
  s22  audio   8.11s  scena   8.12s  scarto   10 ms
  s23  audio  10.47s  scena  10.47s  scarto    0 ms
  s24  audio   4.60s  scena   4.60s  scarto    0 ms
  s25  audio  11.25s  scena  11.24s  scarto   10 ms
  s26  audio   9.21s  scena   9.20s  scarto   10 ms
  s27  audio   8.51s  scena   8.52s  scarto   10 ms
  s28  audio  10.01s  scena  10.00s  scarto   10 ms
  s29  audio  10.42s  scena  10.42s  scarto    0 ms
  s30  audio   9.69s  scena   9.68s  scarto   10 ms
  s31  audio   8.33s  scena   8.32s  scarto   10 ms
  s32  audio   9.52s  scena   9.52s  scarto    0 ms
  s33  audio   9.85s  scena   9.84s  scarto   10 ms
  s34  audio   4.60s  scena   4.60s  scarto    0 ms
  s35  audio   7.34s  scena   7.36s  scarto   20 ms
  s36  audio   9.45s  scena   9.44s  scarto   10 ms
  s37  audio   9.99s  scena  10.00s  scarto   10 ms
  s38  audio   7.59s  scena   7.59s  scarto    0 ms
  s39  audio   9.62s  scena   9.63s  scarto   10 ms
  s40  audio  10.69s  scena  10.68s  scarto   10 ms
  s41  audio   8.69s  scena   8.68s  scarto   10 ms
  s42  audio   9.14s  scena   9.14s  scarto    0 ms
  s43  audio   9.65s  scena   9.64s  scarto   10 ms
  s44  audio   4.60s  scena   4.60s  scarto    0 ms
  s45  audio   9.99s  scena  10.00s  scarto   10 ms
  s46  audio   9.56s  scena   9.56s  scarto    0 ms
  s47  audio   9.78s  scena   9.79s  scarto   10 ms
  s48  audio   8.43s  scena   8.44s  scarto   10 ms
  s49  audio   9.60s  scena   9.60s  scarto    0 ms

50 scene · parlato 443.4 s · con copertina 3 s e chiusura 10 s → 7:36.4
scarto massimo audio/video: 20 ms su s35
montato-9.6.mp4  7:36.72  15 MB
montato-9.6.srt  48 sottotitoli
:0[0x1](und): Video: h264 (High) (avc1 / 0x31637661), yuv420p(progressive), 1920x1080, 132 kb/s, 24.99 fps, 25 tbr, 12800 tbn (default)
      Metadata
CONTROLLI PRIMA DI CONSEGNARE (MASTER §6)

  [OK  ] verifica per trascrizione (traccia intera): 100.0% delle parole coincide, buchi nel parlato: 0
  [OK  ] fascia 8.5-21 car/s: tutti dentro
  [OK  ] PNG renderizzati e guardati: 50 su 50 scene (tetto 50)
  [OK  ] nessuna slide sfora la cornice: 0 sforano
  [OK  ] scene totali: 50 (tetto 50)
  [OK  ] durata 7:36.72 — chiesti 7:01.00
  [OK  ] sottotitoli SRT: 48 righe su 48 blocchi
  [NO  ] registro con la sezione «da verificare»

7/8 superati
FATTO
