  [100 pezzi di testo · 88 spezzoni di audio · 16.2 car/s grezzi · pausa minima 0.18 s · 1 fuori fascia]

traccia A  272.64 s grezzi  ·  23 blocchi
  s02     0.00 ->   10.35  10.35s grezzi  ~ 21.2 car/s   <-- FUORI FASCIA
  s03    10.35 ->   23.69  13.34s grezzi  ~ 16.9 car/s
  s04    23.69 ->   28.75   5.05s grezzi  ~ 16.2 car/s
  s05    28.75 ->   43.43  14.68s grezzi  ~ 17.0 car/s
  s06    43.43 ->   59.55  16.12s grezzi  ~ 18.1 car/s
  s07    59.55 ->   71.61  12.06s grezzi  ~ 18.3 car/s
  s08    71.61 ->   81.03   9.42s grezzi  ~ 19.7 car/s
  s09    81.03 ->   92.95  11.92s grezzi  ~ 16.7 car/s
  s10    92.95 ->  107.41  14.46s grezzi  ~ 16.8 car/s
  s11   107.41 ->  120.20  12.79s grezzi  ~ 17.8 car/s
  s12   120.20 ->  132.23  12.03s grezzi  ~ 18.3 car/s
  s13   132.23 ->  147.61  15.38s grezzi  ~ 16.2 car/s
  s14   147.61 ->  158.61  11.00s grezzi  ~ 17.5 car/s
  s15   158.61 ->  164.93   6.32s grezzi  ~ 12.1 car/s
  s16   164.93 ->  180.15  15.22s grezzi  ~ 15.7 car/s
  s17   180.15 ->  191.76  11.61s grezzi  ~ 16.7 car/s
  s18   191.76 ->  205.78  14.03s grezzi  ~ 15.1 car/s
  s19   205.78 ->  217.92  12.13s grezzi  ~ 18.0 car/s
  s20   217.92 ->  230.87  12.96s grezzi  ~ 16.8 car/s
  s21   230.87 ->  242.98  12.10s grezzi  ~ 18.4 car/s
  s22   242.98 ->  255.86  12.88s grezzi  ~ 17.3 car/s
  s23   255.86 ->  268.10  12.25s grezzi  ~ 17.5 car/s
  s24   268.10 ->  272.64   4.54s grezzi  ~ 15.8 car/s
  [94 pezzi di testo · 87 spezzoni di audio · 16.1 car/s grezzi · pausa minima 0.18 s · 0 fuori fascia]

traccia B  287.76 s grezzi  ·  24 blocchi
  s25     0.00 ->   12.85  12.85s grezzi  ~ 18.8 car/s
  s26    12.85 ->   25.87  13.02s grezzi  ~ 18.1 car/s
  s27    25.87 ->   38.70  12.83s grezzi  ~ 16.3 car/s
  s28    38.70 ->   50.96  12.26s grezzi  ~ 18.7 car/s
  s29    50.96 ->   63.59  12.63s grezzi  ~ 16.4 car/s
  s30    63.59 ->   76.38  12.80s grezzi  ~ 18.8 car/s
  s31    76.38 ->   88.46  12.08s grezzi  ~ 18.1 car/s
  s32    88.46 ->  101.11  12.64s grezzi  ~ 17.4 car/s
  s33   101.11 ->  113.78  12.68s grezzi  ~ 15.9 car/s
  s34   113.78 ->  119.61   5.83s grezzi  ~ 12.5 car/s
  s35   119.61 ->  132.93  13.31s grezzi  ~ 19.0 car/s
  s36   132.93 ->  146.19  13.26s grezzi  ~ 16.5 car/s
  s37   146.19 ->  159.88  13.69s grezzi  ~ 17.6 car/s
  s38   159.88 ->  172.60  12.72s grezzi  ~ 17.6 car/s
  s39   172.60 ->  184.08  11.48s grezzi  ~ 18.2 car/s
  s40   184.08 ->  196.99  12.91s grezzi  ~ 16.3 car/s
  s41   196.99 ->  210.50  13.51s grezzi  ~ 16.4 car/s
  s42   210.50 ->  221.15  10.65s grezzi  ~ 17.0 car/s
  s43   221.15 ->  225.69   4.54s grezzi  ~ 14.9 car/s
  s44   225.69 ->  239.17  13.49s grezzi  ~ 16.5 car/s
  s45   239.17 ->  251.57  12.39s grezzi  ~ 13.6 car/s
  s46   251.57 ->  264.62  13.06s grezzi  ~ 16.3 car/s
  s47   264.62 ->  276.10  11.48s grezzi  ~ 17.2 car/s
  s48   276.10 ->  287.76  11.66s grezzi  ~ 16.4 car/s

fuori fascia: 1
prova.mp3: 45 spezzoni, 184.5 s — 1,6 s prima di ogni taglio, separati da 2.5 s di silenzio
