  [102 pezzi di testo · 126 spezzoni di audio · 17.0 car/s grezzi · pausa minima 0.22 s · 0 fuori fascia]

traccia A  333.28 s grezzi  ·  26 blocchi
  s02     0.00 ->   14.20  14.20s grezzi  ~ 18.3 car/s
  s03    14.20 ->   30.87  16.67s grezzi  ~ 13.6 car/s
  s04    30.87 ->   43.18  12.31s grezzi  ~ 15.7 car/s
  s05    43.18 ->   57.59  14.41s grezzi  ~ 14.6 car/s
  s06    57.59 ->   71.47  13.88s grezzi  ~ 13.9 car/s
  s07    71.47 ->   82.88  11.41s grezzi  ~ 17.5 car/s
  s08    82.88 ->   95.02  12.14s grezzi  ~ 16.8 car/s
  s09    95.02 ->  109.73  14.71s grezzi  ~ 18.2 car/s
  s10   109.73 ->  122.86  13.13s grezzi  ~ 16.7 car/s
  s11   122.86 ->  133.89  11.04s grezzi  ~ 17.3 car/s
  s12   133.89 ->  146.70  12.81s grezzi  ~ 15.9 car/s
  s13   146.70 ->  158.48  11.78s grezzi  ~ 18.5 car/s
  s14   158.48 ->  170.68  12.19s grezzi  ~ 16.8 car/s
  s15   170.68 ->  187.18  16.50s grezzi  ~ 15.0 car/s
  s16   187.18 ->  196.41   9.23s grezzi  ~ 15.5 car/s
  s17   196.41 ->  215.79  19.38s grezzi  ~ 14.2 car/s
  s18   215.79 ->  228.15  12.36s grezzi  ~ 19.9 car/s
  s19   228.15 ->  238.52  10.37s grezzi  ~ 17.7 car/s
  s20   238.52 ->  247.31   8.79s grezzi  ~ 19.1 car/s
  s21   247.31 ->  260.10  12.80s grezzi  ~ 18.4 car/s
  s22   260.10 ->  272.78  12.68s grezzi  ~ 18.0 car/s
  s23   272.78 ->  285.60  12.81s grezzi  ~ 14.7 car/s
  s24   285.60 ->  298.65  13.06s grezzi  ~ 20.1 car/s
  s25   298.65 ->  310.34  11.69s grezzi  ~ 20.5 car/s
  s26   310.34 ->  320.18   9.84s grezzi  ~ 19.4 car/s
  s27   320.18 ->  333.28  13.10s grezzi  ~ 17.9 car/s
  [76 pezzi di testo · 69 spezzoni di audio · 15.9 car/s grezzi · pausa minima 0.22 s · 0 fuori fascia]

traccia B  230.56 s grezzi  ·  17 blocchi
  s28     0.00 ->   12.71  12.71s grezzi  ~ 16.7 car/s
  s29    12.71 ->   29.40  16.69s grezzi  ~ 14.7 car/s
  s30    29.40 ->   44.21  14.81s grezzi  ~ 15.0 car/s
  s31    44.21 ->   59.25  15.05s grezzi  ~ 17.8 car/s
  s32    59.25 ->   70.03  10.78s grezzi  ~ 17.1 car/s
  s33    70.03 ->   83.09  13.06s grezzi  ~ 16.9 car/s
  s34    83.09 ->   97.88  14.79s grezzi  ~ 16.2 car/s
  s35    97.88 ->  111.57  13.69s grezzi  ~ 16.9 car/s
  s36   111.57 ->  123.20  11.63s grezzi  ~ 19.0 car/s
  s37   123.20 ->  135.29  12.10s grezzi  ~ 18.3 car/s
  s38   135.29 ->  146.35  11.06s grezzi  ~ 17.1 car/s
  s39   146.35 ->  159.60  13.25s grezzi  ~ 16.0 car/s
  s40   159.60 ->  176.16  16.56s grezzi  ~ 16.5 car/s
  s41   176.16 ->  188.93  12.77s grezzi  ~ 17.6 car/s
  s42   188.93 ->  202.25  13.32s grezzi  ~ 16.9 car/s
  s43   202.25 ->  214.99  12.75s grezzi  ~ 18.4 car/s
  s44   214.99 ->  230.56  15.57s grezzi  ~ 15.9 car/s

fuori fascia: 0
prova.mp3: 41 spezzoni, 168.1 s — 1,6 s prima di ogni taglio, separati da 2.5 s di silenzio
